01-08 15:34:55.227   866   866 E CLD80211: /vendor/bin/hw/android.hardware.wifi@1.0-service: Could not resolve cld80211 familty id
01-08 15:34:55.228   866   866 E WifiHAL : acquire_driver_supported_features: requestResponse Error:-3
01-08 15:34:55.229   866   866 I WifiHAL : Failed to get vendor feature set : -1
01-08 15:34:55.229   866   866 E WifiHAL : get_firmware_bus_max_size_supported: requestResponse Error:-3
01-08 15:34:55.229   866   866 E WifiHAL : Failed to get supported bus size, error : -3
01-08 15:34:55.229   866   866 E WifiHAL : wifi_logger_ring_buffers_init: Ring buffer logging feature not supported 0
01-08 15:34:55.229   866   866 E WifiHAL : Wifi Logger Ring Initialization Failed
01-08 15:34:55.238  3329  3329 I ServiceManager: Waiting for service 'media.camera' on '/dev/binder'...
01-08 15:34:55.240   866   866 E WifiHAL : wifiParseCapabilities: QCA_WLAN_VENDOR_ATTR_GSCAN_RESULTS_CAPABILITIES_MAX_NUM_EPNO_NETS not found. Set to 0.
01-08 15:34:55.240   866   866 E WifiHAL : wifiParseCapabilities: QCA_WLAN_VENDOR_ATTR_GSCAN_RESULTS_CAPABILITIES_MAX_NUM_EPNO_NETS_BY_SSID not found. Set to 0.
01-08 15:34:55.240   866   866 E WifiHAL : wifiParseCapabilities: QCA_WLAN_VENDOR_ATTR_GSCAN_RESULTS_CAPABILITIES_MAX_NUM_WHITELISTED_SSID not found. Set to 0.
01-08 15:34:55.240   866   866 E WifiHAL : wifiParseCapabilities: QCA_WLAN_VENDOR_ATTR_GSCAN_RESULTS_CAPABILITIES_MAX_NUM_BLACKLIST_BSSID not found. Set to 0.
01-08 15:34:55.241   866   866 I android.hardware.wifi@1.0-service: Adding interface handle for wlan0
01-08 15:34:55.241   866   866 I android.hardware.wifi@1.0-service: Adding interface handle for p2p0
01-08 15:34:55.241   866   866 I android.hardware.wifi@1.0-service: Configured chip in mode 0
01-08 15:34:55.246  1195  1772 I chatty  : uid=1000(system) WifiP2pService expire 16 lines
01-08 15:34:55.251   866   866 I WifiHAL : mpdu_size_threshold : 128, aggressive_statistics_gathering : 0
01-08 15:34:55.251   866   866 E WifiHAL : Handle different, update the handle
01-08 15:34:55.253  3679  3679 I wificond: create scanner for interface with index: 56
01-08 15:34:55.254  3679  3679 I wificond: subscribe scan result for interface with index: 56
01-08 15:34:55.254  3679  3679 E wificond: No Offload Service available
01-08 15:34:55.254  3679  3679 I wificond: Offload HAL not supported 
01-08 15:34:55.277   685   685 W /vendor/bin/hw/android.hardware.keymaster@3.0-service: Not performing software digesting for symmetric cipher keys
01-08 15:34:55.292   685   685 I chatty  : uid=1000(system) keymaster@3.0-s identical 8 lines
01-08 15:34:55.292   685   685 W /vendor/bin/hw/android.hardware.keymaster@3.0-service: Not performing software digesting for symmetric cipher keys
01-08 15:34:55.307   685   685 W /vendor/bin/hw/android.hardware.keymaster@3.0-service: Not performing software digesting for symmetric cipher keys
01-08 15:34:55.322   685   685 W /vendor/bin/hw/android.hardware.keymaster@3.0-service: Not performing software digesting for symmetric cipher keys
01-08 15:34:55.342   685   685 W /vendor/bin/hw/android.hardware.keymaster@3.0-service: Not performing software digesting for symmetric cipher keys
01-08 15:34:55.357   685   685 W /vendor/bin/hw/android.hardware.keymaster@3.0-service: Not performing software digesting for symmetric cipher keys
01-08 15:34:55.372  1195  1773 I chatty  : uid=1000(system) WifiScanningSer expire 4 lines
01-08 15:34:55.417  2236  3791 I chatty  : uid=1000(system) com.android.settings expire 2 lines
01-08 15:34:55.478  1913  1913 D InterruptionStateProvider: No heads up: unimportant notification: 0|android|43|null|1000
01-08 15:34:56.046  1913  1913 I KeyButtonView: Back button event: ACTION_DOWN
01-08 15:34:56.050   812   812 E VibratorService: Setting amplitude  to: 1856
01-08 15:34:56.142  3134  3134 W ServiceManagement: Waited one second for android.hardware.radio@1.2::IRadio/slot1
01-08 15:34:56.143  3134  3134 I ServiceManagement: getService: Trying again for android.hardware.radio@1.2::IRadio/slot1...
01-08 15:34:56.148   807   807 I chatty  : uid=1000(system) power@1.0-servi expire 68 lines
01-08 15:34:56.151  1913  1913 I KeyButtonView: Back button event: ACTION_UP
01-08 15:34:56.153  1195  1243 D AutofillManagerService: onBackKeyPressed()
01-08 15:34:56.188  1195  1242 I chatty  : uid=1000(system) android.fg expire 15 lines
01-08 15:34:56.214  1195  2090 D ConnectivityService: requestNetwork for uid/pid:1000/2236 NetworkRequest [ TRACK_DEFAULT id=26, [ Capabilities: INTERNET&NOT_RESTRICTED&TRUSTED Uid: 1000] ]
01-08 15:34:56.215  1195  1801 I chatty  : uid=1000(system) EthernetService expire 21 lines
01-08 15:34:56.239  3329  3329 I ServiceManager: Waiting for service 'media.camera' on '/dev/binder'...
01-08 15:34:57.054  1913  1913 I KeyButtonView: Back button event: ACTION_DOWN
01-08 15:34:57.058   812   812 E VibratorService: Setting amplitude  to: 1856
01-08 15:34:57.140  1913  1913 I KeyButtonView: Back button event: ACTION_UP
01-08 15:34:57.144  1195  1243 D AutofillManagerService: onBackKeyPressed()
01-08 15:34:57.144  3134  3134 W ServiceManagement: Waited one second for android.hardware.radio@1.2::IRadio/slot1
01-08 15:34:57.145  3134  3134 I ServiceManagement: getService: Trying again for android.hardware.radio@1.2::IRadio/slot1...
01-08 15:34:57.215  2236  2236 I chatty  : uid=1000(system) com.android.settings expire 25 lines
01-08 15:34:57.225  1195  1260 E BatteryExternalStatsWorker: no controller energy info supplied for bluetooth
01-08 15:34:57.225  1195  1260 E BatteryExternalStatsWorker: no controller energy info supplied for telephony
01-08 15:34:57.239  3329  3329 I ServiceManager: Waiting for service 'media.camera' on '/dev/binder'...
01-08 15:34:57.242  1195  1260 E BatteryExternalStatsWorker: no controller energy info supplied for bluetooth
01-08 15:34:57.242  1195  1260 E BatteryExternalStatsWorker: no controller energy info supplied for telephony
01-08 15:34:57.290  2863  2883 D SuggestionParser: Day 0 for com.android.settings.suggested.category.DEFERRED_SETUP
01-08 15:34:57.291  2863  2883 D CandidateSuggestionFilter: filterCandidates duration: 0
01-08 15:34:57.291  2863  2883 D SuggestionParser: Day 0 for com.android.settings.suggested.category.HIGH_PRIORITY
01-08 15:34:57.291  2863  2883 D CandidateSuggestionFilter: filterCandidates duration: 0
01-08 15:34:57.291  2863  2883 D SuggestionParser: Day 0 for com.android.settings.suggested.category.FIRST_IMPRESSION
01-08 15:34:57.315  2236  2266 I chatty  : uid=1000(system) Binder:2236_2 expire 3 lines
01-08 15:34:57.316  2863  2895 D CandidateSuggestionFilter: Suggestion state result Bundle[{candidate_is_complete=true}]
01-08 15:34:57.316  2863  2883 D CandidateSuggestionFilter: filterCandidates duration: 7
01-08 15:34:57.318  2863  2883 D CandidateSuggestionFilter: filterCandidates duration: 0
01-08 15:34:57.328  2863  2883 I chatty  : uid=10093(u0_a93) Binder:2863_1 identical 11 lines
01-08 15:34:57.328  2863  2883 D CandidateSuggestionFilter: filterCandidates duration: 0
01-08 15:34:57.335  1195  1260 E BatteryExternalStatsWorker: no controller energy info supplied for bluetooth
01-08 15:34:57.335  1195  1260 E BatteryExternalStatsWorker: no controller energy info supplied for telephony
01-08 15:34:57.703  1195  1774 D ConnectivityService: releasing NetworkRequest [ TRACK_DEFAULT id=26, [ Capabilities: INTERNET&NOT_RESTRICTED&TRUSTED Uid: 1000] ] (release request)
01-08 15:34:58.145  3134  3134 W ServiceManagement: Waited one second for android.hardware.radio@1.2::IRadio/slot1
01-08 15:34:58.147  3134  3134 I ServiceManagement: getService: Trying again for android.hardware.radio@1.2::IRadio/slot1...
01-08 15:34:58.240  3329  3329 I ServiceManager: Waiting for service 'media.camera' on '/dev/binder'...
01-08 15:34:59.109  1195  2132 I ActivityTaskManager: START u0 {act=android.intent.action.MAIN cmp=com.android.settings/.SubSettings (has extras)} from uid 1000
01-08 15:34:59.147  3134  3134 W ServiceManagement: Waited one second for android.hardware.radio@1.2::IRadio/slot1
01-08 15:34:59.148  3134  3134 I ServiceManagement: getService: Trying again for android.hardware.radio@1.2::IRadio/slot1...
01-08 15:34:59.243  3329  3329 I ServiceManager: Waiting for service 'media.camera' on '/dev/binder'...
01-08 15:34:59.303  1195  1256 W BroadcastQueue: Permission Denial: broadcasting Intent { act=android.net.wifi.STATE_CHANGE flg=0x4000010 (has extras) } from null (pid=-1, uid=-1) requires android.permission.CHANGE_NETWORK_STATE due to registered receiver BroadcastFilter{d79cd3a 1000/u0 ReceiverList{7d3dc65 2236 com.android.settings/1000/u0 remote:95b515c}}
01-08 15:34:59.303  1195  1256 W BroadcastQueue: Permission Denial: broadcasting Intent { act=android.net.wifi.STATE_CHANGE flg=0x4000010 (has extras) } from null (pid=-1, uid=-1) requires android.permission.CHANGE_NETWORK_STATE due to registered receiver BroadcastFilter{62ad9e1 1000/u0 ReceiverList{2fa2748 2236 com.android.settings/1000/u0 remote:e403deb}}
01-08 15:34:59.334  2236  3804 I chatty  : uid=1000(system) com.android.settings expire 1 line
01-08 15:35:00.012  1913  1913 D KeyguardClockSwitch: Updating clock: 335
01-08 15:35:00.019  1195  2497 E TaskPersister: File error accessing recents directory (directory doesn't exist?).
01-08 15:35:00.148  3134  3134 W ServiceManagement: Waited one second for android.hardware.radio@1.2::IRadio/slot1
01-08 15:35:00.149  3134  3134 I ServiceManagement: getService: Trying again for android.hardware.radio@1.2::IRadio/slot1...
01-08 15:35:00.249  3329  3329 W ServiceManager: Service media.camera didn't start. Returning NULL
01-08 15:35:00.249  3329  3329 W CameraBase: CameraService not published, waiting...
01-08 15:35:00.750  3329  3329 I ServiceManager: Waiting for service 'media.camera' on '/dev/binder'...
01-08 15:35:01.150  3134  3134 W ServiceManagement: Waited one second for android.hardware.radio@1.2::IRadio/slot1
01-08 15:35:01.151  3134  3134 I ServiceManagement: getService: Trying again for android.hardware.radio@1.2::IRadio/slot1...
01-08 15:35:01.672   827   827 I vendor.rmt_storage: rmt_storage_connect_cb: clnt_h=0x9 conn_h=0x7e39605020
01-08 15:35:01.672   827   827 I vendor.rmt_storage: rmt_storage_rw_iovec_cb: /boot/modem_fs2: req_h=0x9 msg_id=3: R/W request received
01-08 15:35:01.673   827   827 I vendor.rmt_storage: wakelock acquired: 1, error no: 42
01-08 15:35:01.673   827  1252 I vendor.rmt_storage: rmt_storage_client_thread: /boot/modem_fs2: Unblock worker thread (th_id: 542104874320)
01-08 15:35:01.753  3329  3329 I ServiceManager: Waiting for service 'media.camera' on '/dev/binder'...
01-08 15:35:01.776   827  1252 I vendor.rmt_storage: rmt_storage_client_thread: /boot/modem_fs2: req_h=0x9 msg_id=3: Bytes written = 1572864
01-08 15:35:01.776   827  1252 I vendor.rmt_storage: rmt_storage_client_thread: /boot/modem_fs2: req_h=0x9 msg_id=3: Send response: res=0 err=0
01-08 15:35:01.777   827  1252 I vendor.rmt_storage: rmt_storage_client_thread: /boot/modem_fs2: About to block rmt_storage client thread (th_id: 542104874320) wakelock released: 1, error no: 0
01-08 15:35:01.777   827  1252 I vendor.rmt_storage: 
01-08 15:35:01.779   827   827 I vendor.rmt_storage: rmt_storage_disconnect_cb: clnt_h=0x9 conn_h=0x7e39605020
01-08 15:35:02.152  3134  3134 W ServiceManagement: Waited one second for android.hardware.radio@1.2::IRadio/slot1
01-08 15:35:02.152  3134  3134 I ServiceManagement: getService: Trying again for android.hardware.radio@1.2::IRadio/slot1...
01-08 15:35:02.214   876   964 I chatty  : uid=0(root) te-mgr-msm_ther expire 97 lines
01-08 15:35:02.251   792   792 I chatty  : uid=1041(audioserver) audio@2.0-servi expire 16 lines
01-08 15:35:02.754  3329  3329 I ServiceManager: Waiting for service 'media.camera' on '/dev/binder'...
01-08 15:35:03.153  3134  3134 W ServiceManagement: Waited one second for android.hardware.radio@1.2::IRadio/slot1
01-08 15:35:03.154  3134  3134 I ServiceManagement: getService: Trying again for android.hardware.radio@1.2::IRadio/slot1...
01-08 15:35:03.755  3329  3329 I ServiceManager: Waiting for service 'media.camera' on '/dev/binder'...
01-08 15:35:04.154  3134  3134 W ServiceManagement: Waited one second for android.hardware.radio@1.2::IRadio/slot1
01-08 15:35:04.155  3134  3134 I ServiceManagement: getService: Trying again for android.hardware.radio@1.2::IRadio/slot1...
01-08 15:35:04.569   792  2852 I chatty  : uid=1041(audioserver) writer expire 70 lines
01-08 15:35:04.757  3329  3329 I ServiceManager: Waiting for service 'media.camera' on '/dev/binder'...
01-08 15:35:05.156  3134  3134 W ServiceManagement: Waited one second for android.hardware.radio@1.2::IRadio/slot1
01-08 15:35:05.158  3134  3134 I ServiceManagement: getService: Trying again for android.hardware.radio@1.2::IRadio/slot1...
01-08 15:35:05.758  3329  3329 W ServiceManager: Service media.camera didn't start. Returning NULL
01-08 15:35:05.758  3329  3329 W CameraBase: CameraService not published, waiting...
01-08 15:35:06.065   781   781 I chatty  : uid=1047(cameraserver) /system/bin/cameraserver expire 22 lines
01-08 15:35:06.159  3134  3134 W ServiceManagement: Waited one second for android.hardware.radio@1.2::IRadio/slot1
01-08 15:35:06.160  3134  3134 I ServiceManagement: getService: Trying again for android.hardware.radio@1.2::IRadio/slot1...
01-08 15:35:06.259  3329  3329 I ServiceManager: Waiting for service 'media.camera' on '/dev/binder'...
01-08 15:35:06.520   807   807 I chatty  : uid=1000(system) power@1.0-servi expire 21 lines
01-08 15:35:07.160  3134  3134 W ServiceManagement: Waited one second for android.hardware.radio@1.2::IRadio/slot1
01-08 15:35:07.161  3134  3134 I ServiceManagement: getService: Trying again for android.hardware.radio@1.2::IRadio/slot1...
01-08 15:35:07.260  3329  3329 I ServiceManager: Waiting for service 'media.camera' on '/dev/binder'...
01-08 15:35:08.067  1195  1837 I chatty  : uid=1000(system) Binder:1195_3 expire 1 line
01-08 15:35:08.161  3134  3134 W ServiceManagement: Waited one second for android.hardware.radio@1.2::IRadio/slot1
01-08 15:35:08.162  3134  3134 I ServiceManagement: getService: Trying again for android.hardware.radio@1.2::IRadio/slot1...
01-08 15:35:08.262  3329  3329 I ServiceManager: Waiting for service 'media.camera' on '/dev/binder'...
01-08 15:35:09.163  3134  3134 W ServiceManagement: Waited one second for android.hardware.radio@1.2::IRadio/slot1
01-08 15:35:09.165  3134  3134 I ServiceManagement: getService: Trying again for android.hardware.radio@1.2::IRadio/slot1...
01-08 15:35:09.262  3329  3329 I ServiceManager: Waiting for service 'media.camera' on '/dev/binder'...
01-08 15:35:10.165  3134  3134 W ServiceManagement: Waited one second for android.hardware.radio@1.2::IRadio/slot1
01-08 15:35:10.168  3134  3134 I ServiceManagement: getService: Trying again for android.hardware.radio@1.2::IRadio/slot1...
01-08 15:35:10.192  1195  2089 I ActivityTaskManager: START u0 {act=android.intent.action.MAIN cmp=com.android.settings/.SubSettings (has extras)} from uid 1000
01-08 15:35:10.228  2236  2236 I chatty  : uid=1000(system) com.android.settings expire 16 lines
01-08 15:35:10.263  3329  3329 I ServiceManager: Waiting for service 'media.camera' on '/dev/binder'...
01-08 15:35:10.333  2236  3834 I chatty  : uid=1000(system) com.android.settings expire 1 line
01-08 15:35:11.169  3134  3134 W ServiceManagement: Waited one second for android.hardware.radio@1.2::IRadio/slot1
01-08 15:35:11.171  3134  3134 I ServiceManagement: getService: Trying again for android.hardware.radio@1.2::IRadio/slot1...
01-08 15:35:11.264  3329  3329 W ServiceManager: Service media.camera didn't start. Returning NULL
01-08 15:35:11.264  3329  3329 W CameraBase: CameraService not published, waiting...
01-08 15:35:11.765  3329  3329 I ServiceManager: Waiting for service 'media.camera' on '/dev/binder'...
01-08 15:35:12.172  3134  3134 W ServiceManagement: Waited one second for android.hardware.radio@1.2::IRadio/slot1
01-08 15:35:12.173  3134  3134 I ServiceManagement: getService: Trying again for android.hardware.radio@1.2::IRadio/slot1...
01-08 15:35:12.767  3329  3329 I ServiceManager: Waiting for service 'media.camera' on '/dev/binder'...
01-08 15:35:13.174  3134  3134 W ServiceManagement: Waited one second for android.hardware.radio@1.2::IRadio/slot1
01-08 15:35:13.176  3134  3134 I ServiceManagement: getService: Trying again for android.hardware.radio@1.2::IRadio/slot1...
01-08 15:35:13.770  3329  3329 I ServiceManager: Waiting for service 'media.camera' on '/dev/binder'...
01-08 15:35:13.784  1195  2497 E TaskPersister: File error accessing recents directory (directory doesn't exist?).
01-08 15:35:14.178  3134  3134 W ServiceManagement: Waited one second for android.hardware.radio@1.2::IRadio/slot1
01-08 15:35:14.180  3134  3134 I ServiceManagement: getService: Trying again for android.hardware.radio@1.2::IRadio/slot1...
01-08 15:35:14.771  3329  3329 I ServiceManager: Waiting for service 'media.camera' on '/dev/binder'...
01-08 15:35:15.183  3134  3134 W ServiceManagement: Waited one second for android.hardware.radio@1.2::IRadio/slot1
01-08 15:35:15.184  3134  3134 I ServiceManagement: getService: Trying again for android.hardware.radio@1.2::IRadio/slot1...
01-08 15:35:15.774  3329  3329 I ServiceManager: Waiting for service 'media.camera' on '/dev/binder'...
01-08 15:35:16.185  3134  3134 W ServiceManagement: Waited one second for android.hardware.radio@1.2::IRadio/slot1
01-08 15:35:16.186  3134  3134 I ServiceManagement: getService: Trying again for android.hardware.radio@1.2::IRadio/slot1...
01-08 15:35:16.776  3329  3329 W ServiceManager: Service media.camera didn't start. Returning NULL
01-08 15:35:16.777  3329  3329 W CameraBase: CameraService not published, waiting...
01-08 15:35:17.095   781   781 I chatty  : uid=1047(cameraserver) /system/bin/cameraserver expire 10 lines
01-08 15:35:17.188  3134  3134 W ServiceManagement: Waited one second for android.hardware.radio@1.2::IRadio/slot1
01-08 15:35:17.190  3134  3134 I ServiceManagement: getService: Trying again for android.hardware.radio@1.2::IRadio/slot1...
01-08 15:35:17.279  3329  3329 I ServiceManager: Waiting for service 'media.camera' on '/dev/binder'...
01-08 15:35:18.193  3134  3134 W ServiceManagement: Waited one second for android.hardware.radio@1.2::IRadio/slot1
01-08 15:35:18.194  3134  3134 I ServiceManagement: getService: Trying again for android.hardware.radio@1.2::IRadio/slot1...
01-08 15:35:18.258   876   964 I chatty  : uid=0(root) te-mgr-msm_ther expire 81 lines
01-08 15:35:18.282  3329  3329 I ServiceManager: Waiting for service 'media.camera' on '/dev/binder'...
01-08 15:35:18.694   807   807 I chatty  : uid=1000(system) power@1.0-servi expire 42 lines
01-08 15:35:18.699  1913  1913 I KeyButtonView: Back button event: ACTION_DOWN
01-08 15:35:18.702   812   812 E VibratorService: Setting amplitude  to: 1856
01-08 15:35:18.712   792  2852 I chatty  : uid=1041(audioserver) writer expire 148 lines
01-08 15:35:18.766  1913  1913 I KeyButtonView: Back button event: ACTION_UP
01-08 15:35:18.768  1195  1243 D AutofillManagerService: onBackKeyPressed()
01-08 15:35:18.816  1195  1256 W BroadcastQueue: Permission Denial: broadcasting Intent { act=android.net.wifi.STATE_CHANGE flg=0x4000010 (has extras) } from null (pid=-1, uid=-1) requires android.permission.CHANGE_NETWORK_STATE due to registered receiver BroadcastFilter{13e0c76 1000/u0 ReceiverList{4a8e311 2236 com.android.settings/1000/u0 remote:d2d738}}
01-08 15:35:18.818  1195  1256 W BroadcastQueue: Permission Denial: broadcasting Intent { act=android.net.wifi.STATE_CHANGE flg=0x4000010 (has extras) } from null (pid=-1, uid=-1) requires android.permission.CHANGE_NETWORK_STATE due to registered receiver BroadcastFilter{ea79f4d 1000/u0 ReceiverList{87a2ee4 2236 com.android.settings/1000/u0 remote:87b7277}}
01-08 15:35:18.855  2236  3851 I chatty  : uid=1000(system) com.android.settings expire 1 line
01-08 15:35:19.195  3134  3134 W ServiceManagement: Waited one second for android.hardware.radio@1.2::IRadio/slot1
01-08 15:35:19.196  3134  3134 I ServiceManagement: getService: Trying again for android.hardware.radio@1.2::IRadio/slot1...
01-08 15:35:19.282  3329  3329 I ServiceManager: Waiting for service 'media.camera' on '/dev/binder'...
01-08 15:35:20.196  3134  3134 W ServiceManagement: Waited one second for android.hardware.radio@1.2::IRadio/slot1
01-08 15:35:20.197  3134  3134 I ServiceManagement: getService: Trying again for android.hardware.radio@1.2::IRadio/slot1...
01-08 15:35:20.283  3329  3329 I ServiceManager: Waiting for service 'media.camera' on '/dev/binder'...
01-08 15:35:21.198  3134  3134 W ServiceManagement: Waited one second for android.hardware.radio@1.2::IRadio/slot1
01-08 15:35:21.199  3134  3134 I ServiceManagement: getService: Trying again for android.hardware.radio@1.2::IRadio/slot1...
01-08 15:35:21.284  3329  3329 I ServiceManager: Waiting for service 'media.camera' on '/dev/binder'...
01-08 15:35:21.857   876   957 I chatty  : uid=0(root) te-mgr-batt_the expire 12 lines
01-08 15:35:21.864   876   958 I chatty  : uid=0(root) te-mgr-chg_ther expire 12 lines
01-08 15:35:21.919   876   983 I chatty  : uid=0(root) te-mgr-FRONT_TE expire 50 lines
01-08 15:35:21.929   876   984 I chatty  : uid=0(root) te-mgr-BACK_TEM expire 75 lines
01-08 15:35:22.106   781   781 W ServiceManagement: Waited one second for android.hardware.camera.provider@2.4::ICameraProvider/legacy/0
01-08 15:35:22.107   781   781 I ServiceManagement: getService: Trying again for android.hardware.camera.provider@2.4::ICameraProvider/legacy/0...
01-08 15:35:22.200  3134  3134 W ServiceManagement: Waited one second for android.hardware.radio@1.2::IRadio/slot1
01-08 15:35:22.202  3134  3134 I ServiceManagement: getService: Trying again for android.hardware.radio@1.2::IRadio/slot1...
01-08 15:35:22.255   792   792 I chatty  : uid=1041(audioserver) audio@2.0-servi expire 16 lines
01-08 15:35:22.286  3329  3329 W ServiceManager: Service media.camera didn't start. Returning NULL
01-08 15:35:22.286  3329  3329 W CameraBase: CameraService not published, waiting...
01-08 15:35:22.338  1195  2497 E TaskPersister: File error accessing recents directory (directory doesn't exist?).
01-08 15:35:22.788  3329  3329 I ServiceManager: Waiting for service 'media.camera' on '/dev/binder'...
01-08 15:35:23.108   781   781 W ServiceManagement: Waited one second for android.hardware.camera.provider@2.4::ICameraProvider/legacy/0
01-08 15:35:23.110   781   781 I ServiceManagement: getService: Trying again for android.hardware.camera.provider@2.4::ICameraProvider/legacy/0...
01-08 15:35:23.204  3134  3134 W ServiceManagement: Waited one second for android.hardware.radio@1.2::IRadio/slot1
01-08 15:35:23.207  3134  3134 I ServiceManagement: getService: Trying again for android.hardware.radio@1.2::IRadio/slot1...
01-08 15:35:23.676  1913  1913 I KeyButtonView: Back button event: ACTION_DOWN
01-08 15:35:23.679   812   812 E VibratorService: Setting amplitude  to: 1856
01-08 15:35:23.789  3329  3329 I ServiceManager: Waiting for service 'media.camera' on '/dev/binder'...
01-08 15:35:23.797  1913  1913 I KeyButtonView: Back button event: ACTION_UP
01-08 15:35:23.800  1195  1243 D AutofillManagerService: onBackKeyPressed()
01-08 15:35:23.891  2236  2236 I chatty  : uid=1000(system) com.android.settings expire 39 lines
01-08 15:35:23.904  1195  1771 I chatty  : uid=1000(system) ClientModeImpl expire 10 lines
01-08 15:35:23.908  1195  1260 E BatteryExternalStatsWorker: no controller energy info supplied for bluetooth
01-08 15:35:23.908  1195  1260 E BatteryExternalStatsWorker: no controller energy info supplied for telephony
01-08 15:35:23.968  2863  2974 D SuggestionParser: Day 0 for com.android.settings.suggested.category.DEFERRED_SETUP
01-08 15:35:23.969  2863  2974 D CandidateSuggestionFilter: filterCandidates duration: 0
01-08 15:35:23.969  2863  2974 D SuggestionParser: Day 0 for com.android.settings.suggested.category.HIGH_PRIORITY
01-08 15:35:23.971  2863  2974 D CandidateSuggestionFilter: filterCandidates duration: 0
01-08 15:35:23.971  2863  2974 D SuggestionParser: Day 0 for com.android.settings.suggested.category.FIRST_IMPRESSION
01-08 15:35:23.998  2863  2895 D CandidateSuggestionFilter: Suggestion state result Bundle[{candidate_is_complete=true}]
01-08 15:35:23.999  2863  2974 D CandidateSuggestionFilter: filterCandidates duration: 9
01-08 15:35:24.000  2863  2974 D CandidateSuggestionFilter: filterCandidates duration: 0
01-08 15:35:24.005  2863  2974 D CandidateSuggestionFilter: filterCandidates duration: 0
01-08 15:35:24.007  2863  2974 D CandidateSuggestionFilter: filterCandidates duration: 0
01-08 15:35:24.016  2863  2974 D CandidateSuggestionFilter: filterCandidates duration: 0
01-08 15:35:24.022  1195  1260 E BatteryExternalStatsWorker: no controller energy info supplied for bluetooth
01-08 15:35:24.022  1195  1260 E BatteryExternalStatsWorker: no controller energy info supplied for telephony
01-08 15:35:24.111   781   781 W ServiceManagement: Waited one second for android.hardware.camera.provider@2.4::ICameraProvider/legacy/0
01-08 15:35:24.111   781   781 I ServiceManagement: getService: Trying again for android.hardware.camera.provider@2.4::ICameraProvider/legacy/0...
01-08 15:35:24.207  3134  3134 W ServiceManagement: Waited one second for android.hardware.radio@1.2::IRadio/slot1
01-08 15:35:24.208  3134  3134 I ServiceManagement: getService: Trying again for android.hardware.radio@1.2::IRadio/slot1...
01-08 15:35:24.789  3329  3329 I ServiceManager: Waiting for service 'media.camera' on '/dev/binder'...
01-08 15:35:25.112   781   781 W ServiceManagement: Waited one second for android.hardware.camera.provider@2.4::ICameraProvider/legacy/0
01-08 15:35:25.115   781   781 I ServiceManagement: getService: Trying again for android.hardware.camera.provider@2.4::ICameraProvider/legacy/0...
01-08 15:35:25.208  3134  3134 W ServiceManagement: Waited one second for android.hardware.radio@1.2::IRadio/slot1
01-08 15:35:25.210  3134  3134 I ServiceManagement: getService: Trying again for android.hardware.radio@1.2::IRadio/slot1...
01-08 15:35:25.700  1195  1920 I ActivityTaskManager: START u0 {act=android.intent.action.MAIN cmp=com.android.settings/.SubSettings (has extras)} from uid 1000
01-08 15:35:25.791  3329  3329 I ServiceManager: Waiting for service 'media.camera' on '/dev/binder'...
01-08 15:35:25.865  2236  3868 I chatty  : uid=1000(system) com.android.settings expire 1 line
01-08 15:35:25.868  2236  2258 I chatty  : uid=1000(system) HeapTaskDaemon expire 2 lines
01-08 15:35:25.911  2236  3869 I chatty  : uid=1000(system) com.android.settings expire 1 line
01-08 15:35:26.096  2236  3870 I chatty  : uid=1000(system) SummaryLoader expire 1 line
01-08 15:35:26.115   781   781 W ServiceManagement: Waited one second for android.hardware.camera.provider@2.4::ICameraProvider/legacy/0
01-08 15:35:26.116   781   781 I ServiceManagement: getService: Trying again for android.hardware.camera.provider@2.4::ICameraProvider/legacy/0...
01-08 15:35:26.211  3134  3134 W ServiceManagement: Waited one second for android.hardware.radio@1.2::IRadio/slot1
01-08 15:35:26.213  3134  3134 I ServiceManagement: getService: Trying again for android.hardware.radio@1.2::IRadio/slot1...
01-08 15:35:26.792  3329  3329 I ServiceManager: Waiting for service 'media.camera' on '/dev/binder'...
01-08 15:35:27.116   781   781 W ServiceManagement: Waited one second for android.hardware.camera.provider@2.4::ICameraProvider/legacy/0
01-08 15:35:27.118   781   781 I ServiceManagement: getService: Trying again for android.hardware.camera.provider@2.4::ICameraProvider/legacy/0...
01-08 15:35:27.213  3134  3134 W ServiceManagement: Waited one second for android.hardware.radio@1.2::IRadio/slot1
01-08 15:35:27.215  3134  3134 I ServiceManagement: getService: Trying again for android.hardware.radio@1.2::IRadio/slot1...
01-08 15:35:27.793  3329  3329 W ServiceManager: Service media.camera didn't start. Returning NULL
01-08 15:35:27.793  3329  3329 W CameraBase: CameraService not published, waiting...
01-08 15:35:27.997  1195  2497 E TaskPersister: File error accessing recents directory (directory doesn't exist?).
01-08 15:35:28.118   781   781 W ServiceManagement: Waited one second for android.hardware.camera.provider@2.4::ICameraProvider/legacy/0
01-08 15:35:28.119   781   781 I ServiceManagement: getService: Trying again for android.hardware.camera.provider@2.4::ICameraProvider/legacy/0...
01-08 15:35:28.215  3134  3134 W ServiceManagement: Waited one second for android.hardware.radio@1.2::IRadio/slot1
01-08 15:35:28.216  3134  3134 I ServiceManagement: getService: Trying again for android.hardware.radio@1.2::IRadio/slot1...
01-08 15:35:28.294  3329  3329 I ServiceManager: Waiting for service 'media.camera' on '/dev/binder'...
01-08 15:35:29.120   781   781 W ServiceManagement: Waited one second for android.hardware.camera.provider@2.4::ICameraProvider/legacy/0
01-08 15:35:29.122   781   781 I ServiceManagement: getService: Trying again for android.hardware.camera.provider@2.4::ICameraProvider/legacy/0...
01-08 15:35:29.217  3134  3134 W ServiceManagement: Waited one second for android.hardware.radio@1.2::IRadio/slot1
01-08 15:35:29.220  3134  3134 I ServiceManagement: getService: Trying again for android.hardware.radio@1.2::IRadio/slot1...
01-08 15:35:29.295  3329  3329 I ServiceManager: Waiting for service 'media.camera' on '/dev/binder'...
01-08 15:35:30.123   781   781 W ServiceManagement: Waited one second for android.hardware.camera.provider@2.4::ICameraProvider/legacy/0
01-08 15:35:30.125   781   781 I ServiceManagement: getService: Trying again for android.hardware.camera.provider@2.4::ICameraProvider/legacy/0...
01-08 15:35:30.222  3134  3134 W ServiceManagement: Waited one second for android.hardware.radio@1.2::IRadio/slot1
01-08 15:35:30.224  3134  3134 I ServiceManagement: getService: Trying again for android.hardware.radio@1.2::IRadio/slot1...
01-08 15:35:30.297  3329  3329 I ServiceManager: Waiting for service 'media.camera' on '/dev/binder'...
01-08 15:35:30.454   807   807 I chatty  : uid=1000(system) power@1.0-servi expire 50 lines
01-08 15:35:30.458  1913  1913 I KeyButtonView: Back button event: ACTION_DOWN
01-08 15:35:30.461   812   812 E VibratorService: Setting amplitude  to: 1856
01-08 15:35:30.470   792  2852 I chatty  : uid=1041(audioserver) writer expire 202 lines
01-08 15:35:30.566  1913  1913 I KeyButtonView: Back button event: ACTION_UP
01-08 15:35:30.568  1195  1243 D AutofillManagerService: onBackKeyPressed()
01-08 15:35:30.643  1195  1260 E BatteryExternalStatsWorker: no controller energy info supplied for bluetooth
01-08 15:35:30.643  1195  1260 E BatteryExternalStatsWorker: no controller energy info supplied for telephony
01-08 15:35:30.662  1195  1260 E BatteryExternalStatsWorker: no controller energy info supplied for bluetooth
01-08 15:35:30.662  1195  1260 E BatteryExternalStatsWorker: no controller energy info supplied for telephony
01-08 15:35:30.697  2236  2862 I chatty  : uid=1000(system) pool-3-thread-1 expire 17 lines
01-08 15:35:30.710  2863  2974 D SuggestionParser: Day 0 for com.android.settings.suggested.category.DEFERRED_SETUP
01-08 15:35:30.711  2863  2974 D CandidateSuggestionFilter: filterCandidates duration: 0
01-08 15:35:30.711  2863  2974 D SuggestionParser: Day 0 for com.android.settings.suggested.category.HIGH_PRIORITY
01-08 15:35:30.712  2863  2974 D CandidateSuggestionFilter: filterCandidates duration: 0
01-08 15:35:30.712  2863  2974 D SuggestionParser: Day 0 for com.android.settings.suggested.category.FIRST_IMPRESSION
01-08 15:35:30.737  2863  2895 D CandidateSuggestionFilter: Suggestion state result Bundle[{candidate_is_complete=true}]
01-08 15:35:30.737  2863  2974 D CandidateSuggestionFilter: filterCandidates duration: 13
01-08 15:35:30.738  2863  2974 D CandidateSuggestionFilter: filterCandidates duration: 0
01-08 15:35:30.741  2863  2974 D CandidateSuggestionFilter: filterCandidates duration: 0
01-08 15:35:30.742  2863  2974 D CandidateSuggestionFilter: filterCandidates duration: 0
01-08 15:35:30.747  2863  2974 D CandidateSuggestionFilter: filterCandidates duration: 0
01-08 15:35:30.754  1195  1260 E BatteryExternalStatsWorker: no controller energy info supplied for bluetooth
01-08 15:35:30.754  1195  1260 E BatteryExternalStatsWorker: no controller energy info supplied for telephony
01-08 15:35:31.125   781   781 W ServiceManagement: Waited one second for android.hardware.camera.provider@2.4::ICameraProvider/legacy/0
01-08 15:35:31.127   781   781 I ServiceManagement: getService: Trying again for android.hardware.camera.provider@2.4::ICameraProvider/legacy/0...
01-08 15:35:31.225  3134  3134 W ServiceManagement: Waited one second for android.hardware.radio@1.2::IRadio/slot1
01-08 15:35:31.225  3134  3134 I ServiceManagement: getService: Trying again for android.hardware.radio@1.2::IRadio/slot1...
01-08 15:35:31.293   876   964 I chatty  : uid=0(root) te-mgr-msm_ther expire 62 lines
01-08 15:35:31.297  3329  3329 I ServiceManager: Waiting for service 'media.camera' on '/dev/binder'...
01-08 15:35:31.717   803   803 I /vendor/bin/hw/android.hardware.health@2.0-service.addison: SRAM data: 3597000
01-08 15:35:31.717   803   803 I /vendor/bin/hw/android.hardware.health@2.0-service.addison: Save to SRAM: 2937569
01-08 15:35:31.717   803   803 E /vendor/bin/hw/android.hardware.health@2.0-service.addison: Write data error: Invalid argument
01-08 15:35:31.732  1195  1260 E BatteryExternalStatsWorker: no controller energy info supplied for bluetooth
01-08 15:35:31.732  1195  1260 E BatteryExternalStatsWorker: no controller energy info supplied for telephony
01-08 15:35:32.127   781   781 W ServiceManagement: Waited one second for android.hardware.camera.provider@2.4::ICameraProvider/legacy/0
01-08 15:35:32.129   781   781 I ServiceManagement: getService: Trying again for android.hardware.camera.provider@2.4::ICameraProvider/legacy/0...
01-08 15:35:32.226  3134  3134 W ServiceManagement: Waited one second for android.hardware.radio@1.2::IRadio/slot1
01-08 15:35:32.227  3134  3134 I ServiceManagement: getService: Trying again for android.hardware.radio@1.2::IRadio/slot1...
01-08 15:35:32.298  3329  3329 I ServiceManager: Waiting for service 'media.camera' on '/dev/binder'...
01-08 15:35:33.113  1195  1256 W BroadcastQueue: Timeout of broadcast BroadcastRecord{7771840 u0 android.intent.action.BOOT_COMPLETED} - receiver=android.os.BinderProxy@95d845, started 60000ms ago
01-08 15:35:33.113  1195  1256 W BroadcastQueue: Receiver during timeout of BroadcastRecord{7771840 u0 android.intent.action.BOOT_COMPLETED} : ResolveInfo{2104b9a com.android.camera2/com.android.camera.DisableCameraReceiver m=0x108000}
01-08 15:35:33.129   781   781 W ServiceManagement: Waited one second for android.hardware.camera.provider@2.4::ICameraProvider/legacy/0
01-08 15:35:33.130   781   781 I ServiceManagement: getService: Trying again for android.hardware.camera.provider@2.4::ICameraProvider/legacy/0...
01-08 15:35:33.148  3888  3888 I chatty  : uid=0(root) com.android.contacts expire 4 lines
01-08 15:35:33.151  1195  1257 I ActivityManager: Start proc 3888:com.android.contacts/u0a96 for broadcast {com.android.contacts/com.android.contacts.interactions.OnBootOrUpgradeReceiver}
01-08 15:35:33.182  1195  1256 I ActivityManager: dumpStackTraces pids=null nativepids=null
01-08 15:35:33.184  1195  1256 I ActivityManager: Dumping to /data/anr/anr_2020-01-08-15-35-33-184
01-08 15:35:33.184  1195  1256 I ActivityManager: Collecting stacks for pid 3329
01-08 15:35:33.185  1195  1256 I chatty  : uid=1000(system) ActivityManager expire 2 lines
01-08 15:35:33.186   926   926 I /system/bin/tombstoned: registered intercept for pid 3329 and type kDebuggerdJavaBacktrace
01-08 15:35:33.187  3329  3341 I android.camera: Thread[7,tid=3341,WaitingInMainSignalCatcherLoop,Thread*=0x71012d8400,peer=0x12c40618,"Signal Catcher"]: reacting to signal 3
01-08 15:35:33.187  3329  3341 I android.camera: 
01-08 15:35:33.228  3134  3134 W ServiceManagement: Waited one second for android.hardware.radio@1.2::IRadio/slot1
01-08 15:35:33.228  3329  3329 I ServiceManager: Waiting for service 'media.camera' on '/dev/binder'...
01-08 15:35:33.229  3134  3134 I ServiceManagement: getService: Trying again for android.hardware.radio@1.2::IRadio/slot1...
01-08 15:35:33.241  3888  3888 D ApplicationLoaders: Returning zygote-cached class loader: /system/framework/android.hidl.base-V1.0-java.jar
01-08 15:35:33.241  3888  3888 D ApplicationLoaders: Returning zygote-cached class loader: /system/framework/android.hidl.manager-V1.0-java.jar
01-08 15:35:33.241  3888  3888 D ApplicationLoaders: Returning zygote-cached class loader: /system/framework/android.hidl.base-V1.0-java.jar
01-08 15:35:33.250  3888  3888 I ndroid.contact: The ClassLoaderContext is a special shared library.
01-08 15:35:33.263   926   926 I /system/bin/tombstoned: received crash request for pid 3329
01-08 15:35:33.264   926   926 I /system/bin/tombstoned: found intercept fd 512 for pid 3329 and type kDebuggerdJavaBacktrace
01-08 15:35:33.265  3329  3341 I android.camera: Wrote stack traces to tombstoned
01-08 15:35:33.281  1195  1256 I ActivityManager: Done dumping
01-08 15:35:33.283  1195  1256 E ActivityManager: ANR in com.android.camera2
01-08 15:35:33.283  1195  1256 E ActivityManager: PID: 3329
01-08 15:35:33.283  1195  1256 E ActivityManager: Reason: Broadcast of Intent { act=android.intent.action.BOOT_COMPLETED flg=0x89000010 cmp=com.android.camera2/com.android.camera.DisableCameraReceiver (has extras) }
01-08 15:35:33.283  1195  1256 E ActivityManager: Load: 0.0 / 0.0 / 0.0
01-08 15:35:33.283  1195  1256 E ActivityManager: CPU usage from 61477ms to 0ms ago (2020-01-08 15:34:31.641 to 2020-01-08 15:35:33.118):
01-08 15:35:33.283  1195  1256 E ActivityManager:   32% 1195/system_server: 24% user + 8.3% kernel / faults: 92438 minor
01-08 15:35:33.283  1195  1256 E ActivityManager:   23% 2236/com.android.settings: 20% user + 3.1% kernel / faults: 39388 minor 2 major
01-08 15:35:33.283  1195  1256 E ActivityManager:   17% 687/surfaceflinger: 11% user + 6.6% kernel / faults: 522 minor
01-08 15:35:33.283  1195  1256 E ActivityManager:   12% 1913/com.android.systemui: 10% user + 1.5% kernel / faults: 14607 minor 1 major
01-08 15:35:33.283  1195  1256 E ActivityManager:   8.3% 433/ueventd: 7.9% user + 0.4% kernel / faults: 2041 minor
01-08 15:35:33.283  1195  1256 E ActivityManager:   8.1% 792/android.hardware.audio@2.0-service: 2.8% user + 5.3% kernel
01-08 15:35:33.283  1195  1256 E ActivityManager:   8% 780/audioserver: 5.6% user + 2.3% kernel / faults: 11 minor
01-08 15:35:33.283  1195  1256 E ActivityManager:   7.4% 900/media.extractor: 5.4% user + 2% kernel / faults: 3104 minor
01-08 15:35:33.283  1195  1256 E ActivityManager:   6.6% 782/mediaserver: 2.3% user + 4.2% kernel / faults: 2033 minor
01-08 15:35:33.283  1195  1256 E ActivityManager:   5.3% 689/android.hardware.graphics.composer@2.1-service: 3.4% user + 1.9% kernel / faults: 29 minor
01-08 15:35:33.283  1195  1256 E ActivityManager:   4.2% 2492/sugov:0: 0% user + 4.2% kernel
01-08 15:35:33.283  1195  1256 E ActivityManager:   3.7% 1928/com.android.permissioncontroller: 2.8% user + 0.8% kernel / faults: 13318 minor
01-08 15:35:33.283  1195  1256 E ActivityManager:   1.6% 704/mdss_fb0: 0% user + 1.6% kernel
01-08 15:35:33.283  1195  1256 E ActivityManager:   1.5% 272/kgsl_worker_thr: 0% user + 1.5% kernel
01-08 15:35:33.283  1195  1256 E ActivityManager:   1.5% 2946/me.phh.treble.app: 1.3% user + 0.1% kernel / faults: 2338 minor
01-08 15:35:33.283  1195  1256 E ActivityManager:   1.4% 2604/com.android.launcher3: 1.2% user + 0.1% kernel / faults: 3905 minor
01-08 15:35:33.283  1195  1256 E ActivityManager:   0.9% 736/irq/72-synaptic: 0% user + 0.9% kernel
01-08 15:35:33.283  1195  1256 E ActivityManager:   0.9% 995/kworker/u16:6: 0% user + 0.9% kernel
01-08 15:35:33.283  1195  1256 E ActivityManager:   0.7% 463/logd: 0.4% user + 0.3% kernel / faults: 84 minor
01-08 15:35:33.283  1195  1256 E ActivityManager:   0.7% 832/ashmemd: 0.3% user + 0.4% kernel
01-08 15:35:33.283  1195  1256 E ActivityManager:   0.6% 83/kworker/u16:1: 0% user + 0.6% kernel
01-08 15:35:33.283  1195  1256 E ActivityManager:   0.6% 1030/kworker/u16:7: 0% user + 0.6% kernel
01-08 15:35:33.283  1195  1256 E ActivityManager:   0.6% 356/mmc-cmdqd/0: 0% user + 0.6% kernel
01-08 15:35:33.283  1195  1256 E ActivityManager:   0.5% 7/rcu_preempt: 0% user + 0.5% kernel
01-08 15:35:33.283  1195  1256 E ActivityManager:   0.5% 2750/android.process.acore: 0.4% user + 0% kernel / faults: 970 minor
01-08 15:35:33.283  1195  1256 E ActivityManager:   0.5% 431//init: 0% user + 0.4% kernel
01-08 15:35:33.283  1195  1256 E ActivityManager:   0.5% 866/android.hardware.wifi@1.0-service: 0% user + 0.4% kernel / faults: 148 minor
01-08 15:35:33.283  1195  1256 E ActivityManager:   0.2% 967/llkd: 0% user + 0.1% kernel / faults: 105 minor
01-08 15:35:33.283  1195  1256 E ActivityManager:   0.4% 359/kworker/u16:4: 0% user + 0.4% kernel
01-08 15:35:33.283  1195  1256 E ActivityManager:   0.4% 465/hwservicemanager: 0.1% user + 0.2% kernel / faults: 976 minor
01-08 15:35:33.283  1195  1256 E ActivityManager:   0.4% 794/android.system.suspend@1.0-service: 0.2% user + 0.1% kernel
01-08 15:35:33.283  1195  1256 E ActivityManager:   0.3% 901/media.metrics: 0.1% user + 0.2% kernel / faults: 96 minor
01-08 15:35:33.283  1195  1256 E ActivityManager:   0.3% 891/zygote64: 0% user + 0.2% kernel / faults: 2066 minor
01-08 15:35:33.283  1195  1256 E ActivityManager:   0.2% 112/system: 0% user + 0.2% kernel
01-08 15:35:33.283  1195  1256 E ActivityManager:   0.2% 3/ksoftirqd/0: 0% user + 0.2% kernel
01-08 15:35:33.283  1195  1256 E ActivityManager:   0.2% 464/servicemanager: 0.1% user + 0% kernel
01-08 15:35:33.283  1195  1256 E ActivityManager:   0.2% 821/vendor.qti.hardware.perf@1.0-service: 0.1% user + 0% kernel
01-08 15:35:33.283  1195  1256 E ActivityManager:   0.2% 1//init: 0% user + 0.1% kernel / faults: 251 minor
01-08 15:35:33.283  1195  1256 E ActivityManager:   0.2% 376/kworker/0:2: 0% user + 0.2% kernel
01-08 15:35:33.283  1195  1256 E ActivityManager:   0.2% 904/netd: 0% user + 0.1% kernel / faults: 23 minor
01-08 15:35:33.283  1195  1256 E ActivityManager:   0.1% 2863/com.android.settings.intelligence: 0.1% user + 0% kernel / faults: 2885 minor
01-08 15:35:33.283  1195  1256 E ActivityManager:   0.1% 805/android.hardware.memtrack@1.0-service: 0% user + 0% kernel
01-08 15:35:33.283  1195  1256 E ActivityManager:   0.1% 2439/irq/181-408000.: 0% user + 0.1% kernel
01-08 15:35:33.283  1195  1256 E ActivityManager:   0.1% 10/rcuop/0: 0% user + 0.1% kernel
01-08 15:35:33.283  1195  1256 E ActivityManager:   0.1% 807/android.hardware.power@1.0-service: 0% user + 0% kernel
01-08 15:35:33.283  1195  1256 E ActivityManager:   0.1% 8/rcu_sched: 0% user + 0.1% kernel
01-08 15:35:33.283  1195  1256 E ActivityManager:   0.1% 29/rcuop/2: 0% user + 0.1% kernel
01-08 15:35:33.283  1195  1256 E ActivityManager:   0.1% 876/thermal-engine: 0% user + 0% kernel
01-08 15:35:33.283  1195  1256 E ActivityManager:   0.1% 2097/com.android.networkstack: 0% user + 0% kernel / faults: 1014 minor
01-08 15:35:33.283  1195  1256 E ActivityManager:   0% 15/migration/0: 0% user + 0% kernel
01-08 15:35:33.283  1195  1256 E ActivityManager:   0% 209/vsync_retire_wo: 0% user + 0% kernel
01-08 15:35:33.283  1195  1256 E ActivityManager:   0% 2561/com.android.ims.rcsservice: 0% user + 0% kernel / faults: 925 minor
01-08 15:35:33.283  1195  1256 E ActivityManager:   0% 4/kworker/0:0: 0% user + 0% kernel
01-08 15:35:33.283  1195  1256 E ActivityManager:   0% 45/rcuop/4: 0% user + 0% kernel
01-08 15:35:33.283  1195  1256 E ActivityManager:   0% 61/rcuop/6: 0% user + 0% kernel
01-08 15:35:33.283  1195  1256 E ActivityManager:   0% 299/spi6: 0% user + 0% kernel
01-08 15:35:33.283  1195  1256 E ActivityManager:   0% 781/cameraserver: 0% user + 0% kernel
01-08 15:35:33.283  1195  1256 E ActivityManager:   0% 834/lmkd: 0% user + 0% kernel
01-08 15:35:33.283  1195  1256 E ActivityManager:   0% 2420/android.ext.services: 0% user + 0% kernel / faults: 3646 minor
01-08 15:35:33.283  1195  1256 E ActivityManager:   0% 21/rcuop/1: 0% user + 0% kernel
01-08 15:35:33.283  1195  1256 E ActivityManager:   0% 37/rcuop/3: 0% user + 0% kernel
01-08 15:35:33.283  1195  1256 E ActivityManager:   0% 42/ksoftirqd/4: 0% user + 0% kernel
01-08 15:35:33.283  1195  1256 E ActivityManager:   0% 53/rcuop/5: 0% user + 0% kernel
01-08 15:35:33.283  1195  1256 E ActivityManager:   0% 443/kworker/6:3: 0% user + 0% kernel
01-08 15:35:33.283  1195  1256 E ActivityManager:   0% 827/rmt_storage: 0% user + 0% kernel
01-08 15:35:33.283  1195  1256 E ActivityManager:   0% 883/netmgrd: 0% user
01-08 15:35:33.284  1195  1256 I ActivityManager: Killing 3329:com.android.camera2/u0a108 (adj 905): bg anr
01-08 15:35:33.285  1195  1258 I chatty  : uid=1000(system) ActivityManager expire 12 lines
01-08 15:35:33.285  1195  1244 I DropBoxManagerService: add tag=system_server_strictmode isTagEnabled=true flags=0x2
01-08 15:35:33.286  1195  3911 I DropBoxManagerService: add tag=system_app_anr isTagEnabled=true flags=0x2
01-08 15:35:33.288  1195  1244 I DropBoxManagerService: add tag=system_server_strictmode isTagEnabled=true flags=0x2
01-08 15:35:33.301  1195  1244 I chatty  : uid=1000(system) android.io identical 2 lines
01-08 15:35:33.303  1195  1244 I DropBoxManagerService: add tag=system_server_strictmode isTagEnabled=true flags=0x2
01-08 15:35:33.310  3913  3913 W main    : type=1400 audit(0.0:74): avc: granted { read } for uid=10112 name="u:object_r:net_dns_prop:s0" dev="tmpfs" ino=3698 scontext=u:r:untrusted_app_25:s0:c512,c768 tcontext=u:object_r:net_dns_prop:s0 tclass=file
01-08 15:35:33.310  3913  3913 I chatty  : uid=0(root) com.android.deskclock identical 4 lines
01-08 15:35:33.320  1195  1257 I ActivityManager: Start proc 3913:com.android.deskclock/u0a112 for broadcast {com.android.deskclock/com.android.deskclock.AlarmInitReceiver}
01-08 15:35:33.353  3913  3913 D ApplicationLoaders: Returning zygote-cached class loader: /system/framework/android.hidl.base-V1.0-java.jar
01-08 15:35:33.353  3913  3913 D ApplicationLoaders: Returning zygote-cached class loader: /system/framework/android.hidl.manager-V1.0-java.jar
01-08 15:35:33.353  3913  3913 D ApplicationLoaders: Returning zygote-cached class loader: /system/framework/android.hidl.base-V1.0-java.jar
01-08 15:35:33.355  3913  3913 I droid.deskcloc: The ClassLoaderContext is a special shared library.
01-08 15:35:33.361  3913  3913 I droid.deskcloc: The ClassLoaderContext is a special shared library.
01-08 15:35:33.399  3913  3913 I AlarmClock: AlarmInitReceiver android.intent.action.BOOT_COMPLETED
01-08 15:35:33.416  3913  3936 I AlarmClock: Fixing alarm instances
01-08 15:35:33.420  3913  3936 I ashmem  : memfd: device VNDK version (28) is < Q so using ashmem.
01-08 15:35:33.444  3913  3936 V AlarmClock: AlarmInitReceiver finished
01-08 15:35:33.452  3270  3270 I Dialer  : VoicemailModule.provideVoicemailClient - providing VoicemailClientImpl
01-08 15:35:33.455  3270  3270 I Dialer  : VvmOmtpService - onBoot
01-08 15:35:33.485  3937  3937 I chatty  : uid=0(root) com.android.dynsystem expire 4 lines
01-08 15:35:33.501  1195  1257 I ActivityManager: Start proc 3937:com.android.dynsystem/1000 for broadcast {com.android.dynsystem/com.android.dynsystem.BootCompletedReceiver}
01-08 15:35:33.542  3937  3937 I droid.dynsyste: The ClassLoaderContext is a special shared library.
01-08 15:35:33.564  1195  2090 D DynamicSystemService: GsiService is not ready, wait for 64ms
01-08 15:35:33.594  3958  3959 E gsid    : open() failed for /dev/cgroup_info/cgroup.rc: No such file or directory
01-08 15:35:33.595  3958  3959 E libprocessgroup: CgroupMap::LoadRcFile called for [3958] failed
01-08 15:35:33.596  3958  3959 E libprocessgroup: CgroupMap::FindController called for [3958] failed, RC file was not initialized properly
01-08 15:35:33.596  3958  3959 W libprocessgroup: Controller cpuset is not found
01-08 15:35:33.596  3958  3959 E libprocessgroup: CgroupMap::FindController called for [3958] failed, RC file was not initialized properly
01-08 15:35:33.596  3958  3959 W libprocessgroup: Controller cpuset is not found
01-08 15:35:33.596  3958  3959 E libprocessgroup: CgroupMap::FindController called for [3958] failed, RC file was not initialized properly
01-08 15:35:33.596  3958  3959 W libprocessgroup: Controller cpuset is not found
01-08 15:35:33.596  3958  3959 E libprocessgroup: CgroupMap::FindController called for [3958] failed, RC file was not initialized properly
01-08 15:35:33.596  3958  3959 W libprocessgroup: Controller memory is not found
01-08 15:35:33.596  3958  3959 E libprocessgroup: CgroupMap::FindController called for [3958] failed, RC file was not initialized properly
01-08 15:35:33.596  3958  3959 W libprocessgroup: Controller memory is not found
01-08 15:35:33.596  3958  3959 E libprocessgroup: CgroupMap::FindController called for [3958] failed, RC file was not initialized properly
01-08 15:35:33.596  3958  3959 W libprocessgroup: Controller memory is not found
01-08 15:35:33.596  3958  3959 E libprocessgroup: CgroupMap::FindController called for [3958] failed, RC file was not initialized properly
01-08 15:35:33.596  3958  3959 W libprocessgroup: Controller schedtune is not found
01-08 15:35:33.596  3958  3959 E libprocessgroup: CgroupMap::FindController called for [3958] failed, RC file was not initialized properly
01-08 15:35:33.596  3958  3959 W libprocessgroup: Controller schedtune is not found
01-08 15:35:33.596  3958  3959 E libprocessgroup: CgroupMap::FindController called for [3958] failed, RC file was not initialized properly
