01-08 15:34:38.383  3116  3193 W ExifInterface: 	at java.nio.file.Files.walkFileTree(Files.java:2670)
01-08 15:34:38.383  3116  3193 W ExifInterface: 	at java.nio.file.Files.walkFileTree(Files.java:2742)
01-08 15:34:38.383  3116  3193 W ExifInterface: 	at com.android.providers.media.scan.ModernMediaScanner$Scan.walkFileTree(ModernMediaScanner.java:267)
01-08 15:34:38.383  3116  3193 W ExifInterface: 	at com.android.providers.media.scan.ModernMediaScanner$Scan.run(ModernMediaScanner.java:245)
01-08 15:34:38.383  3116  3193 W ExifInterface: 	at com.android.providers.media.scan.ModernMediaScanner.scanDirectory(ModernMediaScanner.java:166)
01-08 15:34:38.383  3116  3193 W ExifInterface: 	at com.android.providers.media.MediaService.onScanVolume(MediaService.java:150)
01-08 15:34:38.383  3116  3193 W ExifInterface: 	at com.android.providers.media.MediaService.onHandleIntent(MediaService.java:86)
01-08 15:34:38.383  3116  3193 W ExifInterface: 	at android.app.IntentService$ServiceHandler.handleMessage(IntentService.java:78)
01-08 15:34:38.383  3116  3193 W ExifInterface: 	at android.os.Handler.dispatchMessage(Handler.java:107)
01-08 15:34:38.383  3116  3193 W ExifInterface: 	at android.os.Looper.loop(Looper.java:214)
01-08 15:34:38.383  3116  3193 W ExifInterface: 	at android.os.HandlerThread.run(HandlerThread.java:67)
01-08 15:34:38.393  1195  1789 I chatty  : uid=1000(system) HwBinder:1195_3 expire 9 lines
01-08 15:34:38.393  3116  3193 W ExifInterface: Invalid image: ExifInterface got an unsupported image format file(ExifInterface supports JPEG and some RAW image formats only) or a corrupted JPEG file to ExifInterface.
01-08 15:34:38.393  3116  3193 W ExifInterface: java.io.IOException: Invalid byte order: ffff8950
01-08 15:34:38.393  3116  3193 W ExifInterface: 	at android.media.ExifInterface.readByteOrder(ExifInterface.java:3121)
01-08 15:34:38.393  3116  3193 W ExifInterface: 	at android.media.ExifInterface.isOrfFormat(ExifInterface.java:2437)
01-08 15:34:38.393  3116  3193 W ExifInterface: 	at android.media.ExifInterface.getMimeType(ExifInterface.java:2315)
01-08 15:34:38.393  3116  3193 W ExifInterface: 	at android.media.ExifInterface.loadAttributes(ExifInterface.java:1753)
01-08 15:34:38.393  3116  3193 W ExifInterface: 	at android.media.ExifInterface.<init>(ExifInterface.java:1447)
01-08 15:34:38.393  3116  3193 W ExifInterface: 	at com.android.providers.media.scan.ModernMediaScanner.scanItemImage(ModernMediaScanner.java:729)
01-08 15:34:38.393  3116  3193 W ExifInterface: 	at com.android.providers.media.scan.ModernMediaScanner.scanItem(ModernMediaScanner.java:502)
01-08 15:34:38.393  3116  3193 W ExifInterface: 	at com.android.providers.media.scan.ModernMediaScanner.access$500(ModernMediaScanner.java:118)
01-08 15:34:38.393  3116  3193 W ExifInterface: 	at com.android.providers.media.scan.ModernMediaScanner$Scan.visitFile(ModernMediaScanner.java:406)
01-08 15:34:38.393  3116  3193 W ExifInterface: 	at com.android.providers.media.scan.ModernMediaScanner$Scan.visitFile(ModernMediaScanner.java:207)
01-08 15:34:38.393  3116  3193 W ExifInterface: 	at java.nio.file.Files.walkFileTree(Files.java:2670)
01-08 15:34:38.393  3116  3193 W ExifInterface: 	at java.nio.file.Files.walkFileTree(Files.java:2742)
01-08 15:34:38.393  3116  3193 W ExifInterface: 	at com.android.providers.media.scan.ModernMediaScanner$Scan.walkFileTree(ModernMediaScanner.java:267)
01-08 15:34:38.393  3116  3193 W ExifInterface: 	at com.android.providers.media.scan.ModernMediaScanner$Scan.run(ModernMediaScanner.java:245)
01-08 15:34:38.393  3116  3193 W ExifInterface: 	at com.android.providers.media.scan.ModernMediaScanner.scanDirectory(ModernMediaScanner.java:166)
01-08 15:34:38.393  3116  3193 W ExifInterface: 	at com.android.providers.media.MediaService.onScanVolume(MediaService.java:150)
01-08 15:34:38.393  3116  3193 W ExifInterface: 	at com.android.providers.media.MediaService.onHandleIntent(MediaService.java:86)
01-08 15:34:38.393  3116  3193 W ExifInterface: 	at android.app.IntentService$ServiceHandler.handleMessage(IntentService.java:78)
01-08 15:34:38.393  3116  3193 W ExifInterface: 	at android.os.Handler.dispatchMessage(Handler.java:107)
01-08 15:34:38.393  3116  3193 W ExifInterface: 	at android.os.Looper.loop(Looper.java:214)
01-08 15:34:38.393  3116  3193 W ExifInterface: 	at android.os.HandlerThread.run(HandlerThread.java:67)
01-08 15:34:38.398  3116  3193 W ExifInterface: Invalid image: ExifInterface got an unsupported image format file(ExifInterface supports JPEG and some RAW image formats only) or a corrupted JPEG file to ExifInterface.
01-08 15:34:38.398  3116  3193 W ExifInterface: java.io.IOException: Invalid byte order: ffff8950
01-08 15:34:38.398  3116  3193 W ExifInterface: 	at android.media.ExifInterface.readByteOrder(ExifInterface.java:3121)
01-08 15:34:38.398  3116  3193 W ExifInterface: 	at android.media.ExifInterface.isOrfFormat(ExifInterface.java:2437)
01-08 15:34:38.398  3116  3193 W ExifInterface: 	at android.media.ExifInterface.getMimeType(ExifInterface.java:2315)
01-08 15:34:38.398  3116  3193 W ExifInterface: 	at android.media.ExifInterface.loadAttributes(ExifInterface.java:1753)
01-08 15:34:38.398  3116  3193 W ExifInterface: 	at android.media.ExifInterface.<init>(ExifInterface.java:1447)
01-08 15:34:38.398  3116  3193 W ExifInterface: 	at com.android.providers.media.scan.ModernMediaScanner.scanItemImage(ModernMediaScanner.java:729)
01-08 15:34:38.398  3116  3193 W ExifInterface: 	at com.android.providers.media.scan.ModernMediaScanner.scanItem(ModernMediaScanner.java:502)
01-08 15:34:38.398  3116  3193 W ExifInterface: 	at com.android.providers.media.scan.ModernMediaScanner.access$500(ModernMediaScanner.java:118)
01-08 15:34:38.398  3116  3193 W ExifInterface: 	at com.android.providers.media.scan.ModernMediaScanner$Scan.visitFile(ModernMediaScanner.java:406)
01-08 15:34:38.398  3116  3193 W ExifInterface: 	at com.android.providers.media.scan.ModernMediaScanner$Scan.visitFile(ModernMediaScanner.java:207)
01-08 15:34:38.398  3116  3193 W ExifInterface: 	at java.nio.file.Files.walkFileTree(Files.java:2670)
01-08 15:34:38.398  3116  3193 W ExifInterface: 	at java.nio.file.Files.walkFileTree(Files.java:2742)
01-08 15:34:38.398  3116  3193 W ExifInterface: 	at com.android.providers.media.scan.ModernMediaScanner$Scan.walkFileTree(ModernMediaScanner.java:267)
01-08 15:34:38.398  3116  3193 W ExifInterface: 	at com.android.providers.media.scan.ModernMediaScanner$Scan.run(ModernMediaScanner.java:245)
01-08 15:34:38.398  3116  3193 W ExifInterface: 	at com.android.providers.media.scan.ModernMediaScanner.scanDirectory(ModernMediaScanner.java:166)
01-08 15:34:38.398  3116  3193 W ExifInterface: 	at com.android.providers.media.MediaService.onScanVolume(MediaService.java:150)
01-08 15:34:38.398  3116  3193 W ExifInterface: 	at com.android.providers.media.MediaService.onHandleIntent(MediaService.java:86)
01-08 15:34:38.398  3116  3193 W ExifInterface: 	at android.app.IntentService$ServiceHandler.handleMessage(IntentService.java:78)
01-08 15:34:38.398  3116  3193 W ExifInterface: 	at android.os.Handler.dispatchMessage(Handler.java:107)
01-08 15:34:38.398  3116  3193 W ExifInterface: 	at android.os.Looper.loop(Looper.java:214)
01-08 15:34:38.398  3116  3193 W ExifInterface: 	at android.os.HandlerThread.run(HandlerThread.java:67)
01-08 15:34:38.403  3116  3193 W ExifInterface: Invalid image: ExifInterface got an unsupported image format file(ExifInterface supports JPEG and some RAW image formats only) or a corrupted JPEG file to ExifInterface.
01-08 15:34:38.403  3116  3193 W ExifInterface: java.io.IOException: Invalid byte order: ffff8950
01-08 15:34:38.403  3116  3193 W ExifInterface: 	at android.media.ExifInterface.readByteOrder(ExifInterface.java:3121)
01-08 15:34:38.403  3116  3193 W ExifInterface: 	at android.media.ExifInterface.isOrfFormat(ExifInterface.java:2437)
01-08 15:34:38.403  3116  3193 W ExifInterface: 	at android.media.ExifInterface.getMimeType(ExifInterface.java:2315)
01-08 15:34:38.403  3116  3193 W ExifInterface: 	at android.media.ExifInterface.loadAttributes(ExifInterface.java:1753)
01-08 15:34:38.403  3116  3193 W ExifInterface: 	at android.media.ExifInterface.<init>(ExifInterface.java:1447)
01-08 15:34:38.403  3116  3193 W ExifInterface: 	at com.android.providers.media.scan.ModernMediaScanner.scanItemImage(ModernMediaScanner.java:729)
01-08 15:34:38.403  3116  3193 W ExifInterface: 	at com.android.providers.media.scan.ModernMediaScanner.scanItem(ModernMediaScanner.java:502)
01-08 15:34:38.403  3116  3193 W ExifInterface: 	at com.android.providers.media.scan.ModernMediaScanner.access$500(ModernMediaScanner.java:118)
01-08 15:34:38.403  3116  3193 W ExifInterface: 	at com.android.providers.media.scan.ModernMediaScanner$Scan.visitFile(ModernMediaScanner.java:406)
01-08 15:34:38.403  3116  3193 W ExifInterface: 	at com.android.providers.media.scan.ModernMediaScanner$Scan.visitFile(ModernMediaScanner.java:207)
01-08 15:34:38.403  3116  3193 W ExifInterface: 	at java.nio.file.Files.walkFileTree(Files.java:2670)
01-08 15:34:38.403  3116  3193 W ExifInterface: 	at java.nio.file.Files.walkFileTree(Files.java:2742)
01-08 15:34:38.403  3116  3193 W ExifInterface: 	at com.android.providers.media.scan.ModernMediaScanner$Scan.walkFileTree(ModernMediaScanner.java:267)
01-08 15:34:38.403  3116  3193 W ExifInterface: 	at com.android.providers.media.scan.ModernMediaScanner$Scan.run(ModernMediaScanner.java:245)
01-08 15:34:38.403  3116  3193 W ExifInterface: 	at com.android.providers.media.scan.ModernMediaScanner.scanDirectory(ModernMediaScanner.java:166)
01-08 15:34:38.403  3116  3193 W ExifInterface: 	at com.android.providers.media.MediaService.onScanVolume(MediaService.java:150)
01-08 15:34:38.403  3116  3193 W ExifInterface: 	at com.android.providers.media.MediaService.onHandleIntent(MediaService.java:86)
01-08 15:34:38.403  3116  3193 W ExifInterface: 	at android.app.IntentService$ServiceHandler.handleMessage(IntentService.java:78)
01-08 15:34:38.403  3116  3193 W ExifInterface: 	at android.os.Handler.dispatchMessage(Handler.java:107)
01-08 15:34:38.403  3116  3193 W ExifInterface: 	at android.os.Looper.loop(Looper.java:214)
01-08 15:34:38.403  3116  3193 W ExifInterface: 	at android.os.HandlerThread.run(HandlerThread.java:67)
01-08 15:34:38.648  2097  2127 D IpClient.wlan0: interfaceAdded(wlan0)
01-08 15:34:38.727  3329  3329 I ServiceManager: Waiting for service 'media.camera' on '/dev/binder'...
01-08 15:34:38.778   900  2076 I SampleTable: There are reordered frames present.
01-08 15:34:39.001  2097  2127 D IpClient.wlan0: interfaceRemoved(wlan0)
01-08 15:34:39.101  1195  1801 I chatty  : uid=1000(system) EthernetService expire 44 lines
01-08 15:34:39.411  1913  1913 V StatusBar: mStatusBarWindow: com.android.systemui.statusbar.phone.StatusBarWindowView{689b09a V.E...... ........ 0,0-1080,1920} canPanelBeCollapsed(): true
01-08 15:34:39.415  1195  2090 I ActivityTaskManager: START u0 {act=android.settings.SETTINGS flg=0x14000000 cmp=com.android.settings/.homepage.SettingsHomepageActivity} from uid 10097
01-08 15:34:39.453  1195  1246 W WindowManager: Attempted to add application window with unknown token Token{96d593c ActivityRecord{9e1ef2f u0 me.phh.treble.app/.TopLevelSettingsActivity t-1 f}}.  Aborting.
01-08 15:34:39.514  2236  2236 I chatty  : uid=1000(system) com.android.settings expire 45 lines
01-08 15:34:39.641  2097  2127 D IpClient.wlan0: interfaceAdded(wlan0)
01-08 15:34:39.669   866   866 I android.hardware.wifi@1.0-service: Wifi HAL stopped
01-08 15:34:39.690  1195  1260 E BatteryExternalStatsWorker: no controller energy info supplied for wifi
01-08 15:34:39.698  3497  3497 I wificond: wificond is starting up...
01-08 15:34:39.728  3329  3329 I ServiceManager: Waiting for service 'media.camera' on '/dev/binder'...
01-08 15:34:39.771  1913  1913 D StatusBar: disable<e i a s b h r c s > disable2<q i n >
01-08 15:34:39.791  1195  1260 E BatteryExternalStatsWorker: no controller energy info supplied for bluetooth
01-08 15:34:39.792  1195  1260 E BatteryExternalStatsWorker: no controller energy info supplied for telephony
01-08 15:34:39.893  2863  2974 D SuggestionParser: Day 0 for com.android.settings.suggested.category.DEFERRED_SETUP
01-08 15:34:39.895  2863  2974 D CandidateSuggestionFilter: filterCandidates duration: 0
01-08 15:34:39.896  2863  2974 D SuggestionParser: Day 0 for com.android.settings.suggested.category.HIGH_PRIORITY
01-08 15:34:39.900  2863  2974 D CandidateSuggestionFilter: filterCandidates duration: 0
01-08 15:34:39.900  2863  2974 D SuggestionParser: Day 0 for com.android.settings.suggested.category.FIRST_IMPRESSION
01-08 15:34:39.926  2236  2978 I chatty  : uid=1000(system) Binder:2236_5 expire 3 lines
01-08 15:34:39.929  2863  2895 D CandidateSuggestionFilter: Suggestion state result Bundle[{candidate_is_complete=true}]
01-08 15:34:39.929  2863  2974 D CandidateSuggestionFilter: filterCandidates duration: 9
01-08 15:34:39.930  2863  2974 D CandidateSuggestionFilter: filterCandidates duration: 0
01-08 15:34:39.940  2863  2974 I chatty  : uid=10093(u0_a93) Binder:2863_4 identical 18 lines
01-08 15:34:39.941  2863  2974 D CandidateSuggestionFilter: filterCandidates duration: 0
01-08 15:34:39.948  1195  1260 E BatteryExternalStatsWorker: no controller energy info supplied for bluetooth
01-08 15:34:39.948  1195  1260 E BatteryExternalStatsWorker: no controller energy info supplied for telephony
01-08 15:34:40.054  1913  1913 D StatusBar: disable<e i a s b h r c s > disable2<q i n >
01-08 15:34:40.729  3329  3329 I ServiceManager: Waiting for service 'media.camera' on '/dev/binder'...
01-08 15:34:41.180  1195  2090 I ActivityTaskManager: START u0 {act=android.intent.action.MAIN cmp=com.android.settings/.SubSettings (has extras)} from uid 1000
01-08 15:34:41.303  1195  2089 D ConnectivityService: requestNetwork for uid/pid:1000/2236 NetworkRequest [ TRACK_DEFAULT id=19, [ Capabilities: INTERNET&NOT_RESTRICTED&TRUSTED Uid: 1000] ]
01-08 15:34:41.331  2236  3510 I chatty  : uid=1000(system) com.android.settings expire 1 line
01-08 15:34:41.729  3329  3329 I ServiceManager: Waiting for service 'media.camera' on '/dev/binder'...
01-08 15:34:41.792  1195  1195 I chatty  : uid=1000 system_server expire 11 lines
01-08 15:34:41.796   866   866 I android.hardware.wifi@1.0-service: Wifi HAL started
01-08 15:34:41.801   465   465 I hwservicemanager: getTransport: Cannot find entry android.hardware.wifi.supplicant@1.2::ISupplicant/default in either framework or device manifest.
01-08 15:34:42.424  1195  2132 I chatty  : uid=1000(system) Binder:1195_8 expire 2 lines
01-08 15:34:42.730  3329  3329 I ServiceManager: Waiting for service 'media.camera' on '/dev/binder'...
01-08 15:34:42.827   866   866 I WifiHAL : Initializing wifi
01-08 15:34:42.828   866   866 E CLD80211: /vendor/bin/hw/android.hardware.wifi@1.0-service: Could not resolve cld80211 familty id
01-08 15:34:42.829   866   866 E WifiHAL : acquire_driver_supported_features: requestResponse Error:-3
01-08 15:34:42.829   866   866 I WifiHAL : Failed to get vendor feature set : -1
01-08 15:34:42.829   866   866 E WifiHAL : get_firmware_bus_max_size_supported: requestResponse Error:-3
01-08 15:34:42.829   866   866 E WifiHAL : Failed to get supported bus size, error : -3
01-08 15:34:42.829   866   866 E WifiHAL : wifi_logger_ring_buffers_init: Ring buffer logging feature not supported 0
01-08 15:34:42.829   866   866 E WifiHAL : Wifi Logger Ring Initialization Failed
01-08 15:34:42.844   866   866 E WifiHAL : wifiParseCapabilities: QCA_WLAN_VENDOR_ATTR_GSCAN_RESULTS_CAPABILITIES_MAX_NUM_EPNO_NETS not found. Set to 0.
01-08 15:34:42.844   866   866 E WifiHAL : wifiParseCapabilities: QCA_WLAN_VENDOR_ATTR_GSCAN_RESULTS_CAPABILITIES_MAX_NUM_EPNO_NETS_BY_SSID not found. Set to 0.
01-08 15:34:42.844   866   866 E WifiHAL : wifiParseCapabilities: QCA_WLAN_VENDOR_ATTR_GSCAN_RESULTS_CAPABILITIES_MAX_NUM_WHITELISTED_SSID not found. Set to 0.
01-08 15:34:42.844   866   866 E WifiHAL : wifiParseCapabilities: QCA_WLAN_VENDOR_ATTR_GSCAN_RESULTS_CAPABILITIES_MAX_NUM_BLACKLIST_BSSID not found. Set to 0.
01-08 15:34:42.845   866   866 I android.hardware.wifi@1.0-service: Adding interface handle for wlan0
01-08 15:34:42.845   866   866 I android.hardware.wifi@1.0-service: Adding interface handle for p2p0
01-08 15:34:42.845   866   866 I android.hardware.wifi@1.0-service: Configured chip in mode 0
01-08 15:34:42.852   866   866 I WifiHAL : mpdu_size_threshold : 128, aggressive_statistics_gathering : 0
01-08 15:34:42.852   866   866 E WifiHAL : Handle different, update the handle
01-08 15:34:42.854  3497  3497 I wificond: create scanner for interface with index: 38
01-08 15:34:42.854  3497  3497 I wificond: subscribe scan result for interface with index: 38
01-08 15:34:42.855   465   465 I hwservicemanager: getTransport: Cannot find entry android.hardware.wifi.offload@1.0::IOffload/default in either framework or device manifest.
01-08 15:34:42.856  3497  3497 E wificond: No Offload Service available
01-08 15:34:42.856  3497  3497 I wificond: Offload HAL not supported 
01-08 15:34:42.857   465   465 I hwservicemanager: getTransport: Cannot find entry android.hardware.wifi.supplicant@1.2::ISupplicant/default in either framework or device manifest.
01-08 15:34:42.895  3527  3527 I wpa_supplicant: Processing hidl events on FD 3
01-08 15:34:42.897  1195  1788 I chatty  : uid=1000(system) HwBinder:1195_2 expire 9 lines
01-08 15:34:42.898  3527  3527 I wpa_supplicant: Register Vendor HIDL default service
01-08 15:34:42.898  3527  3527 I wpa_supplicant: Successfully initialized wpa_supplicant
01-08 15:34:42.898  1195  1264 I chatty  : uid=1000(system) HwBinder:1195_1 expire 11 lines
01-08 15:34:42.969  3527  3527 I wpa_supplicant: rfkill: Cannot open RFKILL control device
01-08 15:34:43.004  1195  2497 E TaskPersister: File error accessing recents directory (directory doesn't exist?).
01-08 15:34:43.166  3527  3527 E wpa_supplicant: l2_packet_init: ioctl[SIOCGIFHWADDR]: No such device
01-08 15:34:43.174   876   964 I chatty  : uid=0(root) te-mgr-msm_ther expire 112 lines
01-08 15:34:43.196  3527  3527 E wpa_supplicant: nl80211: Failed to open /proc/sys/net/ipv4/conf/wlan0/drop_unicast_in_l2_multicast: No such file or directory
01-08 15:34:43.196  3527  3527 E wpa_supplicant: nl80211: Failed to set IPv4 unicast in multicast filter
01-08 15:34:43.196  3527  3527 E wpa_supplicant: nl80211: Failed to open /proc/sys/net/ipv4/conf/wlan0/drop_unicast_in_l2_multicast: No such file or directory
01-08 15:34:43.196  3527  3527 E wpa_supplicant: nl80211: Failed to set IPv4 unicast in multicast filter
01-08 15:34:43.196  3527  3527 I wpa_supplicant: nl80211: deinit ifname=wlan0 disabled_11b_rates=0
01-08 15:34:43.301  3497  3497 I wificond: Unsubscribe scan result for interface with index: 38
01-08 15:34:43.301  3497  3497 E wificond: Could not read interface state for wlan0 (No such device)
01-08 15:34:43.305  3527  3527 I wpa_supplicant: Terminating...
01-08 15:34:43.390   866   866 I WifiHAL : Sent msg on exit sock to unblock poll()
01-08 15:34:43.391   866  3526 I WifiHAL : exit_event_handler, buf=E
01-08 15:34:43.443   866  3526 E WifiHAL : 1 events were leftover without being freed
01-08 15:34:43.443   866  3526 I android.hardware.wifi@1.0-service: Legacy HAL stop complete callback received
01-08 15:34:43.444   866  3526 E android.hardware.wifi@1.0-service: Could not read interface state for wlan0 (No such device)
01-08 15:34:43.445   866  3526 I WifiHAL : wifi_event_loop() exits success
01-08 15:34:43.730  3329  3329 W ServiceManager: Service media.camera didn't start. Returning NULL
01-08 15:34:43.730  3329  3329 W CameraBase: CameraService not published, waiting...
01-08 15:34:44.026   781   781 I chatty  : uid=1047(cameraserver) /system/bin/cameraserver expire 22 lines
01-08 15:34:44.108  1195  3498 I ActivityTaskManager: START u0 {act=android.intent.action.MAIN cmp=com.android.settings/.SubSettings (has extras)} from uid 1000
01-08 15:34:44.119  3134  3134 I chatty  : uid=1001(radio) com.android.phone expire 9 lines
01-08 15:34:44.202  1195  3498 I chatty  : uid=1000(system) Binder:1195_B expire 4 lines
01-08 15:34:44.231  3329  3329 I ServiceManager: Waiting for service 'media.camera' on '/dev/binder'...
01-08 15:34:44.295   900   900 I SampleTable: There are reordered frames present.
01-08 15:34:44.570   900  2076 I SampleTable: There are reordered frames present.
01-08 15:34:44.783   866   866 I android.hardware.wifi@1.0-service: Wifi HAL stopped
01-08 15:34:44.840  2236  3578 I chatty  : uid=1000(system) com.android.settings expire 19 lines
01-08 15:34:45.231  3329  3329 I ServiceManager: Waiting for service 'media.camera' on '/dev/binder'...
01-08 15:34:45.328  1195  1774 D ConnectivityService: releasing NetworkRequest [ TRACK_DEFAULT id=19, [ Capabilities: INTERNET&NOT_RESTRICTED&TRUSTED Uid: 1000] ] (release request)
01-08 15:34:45.517   900  1154 I SampleTable: There are reordered frames present.
01-08 15:34:46.079   807   807 I chatty  : uid=1000(system) power@1.0-servi expire 47 lines
01-08 15:34:46.205   866   866 I android.hardware.wifi@1.0-service: Wifi HAL started
01-08 15:34:46.209   465   465 I hwservicemanager: getTransport: Cannot find entry android.hardware.wifi.supplicant@1.2::ISupplicant/default in either framework or device manifest.
01-08 15:34:46.232  3329  3329 I ServiceManager: Waiting for service 'media.camera' on '/dev/binder'...
01-08 15:34:46.461   900  1154 I SampleTable: There are reordered frames present.
01-08 15:34:46.552  1195  1767 I chatty  : uid=1000(system) NetworkStats expire 28 lines
01-08 15:34:46.563  1195  1768 I chatty  : uid=1000(system) NetworkPolicy expire 14 lines
01-08 15:34:46.854   900   900 I SampleTable: There are reordered frames present.
01-08 15:34:47.130   866   866 I WifiHAL : Initializing wifi
01-08 15:34:47.131   866   866 E CLD80211: /vendor/bin/hw/android.hardware.wifi@1.0-service: Could not resolve cld80211 familty id
01-08 15:34:47.132   866   866 E WifiHAL : acquire_driver_supported_features: requestResponse Error:-3
01-08 15:34:47.132   866   866 I WifiHAL : Failed to get vendor feature set : -1
01-08 15:34:47.132   866   866 E WifiHAL : get_firmware_bus_max_size_supported: requestResponse Error:-3
01-08 15:34:47.132   866   866 E WifiHAL : Failed to get supported bus size, error : -3
01-08 15:34:47.132   866   866 E WifiHAL : wifi_logger_ring_buffers_init: Ring buffer logging feature not supported 0
01-08 15:34:47.132   866   866 E WifiHAL : Wifi Logger Ring Initialization Failed
01-08 15:34:47.147   866   866 E WifiHAL : wifiParseCapabilities: QCA_WLAN_VENDOR_ATTR_GSCAN_RESULTS_CAPABILITIES_MAX_NUM_EPNO_NETS not found. Set to 0.
01-08 15:34:47.147   866   866 E WifiHAL : wifiParseCapabilities: QCA_WLAN_VENDOR_ATTR_GSCAN_RESULTS_CAPABILITIES_MAX_NUM_EPNO_NETS_BY_SSID not found. Set to 0.
01-08 15:34:47.147   866   866 E WifiHAL : wifiParseCapabilities: QCA_WLAN_VENDOR_ATTR_GSCAN_RESULTS_CAPABILITIES_MAX_NUM_WHITELISTED_SSID not found. Set to 0.
01-08 15:34:47.147   866   866 E WifiHAL : wifiParseCapabilities: QCA_WLAN_VENDOR_ATTR_GSCAN_RESULTS_CAPABILITIES_MAX_NUM_BLACKLIST_BSSID not found. Set to 0.
01-08 15:34:47.148   866   866 I android.hardware.wifi@1.0-service: Adding interface handle for wlan0
01-08 15:34:47.149   866   866 I android.hardware.wifi@1.0-service: Adding interface handle for p2p0
01-08 15:34:47.149   866   866 I android.hardware.wifi@1.0-service: Configured chip in mode 0
01-08 15:34:47.154   866   866 I WifiHAL : mpdu_size_threshold : 128, aggressive_statistics_gathering : 0
01-08 15:34:47.154   866   866 E WifiHAL : Handle different, update the handle
01-08 15:34:47.156  3497  3497 I wificond: create scanner for interface with index: 44
01-08 15:34:47.156  3497  3497 I wificond: subscribe scan result for interface with index: 44
01-08 15:34:47.157   465   465 I hwservicemanager: getTransport: Cannot find entry android.hardware.wifi.offload@1.0::IOffload/default in either framework or device manifest.
01-08 15:34:47.157  3497  3497 E wificond: No Offload Service available
01-08 15:34:47.157  3497  3497 I wificond: Offload HAL not supported 
01-08 15:34:47.158   465   465 I hwservicemanager: getTransport: Cannot find entry android.hardware.wifi.supplicant@1.2::ISupplicant/default in either framework or device manifest.
01-08 15:34:47.192  1195  1256 I ActivityManager: Waited long enough for: ServiceRecord{2bfb262 u0 com.android.providers.media/.MediaService}
01-08 15:34:47.202  3599  3599 I wpa_supplicant: Processing hidl events on FD 3
01-08 15:34:47.208  3599  3599 I wpa_supplicant: Register Vendor HIDL default service
01-08 15:34:47.208  3599  3599 I wpa_supplicant: Successfully initialized wpa_supplicant
01-08 15:34:47.232  3329  3329 I ServiceManager: Waiting for service 'media.camera' on '/dev/binder'...
01-08 15:34:47.269  3599  3599 I wpa_supplicant: rfkill: Cannot open RFKILL control device
01-08 15:34:47.438  3599  3599 E wpa_supplicant: nl80211: Set scan default IEs failed: ret=-11 (Try again)
01-08 15:34:47.438  3599  3599 I wpa_supplicant: Mapping to vendor sta iface
01-08 15:34:47.438  3599  3599 E wpa_supplicant: No VendorStaIfaceCallback is register
01-08 15:34:47.440   465   465 I chatty  : uid=1000(system) hwservicemanage expire 10 lines
01-08 15:34:47.450   866   866 E WifiHAL : acquire_supported_features: requestResponse Error:-4
01-08 15:34:47.450   866   866 E WifiHAL : wifi_get_logger_supported_feature_set: Error -5 happened. 
01-08 15:34:47.450   866   866 E WifiHAL : acquire_supported_features: requestResponse Error:-4
01-08 15:34:47.450   866   866 E WifiHAL : wifi_get_logger_supported_feature_set: Error -5 happened. 
01-08 15:34:47.461   866   866 E WifiHAL : wifi_set_scanning_mac_oui: requestResponse Error:-5
01-08 15:34:47.462   866   866 E WifiHAL : wifi_start_pkt_fate_monitoring: packet fate logging feature not supported 0
01-08 15:34:47.463   866   866 E WifiHAL : wifi_get_driver_version: Error -5 happened. 
01-08 15:34:47.463   866   866 E android.hardware.wifi@1.0-service: Failed to get driver version: INVALID_ARGS
01-08 15:34:47.464   866   866 E WifiHAL : wifi_get_driver_version: Error -5 happened. 
01-08 15:34:47.464   866   866 E android.hardware.wifi@1.0-service: Failed to get driver version: INVALID_ARGS
01-08 15:34:47.465  1195  1771 I chatty  : uid=1000(system) ClientModeImpl expire 274 lines
01-08 15:34:47.465   866   866 E WifiHAL : wifi_get_ring_buffers_status: Ring buffer logging feature not supported 0
01-08 15:34:47.504  2097  2126 D IpClient.wlan0: interfaceRemoved(wlan0)
01-08 15:34:47.504  3599  3599 E wpa_supplicant: No VendorStaIfaceCallback is register
01-08 15:34:47.505  3599  3599 E wpa_supplicant: nl80211: Failed to open /proc/sys/net/ipv4/conf/wlan0/drop_unicast_in_l2_multicast: No such file or directory
01-08 15:34:47.506  3599  3599 E wpa_supplicant: nl80211: Failed to set IPv4 unicast in multicast filter
01-08 15:34:47.598  3599  3599 E wpa_supplicant: wpa_driver_nl80211_driver_cmd: failed to issue private commands
01-08 15:34:47.600  3599  3599 E wpa_supplicant: wpa_driver_nl80211_driver_cmd: failed to issue private commands
01-08 15:34:47.601  3599  3599 E wpa_supplicant: wpa_driver_nl80211_driver_cmd: failed to issue private commands
01-08 15:34:47.602  3599  3599 E wpa_supplicant: wpa_driver_nl80211_driver_cmd: failed to issue private commands
01-08 15:34:47.610  3599  3599 E wpa_supplicant: Could not read interface p2p0 flags: No such device
01-08 15:34:47.611  3599  3599 I wpa_supplicant: nl80211: Driver does not support authentication/association or connect commands
01-08 15:34:47.611  3599  3599 I wpa_supplicant: nl80211: deinit ifname=p2p0 disabled_11b_rates=0
01-08 15:34:47.622  3599  3599 E wpa_supplicant: Could not read interface p2p0 flags: No such device
01-08 15:34:47.622  3599  3599 E wpa_supplicant: p2p0: Failed to initialize driver interface
01-08 15:34:47.633  3497  3497 E wificond: NL80211_CMD_TRIGGER_SCAN failed: No such device
01-08 15:34:47.633  3497  3497 F wificond: scanner_impl.cpp:195] Check failed: error_code != ENODEV Driver is in a bad state, restarting wificond
01-08 15:34:47.633  3497  3497 F libc    : Fatal signal 6 (SIGABRT), code -1 (SI_QUEUE) in tid 3497 (wificond), pid 3497 (wificond)
01-08 15:34:47.660  3642  3642 I crash_dump64: obtaining output fd from tombstoned, type: kDebuggerdTombstone
01-08 15:34:47.661   926   926 I /system/bin/tombstoned: received crash request for pid 3497
01-08 15:34:47.661  3642  3642 I crash_dump64: performing dump of process 3497 (target tid = 3497)
01-08 15:34:47.663  3642  3642 F DEBUG   : *** *** *** *** *** *** *** *** *** *** *** *** *** *** *** ***
01-08 15:34:47.663  3642  3642 F DEBUG   : Build fingerprint: 'unknown/unknown/unknown:10/QQ1D.200105.002/200108:userdebug/test-keys'
01-08 15:34:47.663  3642  3642 F DEBUG   : Revision: '0'
01-08 15:34:47.663  3642  3642 F DEBUG   : ABI: 'arm64'
01-08 15:34:47.663  3642  3642 F DEBUG   : Timestamp: 2020-01-08 15:34:47+0000
01-08 15:34:47.663  3642  3642 F DEBUG   : pid: 3497, tid: 3497, name: wificond  >>> /system/bin/wificond <<<
01-08 15:34:47.663  3642  3642 F DEBUG   : uid: 1010
01-08 15:34:47.663  3642  3642 F DEBUG   : signal 6 (SIGABRT), code -1 (SI_QUEUE), fault addr --------
01-08 15:34:47.663  3642  3642 F DEBUG   : Abort message: 'Check failed: error_code != ENODEV Driver is in a bad state, restarting wificond'
01-08 15:34:47.663  3642  3642 F DEBUG   :     x0  0000000000000000  x1  0000000000000da9  x2  0000000000000006  x3  0000007fcd589ff0
01-08 15:34:47.663  3642  3642 F DEBUG   :     x4  0000000000000000  x5  0000000000000000  x6  0000000000000000  x7  0080808080808080
01-08 15:34:47.663  3642  3642 F DEBUG   :     x8  00000000000000f0  x9  a0d9e81b1bd8e855  x10 0000000000000001  x11 0000000000000000
01-08 15:34:47.663  3642  3642 F DEBUG   :     x12 fffffff0ffffffdf  x13 0000000000000008  x14 0000000000000001  x15 000034a769834b36
01-08 15:34:47.663  3642  3642 F DEBUG   :     x16 000000791de1d8c0  x17 000000791ddfb100  x18 000000791eafc000  x19 0000000000000da9
01-08 15:34:47.663  3642  3642 F DEBUG   :     x20 0000000000000da9  x21 00000000ffffffff  x22 0000007fcd58a228  x23 000000791e373020
01-08 15:34:47.663  3642  3642 F DEBUG   :     x24 0000007fcd58a268  x25 0000007fcd58a268  x26 000000791e373020  x27 0000000000000000
01-08 15:34:47.664  3642  3642 F DEBUG   :     x28 0000000000000000  x29 0000007fcd58a090
01-08 15:34:47.664  3642  3642 F DEBUG   :     sp  0000007fcd589fd0  lr  000000791ddaff48  pc  000000791ddaff74
01-08 15:34:47.668  1195  2497 E TaskPersister: File error accessing recents directory (directory doesn't exist?).
01-08 15:34:47.670  3642  3642 F DEBUG   : 
01-08 15:34:47.670  3642  3642 F DEBUG   : backtrace:
01-08 15:34:47.670  3642  3642 F DEBUG   :       #00 pc 0000000000081f74  /apex/com.android.runtime/lib64/bionic/libc.so (abort+160) (BuildId: 0c11dd187ef9ff6f833cb1140131dc26)
01-08 15:34:47.670  3642  3642 F DEBUG   :       #01 pc 00000000000292b0  /system/bin/wificond (android::base::DefaultAborter(char const*)+12) (BuildId: d5f6c6d82beaea7e5e29d5bfb46bef4e)
01-08 15:34:47.670  3642  3642 F DEBUG   :       #02 pc 0000000000029cbc  /system/bin/wificond (android::base::LogMessage::~LogMessage()+608) (BuildId: d5f6c6d82beaea7e5e29d5bfb46bef4e)
01-08 15:34:47.670  3642  3642 F DEBUG   :       #03 pc 000000000004d670  /system/bin/wificond (android::wificond::ScannerImpl::scan(com::android::server::wifi::wificond::SingleScanSettings const&, bool*)+1480) (BuildId: d5f6c6d82beaea7e5e29d5bfb46bef4e)
01-08 15:34:47.670  3642  3642 F DEBUG   :       #04 pc 000000000004330c  /system/bin/wificond (android::net::wifi::BnWifiScannerImpl::onTransact(unsigned int, android::Parcel const&, android::Parcel*, unsigned int)+356) (BuildId: d5f6c6d82beaea7e5e29d5bfb46bef4e)
01-08 15:34:47.670  3642  3642 F DEBUG   :       #05 pc 000000000004c670  /system/lib64/libbinder.so (android::BBinder::transact(unsigned int, android::Parcel const&, android::Parcel*, unsigned int)+136) (BuildId: db2693ae24608daeb754a62fca72b58d)
01-08 15:34:47.670  3642  3642 F DEBUG   :       #06 pc 000000000005897c  /system/lib64/libbinder.so (android::IPCThreadState::executeCommand(int)+980) (BuildId: db2693ae24608daeb754a62fca72b58d)
01-08 15:34:47.670  3642  3642 F DEBUG   :       #07 pc 00000000000584f4  /system/lib64/libbinder.so (android::IPCThreadState::getAndExecuteCommand()+156) (BuildId: db2693ae24608daeb754a62fca72b58d)
01-08 15:34:47.670  3642  3642 F DEBUG   :       #08 pc 0000000000058d14  /system/lib64/libbinder.so (android::IPCThreadState::handlePolledCommands()+28) (BuildId: db2693ae24608daeb754a62fca72b58d)
01-08 15:34:47.670  3642  3642 F DEBUG   :       #09 pc 0000000000036418  /system/bin/wificond ((anonymous namespace)::WatchFdCallback::handleEvent(int, int, void*)+52) (BuildId: d5f6c6d82beaea7e5e29d5bfb46bef4e)
01-08 15:34:47.670  3642  3642 F DEBUG   :       #10 pc 00000000000371f0  /system/bin/wificond (android::Looper::pollInner(int)+856) (BuildId: d5f6c6d82beaea7e5e29d5bfb46bef4e)
01-08 15:34:47.670  3642  3642 F DEBUG   :       #11 pc 0000000000036df8  /system/bin/wificond (android::Looper::pollOnce(int, int*, int*, void**)+56) (BuildId: d5f6c6d82beaea7e5e29d5bfb46bef4e)
01-08 15:34:47.670  3642  3642 F DEBUG   :       #12 pc 0000000000036050  /system/bin/wificond (android::wificond::LooperBackedEventLoop::Poll()+44) (BuildId: d5f6c6d82beaea7e5e29d5bfb46bef4e)
01-08 15:34:47.670  3642  3642 F DEBUG   :       #13 pc 0000000000019408  /system/bin/wificond (main+928) (BuildId: d5f6c6d82beaea7e5e29d5bfb46bef4e)
01-08 15:34:47.673  3642  3642 F DEBUG   :       #14 pc 000000000007d798  /apex/com.android.runtime/lib64/bionic/libc.so (__libc_init+108) (BuildId: 0c11dd187ef9ff6f833cb1140131dc26)
01-08 15:34:47.705  1195  2002 W NativeCrashListener: Couldn't find ProcessRecord for pid 3497
01-08 15:34:47.708   926   926 E /system/bin/tombstoned: Tombstone written to: /data/tombstones/tombstone_02
01-08 15:34:47.709  3599  3599 E wpa_supplicant: Could not read interface p2p0 flags: No such device
01-08 15:34:47.709  3599  3599 I wpa_supplicant: nl80211: Driver does not support authentication/association or connect commands
01-08 15:34:47.709  3599  3599 I wpa_supplicant: nl80211: deinit ifname=p2p0 disabled_11b_rates=0
01-08 15:34:47.710  3599  3599 E wpa_supplicant: Could not read interface p2p0 flags: No such device
01-08 15:34:47.710  3599  3599 E wpa_supplicant: p2p0: Failed to initialize driver interface
01-08 15:34:47.712  1195  1261 I BootReceiver: Copying /data/tombstones/tombstone_02 to DropBox (SYSTEM_TOMBSTONE)
01-08 15:34:47.713  1195  1261 I DropBoxManagerService: add tag=SYSTEM_TOMBSTONE isTagEnabled=true flags=0x2
01-08 15:34:47.714  3599  3599 E wpa_supplicant: nl80211: Failed to open /proc/sys/net/ipv4/conf/wlan0/drop_unicast_in_l2_multicast: No such file or directory
01-08 15:34:47.714  3599  3599 E wpa_supplicant: nl80211: Failed to set IPv4 unicast in multicast filter
01-08 15:34:47.756  3599  3599 E wpa_supplicant: nl80211: Failed to open /proc/sys/net/ipv4/conf/wlan0/drop_unicast_in_l2_multicast: No such file or directory
01-08 15:34:47.756  3599  3599 E wpa_supplicant: nl80211: Failed to set IPv4 unicast in multicast filter
01-08 15:34:47.756  3599  3599 I wpa_supplicant: nl80211: deinit ifname=wlan0 disabled_11b_rates=0
01-08 15:34:47.758   464   464 I ServiceManager: service 'wificond' died
01-08 15:34:47.810  3599  3599 I wpa_supplicant: Try to unregister vendor interface
01-08 15:34:47.813  3599  3599 I wpa_supplicant: Terminating...
01-08 15:34:47.865   866   866 I WifiHAL : Sent msg on exit sock to unblock poll()
01-08 15:34:47.865   866  3598 I WifiHAL : exit_event_handler, buf=E
01-08 15:34:47.865   866  3598 E WifiHAL : 1 events were leftover without being freed
01-08 15:34:47.865   866  3598 I android.hardware.wifi@1.0-service: Legacy HAL stop complete callback received
01-08 15:34:47.866   866  3598 E android.hardware.wifi@1.0-service: Could not read interface state for wlan0 (No such device)
01-08 15:34:47.866   866  3598 I WifiHAL : wifi_event_loop() exits success
01-08 15:34:48.127  3134  3134 I ServiceManagement: getService: Trying again for android.hardware.radio@1.2::IRadio/slot1...
01-08 15:34:48.149  2097  2126 D IpClient.wlan0: interfaceAdded(wlan0)
01-08 15:34:48.233  3329  3329 I ServiceManager: Waiting for service 'media.camera' on '/dev/binder'...
01-08 15:34:48.518  2097  2126 D IpClient.wlan0: interfaceRemoved(wlan0)
01-08 15:34:48.526   904   904 I chatty  : uid=0(root) Binder:904_3 expire 13 lines
01-08 15:34:48.940   900  2076 I ashmem  : memfd: device VNDK version (28) is < Q so using ashmem.
01-08 15:34:48.988  3116  3193 W ModernMediaScanner: Ignoring troubled file: /storage/emulated/0/WhatsApp Business/Media/WhatsApp Audio/Sent/AUD-20160814-WA0015.mp3
01-08 15:34:48.988  3116  3193 W ModernMediaScanner: java.io.IOException: java.lang.RuntimeException: setDataSource failed: status = 0x80000000
01-08 15:34:48.988  3116  3193 W ModernMediaScanner: 	at com.android.providers.media.scan.ModernMediaScanner.scanItemAudio(ModernMediaScanner.java:647)
01-08 15:34:48.988  3116  3193 W ModernMediaScanner: 	at com.android.providers.media.scan.ModernMediaScanner.scanItem(ModernMediaScanner.java:498)
01-08 15:34:48.988  3116  3193 W ModernMediaScanner: 	at com.android.providers.media.scan.ModernMediaScanner.access$500(ModernMediaScanner.java:118)
01-08 15:34:48.988  3116  3193 W ModernMediaScanner: 	at com.android.providers.media.scan.ModernMediaScanner$Scan.visitFile(ModernMediaScanner.java:406)
01-08 15:34:48.988  3116  3193 W ModernMediaScanner: 	at com.android.providers.media.scan.ModernMediaScanner$Scan.visitFile(ModernMediaScanner.java:207)
01-08 15:34:48.988  3116  3193 W ModernMediaScanner: 	at java.nio.file.Files.walkFileTree(Files.java:2670)
01-08 15:34:48.988  3116  3193 W ModernMediaScanner: 	at java.nio.file.Files.walkFileTree(Files.java:2742)
01-08 15:34:48.988  3116  3193 W ModernMediaScanner: 	at com.android.providers.media.scan.ModernMediaScanner$Scan.walkFileTree(ModernMediaScanner.java:267)
01-08 15:34:48.988  3116  3193 W ModernMediaScanner: 	at com.android.providers.media.scan.ModernMediaScanner$Scan.run(ModernMediaScanner.java:245)
01-08 15:34:48.988  3116  3193 W ModernMediaScanner: 	at com.android.providers.media.scan.ModernMediaScanner.scanDirectory(ModernMediaScanner.java:166)
01-08 15:34:48.988  3116  3193 W ModernMediaScanner: 	at com.android.providers.media.MediaService.onScanVolume(MediaService.java:150)
01-08 15:34:48.988  3116  3193 W ModernMediaScanner: 	at com.android.providers.media.MediaService.onHandleIntent(MediaService.java:86)
01-08 15:34:48.988  3116  3193 W ModernMediaScanner: 	at android.app.IntentService$ServiceHandler.handleMessage(IntentService.java:78)
01-08 15:34:48.988  3116  3193 W ModernMediaScanner: 	at android.os.Handler.dispatchMessage(Handler.java:107)
01-08 15:34:48.988  3116  3193 W ModernMediaScanner: 	at android.os.Looper.loop(Looper.java:214)
01-08 15:34:48.988  3116  3193 W ModernMediaScanner: 	at android.os.HandlerThread.run(HandlerThread.java:67)
01-08 15:34:48.988  3116  3193 W ModernMediaScanner: Caused by: java.lang.RuntimeException: setDataSource failed: status = 0x80000000
01-08 15:34:48.988  3116  3193 W ModernMediaScanner: 	at android.media.MediaMetadataRetriever.setDataSource(Native Method)
01-08 15:34:48.988  3116  3193 W ModernMediaScanner: 	at android.media.MediaMetadataRetriever.setDataSource(MediaMetadataRetriever.java:142)
01-08 15:34:48.988  3116  3193 W ModernMediaScanner: 	at com.android.providers.media.scan.ModernMediaScanner.scanItemAudio(ModernMediaScanner.java:614)
01-08 15:34:48.988  3116  3193 W ModernMediaScanner: 	... 15 more
01-08 15:34:49.128  3134  3134 W ServiceManagement: Waited one second for android.hardware.radio@1.2::IRadio/slot1
01-08 15:34:49.129  3134  3134 I ServiceManagement: getService: Trying again for android.hardware.radio@1.2::IRadio/slot1...
01-08 15:34:49.170  2097  2126 D IpClient.wlan0: interfaceAdded(wlan0)
01-08 15:34:49.185   866   866 I android.hardware.wifi@1.0-service: Wifi HAL stopped
01-08 15:34:49.194  1195  1260 E BatteryExternalStatsWorker: no controller energy info supplied for wifi
01-08 15:34:49.210  3679  3679 I wificond: wificond is starting up...
01-08 15:34:49.233  3329  3329 W ServiceManager: Service media.camera didn't start. Returning NULL
01-08 15:34:49.233  3329  3329 W CameraBase: CameraService not published, waiting...
01-08 15:34:49.734  3329  3329 I ServiceManager: Waiting for service 'media.camera' on '/dev/binder'...
01-08 15:34:50.130  3134  3134 W ServiceManagement: Waited one second for android.hardware.radio@1.2::IRadio/slot1
01-08 15:34:50.131  3134  3134 I ServiceManagement: getService: Trying again for android.hardware.radio@1.2::IRadio/slot1...
01-08 15:34:50.215   900   900 E MPEG4Extractor: No width or height, assuming worst case 1080p
01-08 15:34:50.734  3329  3329 I ServiceManager: Waiting for service 'media.camera' on '/dev/binder'...
01-08 15:34:50.821  1195  2090 I ActivityManager: Killing 2444:com.android.deskclock/u0a112 (adj 985): empty #17
01-08 15:34:50.838   891   891 I chatty  : uid=0(root) main expire 12 lines
01-08 15:34:51.131  3134  3134 W ServiceManagement: Waited one second for android.hardware.radio@1.2::IRadio/slot1
01-08 15:34:51.132  3134  3134 I ServiceManagement: getService: Trying again for android.hardware.radio@1.2::IRadio/slot1...
01-08 15:34:51.196  1195  2090 I ActivityTaskManager: START u0 {act=android.intent.action.MAIN cmp=com.android.settings/.SubSettings (has extras)} from uid 1000
01-08 15:34:51.241   866   866 I android.hardware.wifi@1.0-service: Wifi HAL started
01-08 15:34:51.284  1195  1220 I chatty  : uid=1000(system) ReferenceQueueD expire 6 lines
01-08 15:34:51.335  2236  3691 I chatty  : uid=1000(system) com.android.settings expire 1 line
01-08 15:34:51.620  3116  3193 W IsoInterface: Invalid box at 10298 of length 1751411826 reached beyond end of parent 10352
01-08 15:34:51.637   900   900 I SampleTable: There are reordered frames present.
01-08 15:34:51.656   900   900 I SampleTable: There are reordered frames present.
01-08 15:34:51.675   900  1154 I SampleTable: There are reordered frames present.
01-08 15:34:51.735  3329  3329 I ServiceManager: Waiting for service 'media.camera' on '/dev/binder'...
01-08 15:34:51.744   900  1154 I SampleTable: There are reordered frames present.
01-08 15:34:51.801   900  1154 I SampleTable: There are reordered frames present.
01-08 15:34:51.855   876   957 I chatty  : uid=0(root) te-mgr-batt_the expire 18 lines
01-08 15:34:51.857   876   958 I chatty  : uid=0(root) te-mgr-chg_ther expire 18 lines
01-08 15:34:51.894   876   983 I chatty  : uid=0(root) te-mgr-FRONT_TE expire 75 lines
01-08 15:34:51.903   876   984 I chatty  : uid=0(root) te-mgr-BACK_TEM expire 75 lines
01-08 15:34:52.133  3134  3134 W ServiceManagement: Waited one second for android.hardware.radio@1.2::IRadio/slot1
01-08 15:34:52.134  3134  3134 I ServiceManagement: getService: Trying again for android.hardware.radio@1.2::IRadio/slot1...
01-08 15:34:52.194   866   866 I WifiHAL : Initializing wifi
01-08 15:34:52.196   866   866 E CLD80211: /vendor/bin/hw/android.hardware.wifi@1.0-service: Could not resolve cld80211 familty id
01-08 15:34:52.196   866   866 E WifiHAL : acquire_driver_supported_features: requestResponse Error:-3
01-08 15:34:52.196   866   866 I WifiHAL : Failed to get vendor feature set : -1
01-08 15:34:52.197   866   866 E WifiHAL : get_firmware_bus_max_size_supported: requestResponse Error:-3
01-08 15:34:52.197   866   866 E WifiHAL : Failed to get supported bus size, error : -3
01-08 15:34:52.197   866   866 E WifiHAL : wifi_logger_ring_buffers_init: Ring buffer logging feature not supported 0
01-08 15:34:52.197   866   866 E WifiHAL : Wifi Logger Ring Initialization Failed
01-08 15:34:52.211   866   866 E WifiHAL : wifiParseCapabilities: QCA_WLAN_VENDOR_ATTR_GSCAN_RESULTS_CAPABILITIES_MAX_NUM_EPNO_NETS not found. Set to 0.
01-08 15:34:52.212   866   866 E WifiHAL : wifiParseCapabilities: QCA_WLAN_VENDOR_ATTR_GSCAN_RESULTS_CAPABILITIES_MAX_NUM_EPNO_NETS_BY_SSID not found. Set to 0.
01-08 15:34:52.212   866   866 E WifiHAL : wifiParseCapabilities: QCA_WLAN_VENDOR_ATTR_GSCAN_RESULTS_CAPABILITIES_MAX_NUM_WHITELISTED_SSID not found. Set to 0.
01-08 15:34:52.212   866   866 E WifiHAL : wifiParseCapabilities: QCA_WLAN_VENDOR_ATTR_GSCAN_RESULTS_CAPABILITIES_MAX_NUM_BLACKLIST_BSSID not found. Set to 0.
01-08 15:34:52.212   866   866 I android.hardware.wifi@1.0-service: Adding interface handle for wlan0
01-08 15:34:52.212   866   866 I android.hardware.wifi@1.0-service: Adding interface handle for p2p0
01-08 15:34:52.212   866   866 I android.hardware.wifi@1.0-service: Configured chip in mode 0
01-08 15:34:52.227   866   866 I WifiHAL : mpdu_size_threshold : 128, aggressive_statistics_gathering : 0
01-08 15:34:52.227   866   866 E WifiHAL : Handle different, update the handle
01-08 15:34:52.230  3679  3679 I wificond: create scanner for interface with index: 50
01-08 15:34:52.230  3679  3679 I wificond: subscribe scan result for interface with index: 50
01-08 15:34:52.231  3679  3679 E wificond: No Offload Service available
01-08 15:34:52.231  3679  3679 I wificond: Offload HAL not supported 
01-08 15:34:52.280  3708  3708 I wpa_supplicant: Processing hidl events on FD 3
01-08 15:34:52.285  3708  3708 I wpa_supplicant: Register Vendor HIDL default service
01-08 15:34:52.285  3708  3708 I wpa_supplicant: Successfully initialized wpa_supplicant
01-08 15:34:52.286  1195  3689 I chatty  : uid=1000(system) HwBinder:1195_5 expire 6 lines
01-08 15:34:52.309  3116  3193 I MediaProvider: End Intent { act=android.intent.action.MEDIA_MOUNTED dat=file:///storage/emulated/0 flg=0x5000010 cmp=com.android.providers.media/.MediaService (has extras) }
01-08 15:34:52.347  3708  3708 I wpa_supplicant: rfkill: Cannot open RFKILL control device
01-08 15:34:52.510  1195  1195 V SettingsProvider: Notifying for 0: content://settings/global/wifi_scan_always_enabled
01-08 15:34:52.511   792  2852 I chatty  : uid=1041(audioserver) writer expire 70 lines
01-08 15:34:52.527  3708  3708 E wpa_supplicant: l2_packet_init: ioctl[SIOCGIFHWADDR]: No such device
01-08 15:34:52.528  3708  3708 E wpa_supplicant: TDLS: Failed to open l2_packet connection
01-08 15:34:52.600  3708  3708 E wpa_supplicant: nl80211: Failed to open /proc/sys/net/ipv4/conf/wlan0/drop_unicast_in_l2_multicast: No such file or directory
01-08 15:34:52.600  3708  3708 E wpa_supplicant: nl80211: Failed to set IPv4 unicast in multicast filter
01-08 15:34:52.600  3708  3708 I wpa_supplicant: nl80211: deinit ifname=wlan0 disabled_11b_rates=0
01-08 15:34:52.645  3679  3679 I wificond: Unsubscribe scan result for interface with index: 50
01-08 15:34:52.645  3679  3679 E wificond: Could not read interface state for wlan0 (No such device)
01-08 15:34:52.650  3708  3708 I wpa_supplicant: Terminating...
01-08 15:34:52.695   866   866 I WifiHAL : Sent msg on exit sock to unblock poll()
01-08 15:34:52.695   866  3707 I WifiHAL : exit_event_handler, buf=E
01-08 15:34:52.726   866  3707 E WifiHAL : 1 events were leftover without being freed
01-08 15:34:52.726   866  3707 I android.hardware.wifi@1.0-service: Legacy HAL stop complete callback received
01-08 15:34:52.728   866  3707 E android.hardware.wifi@1.0-service: Could not read interface state for wlan0 (No such device)
01-08 15:34:52.728   866  3707 I WifiHAL : wifi_event_loop() exits success
01-08 15:34:52.736  3329  3329 I ServiceManager: Waiting for service 'media.camera' on '/dev/binder'...
01-08 15:34:53.134  3134  3134 W ServiceManagement: Waited one second for android.hardware.radio@1.2::IRadio/slot1
01-08 15:34:53.135  3134  3134 I ServiceManagement: getService: Trying again for android.hardware.radio@1.2::IRadio/slot1...
01-08 15:34:53.392  1195  1195 V SettingsProvider: Notifying for 0: content://settings/global/ble_scan_always_enabled
01-08 15:34:53.737  3329  3329 I ServiceManager: Waiting for service 'media.camera' on '/dev/binder'...
01-08 15:34:54.133  1913  1913 I KeyButtonView: Back button event: ACTION_DOWN
01-08 15:34:54.135  3134  3134 W ServiceManagement: Waited one second for android.hardware.radio@1.2::IRadio/slot1
01-08 15:34:54.138  3134  3134 I ServiceManagement: getService: Trying again for android.hardware.radio@1.2::IRadio/slot1...
01-08 15:34:54.138   812   812 E VibratorService: Setting amplitude  to: 1856
01-08 15:34:54.184   866   866 I android.hardware.wifi@1.0-service: Wifi HAL stopped
01-08 15:34:54.201   866   866 I android.hardware.wifi@1.0-service: Wifi HAL started
01-08 15:34:54.228  1913  1913 I KeyButtonView: Back button event: ACTION_UP
01-08 15:34:54.229  1195  1243 D AutofillManagerService: onBackKeyPressed()
01-08 15:34:54.270  1195  1245 I ActivityManager: Killing 2632:com.android.provision/u0a92 (adj 985): empty #17
01-08 15:34:54.270  1195  1245 I ActivityManager: Killing 2619:com.android.music/u0a105 (adj 985): empty #18
01-08 15:34:54.294  1874  1874 V AvrcpMediaPlayerList: onActiveSessionsChanged: number of controllers: 0
01-08 15:34:54.738  3329  3329 W ServiceManager: Service media.camera didn't start. Returning NULL
01-08 15:34:54.738  3329  3329 W CameraBase: CameraService not published, waiting...
01-08 15:34:54.815  1195  2497 E TaskPersister: File error accessing recents directory (directory doesn't exist?).
01-08 15:34:55.045   781   781 I chatty  : uid=1047(cameraserver) /system/bin/cameraserver expire 22 lines
01-08 15:34:55.139  3134  3134 W ServiceManagement: Waited one second for android.hardware.radio@1.2::IRadio/slot1
01-08 15:34:55.141  3134  3134 I ServiceManagement: getService: Trying again for android.hardware.radio@1.2::IRadio/slot1...
01-08 15:34:55.225   866   866 I WifiHAL : Initializing wifi
