01-08 15:33:22.343  1195  1195 V NotificationListeners: binding: Intent { act=android.service.notification.NotificationListenerService cmp=com.android.launcher3/.notification.NotificationListener (has extras) }
01-08 15:33:22.343  1195  1195 W ActivityManager: Unable to start service Intent { act=android.service.notification.NotificationListenerService cmp=com.android.launcher3/.notification.NotificationListener } U=0: not found
01-08 15:33:22.343  1195  1195 W NotificationListeners: Unable to bind notification listener service: Intent { act=android.service.notification.NotificationListenerService cmp=com.android.launcher3/.notification.NotificationListener (has extras) } in user 0
01-08 15:33:22.343  1195  1195 I ConditionProviders:  Allowing condition provider com.google.android.GoogleCamera
01-08 15:33:22.343  1195  1195 I ConditionProviders:  Allowing condition provider com.google.intelligence.sense
01-08 15:33:22.343  1195  1195 I ConditionProviders:  Allowing condition provider com.google.android.settings.intelligence
01-08 15:33:22.344  1195  1195 I ConditionProviders:  Allowing condition provider com.google.android.apps.wellbeing
01-08 15:33:22.344  1195  1195 I ConditionProviders:  Allowing condition provider android.ext.services/android.ext.services.notification.Assistant
01-08 15:33:22.344  1195  1195 I NotificationAssistants:  Allowing notification assistant android.ext.services/android.ext.services.notification.Assistant
01-08 15:33:22.344  1195  1195 V NotificationAssistants: enabling notification assistant for 0: ComponentInfo{android.ext.services/android.ext.services.notification.Assistant}
01-08 15:33:22.344  1195  1195 V NotificationAssistants: binding: Intent { act=android.service.notification.NotificationAssistantService cmp=android.ext.services/.notification.Assistant (has extras) }
01-08 15:33:22.345  1195  1195 D NotificationService: Set default NAS to be android.ext.services/android.ext.services.notification.Assistant in 0
01-08 15:33:22.351  1195  1195 D SystemServerTiming: StartNotificationManager took to complete: 15ms
01-08 15:33:22.351  1195  1195 I SystemServer: StartDeviceMonitor
01-08 15:33:22.351  1195  1195 I SystemServiceManager: Starting com.android.server.storage.DeviceStorageMonitorService
01-08 15:33:22.353  1195  1195 D SystemServerTiming: StartDeviceMonitor took to complete: 2ms
01-08 15:33:22.353  1195  1195 I SystemServer: StartLocationManagerService
01-08 15:33:22.354  1195  1195 D SystemServerTiming: StartLocationManagerService took to complete: 1ms
01-08 15:33:22.354  1195  1195 I SystemServer: StartCountryDetectorService
01-08 15:33:22.354  1195  1195 D SystemServerTiming: StartCountryDetectorService took to complete: 0ms
01-08 15:33:22.355  1195  1195 I SystemServer: StartTimeDetectorService
01-08 15:33:22.355  1195  1195 I SystemServiceManager: Starting com.android.server.timedetector.TimeDetectorService$Lifecycle
01-08 15:33:22.355  1195  1195 D SystemServerTiming: StartTimeDetectorService took to complete: 1ms
01-08 15:33:22.355  1195  1195 I SystemServer: StartSearchManagerService
01-08 15:33:22.356  1195  1195 I SystemServiceManager: Starting com.android.server.search.SearchManagerService$Lifecycle
01-08 15:33:22.356  1195  1195 D SystemServerTiming: StartSearchManagerService took to complete: 1ms
01-08 15:33:22.357  1195  1195 I SystemServer: StartWallpaperManagerService
01-08 15:33:22.357  1195  1195 I SystemServiceManager: Starting com.android.server.wallpaper.WallpaperManagerService$Lifecycle
01-08 15:33:22.357  1195  1195 D SystemServerTiming: StartWallpaperManagerService took to complete: 1ms
01-08 15:33:22.357  1195  1195 I SystemServer: StartAudioService
01-08 15:33:22.358  1195  1195 I SystemServiceManager: Starting com.android.server.audio.AudioService$Lifecycle
01-08 15:33:22.384  1195  1195 D SystemServerTiming: StartAudioService took to complete: 27ms
01-08 15:33:22.384  1195  1195 I SystemServer: StartDockObserver
01-08 15:33:22.384  1195  1195 I SystemServiceManager: Starting com.android.server.DockObserver
01-08 15:33:22.386  1195  1195 D SystemServerTiming: StartDockObserver took to complete: 1ms
01-08 15:33:22.386  1195  1195 I SystemServer: StartWiredAccessoryManager
01-08 15:33:22.386  1195  1195 W WiredAccessoryManager: This kernel does not have usb audio support
01-08 15:33:22.387  1195  1195 D SystemServerTiming: StartWiredAccessoryManager took to complete: 1ms
01-08 15:33:22.387  1195  1195 I SystemServer: StartMidiManager
01-08 15:33:22.387  1195  1195 I SystemServiceManager: Starting com.android.server.midi.MidiService$Lifecycle
01-08 15:33:22.388  1195  1195 D SystemServerTiming: StartMidiManager took to complete: 1ms
01-08 15:33:22.388  1195  1195 I SystemServer: StartAdbService
01-08 15:33:22.388  1195  1195 I SystemServiceManager: Starting com.android.server.adb.AdbService$Lifecycle
01-08 15:33:22.389  1195  1195 D SystemServerTiming: StartAdbService took to complete: 2ms
01-08 15:33:22.389  1195  1195 I SystemServer: StartUsbService
01-08 15:33:22.389  1195  1195 I SystemServiceManager: Starting com.android.server.usb.UsbService$Lifecycle
01-08 15:33:22.392  1195  1195 I UsbDeviceManager: USB GADGET HAL not present in the device
01-08 15:33:22.392  1195  1195 I UsbDeviceManager: java.util.NoSuchElementException
01-08 15:33:22.392  1195  1195 I UsbDeviceManager: 	at android.os.HwBinder.getService(Native Method)
01-08 15:33:22.392  1195  1195 I UsbDeviceManager: 	at android.hardware.usb.gadget.V1_0.IUsbGadget.getService(IUsbGadget.java:55)
01-08 15:33:22.392  1195  1195 I UsbDeviceManager: 	at android.hardware.usb.gadget.V1_0.IUsbGadget.getService(IUsbGadget.java:62)
01-08 15:33:22.392  1195  1195 I UsbDeviceManager: 	at com.android.server.usb.UsbDeviceManager.<init>(UsbDeviceManager.java:262)
01-08 15:33:22.392  1195  1195 I UsbDeviceManager: 	at com.android.server.usb.UsbService.<init>(UsbService.java:150)
01-08 15:33:22.392  1195  1195 I UsbDeviceManager: 	at com.android.server.usb.UsbService$Lifecycle.onStart(UsbService.java:84)
01-08 15:33:22.392  1195  1195 I UsbDeviceManager: 	at com.android.server.SystemServiceManager.startService(SystemServiceManager.java:129)
01-08 15:33:22.392  1195  1195 I UsbDeviceManager: 	at com.android.server.SystemServiceManager.startService(SystemServiceManager.java:116)
01-08 15:33:22.392  1195  1195 I UsbDeviceManager: 	at com.android.server.SystemServiceManager.startService(SystemServiceManager.java:75)
01-08 15:33:22.392  1195  1195 I UsbDeviceManager: 	at com.android.server.SystemServer.startOtherServices(SystemServer.java:1541)
01-08 15:33:22.392  1195  1195 I UsbDeviceManager: 	at com.android.server.SystemServer.run(SystemServer.java:513)
01-08 15:33:22.392  1195  1195 I UsbDeviceManager: 	at com.android.server.SystemServer.main(SystemServer.java:350)
01-08 15:33:22.392  1195  1195 I UsbDeviceManager: 	at java.lang.reflect.Method.invoke(Native Method)
01-08 15:33:22.392  1195  1195 I UsbDeviceManager: 	at com.android.internal.os.RuntimeInit$MethodAndArgsCaller.run(RuntimeInit.java:492)
01-08 15:33:22.392  1195  1195 I UsbDeviceManager: 	at com.android.internal.os.ZygoteInit.main(ZygoteInit.java:908)
01-08 15:33:22.392  1195  1195 E UsbDeviceManager: Failed to open control for ptp
01-08 15:33:22.401  1195  1195 W StorageManagerService: No primary storage defined yet; hacking together a stub
01-08 15:33:22.405  1195  1264 I UsbPortManager: Usb hal service started android.hardware.usb@1.0::IUsb default
01-08 15:33:22.408  1195  1195 D SystemServerTiming: StartUsbService took to complete: 18ms
01-08 15:33:22.408  1195  1195 I SystemServer: StartSerialService
01-08 15:33:22.408  1195  1195 D SystemServerTiming: StartSerialService took to complete: 0ms
01-08 15:33:22.408  1195  1195 I SystemServer: StartHardwarePropertiesManagerService
01-08 15:33:22.410  1195  1195 D SystemServerTiming: StartHardwarePropertiesManagerService took to complete: 1ms
01-08 15:33:22.410  1195  1195 I SystemServer: StartTwilightService
01-08 15:33:22.410  1195  1195 I SystemServiceManager: Starting com.android.server.twilight.TwilightService
01-08 15:33:22.410  1195  1195 D SystemServerTiming: StartTwilightService took to complete: 0ms
01-08 15:33:22.410  1195  1195 I SystemServer: StartColorDisplay
01-08 15:33:22.410  1195  1195 I SystemServiceManager: Starting com.android.server.display.color.ColorDisplayService
01-08 15:33:22.411  1195  1195 D SystemServerTiming: StartColorDisplay took to complete: 0ms
01-08 15:33:22.411  1195  1195 I SystemServer: StartJobScheduler
01-08 15:33:22.411  1195  1195 I SystemServiceManager: Starting com.android.server.job.JobSchedulerService
01-08 15:33:22.448  1195  1195 I JobStore: Read 0 jobs
01-08 15:33:22.453  1195  1195 D SystemServerTiming: StartJobScheduler took to complete: 42ms
01-08 15:33:22.453  1195  1195 I SystemServer: StartSoundTrigger
01-08 15:33:22.453  1195  1195 I SystemServiceManager: Starting com.android.server.soundtrigger.SoundTriggerService
01-08 15:33:22.453  1195  1195 D SystemServerTiming: StartSoundTrigger took to complete: 1ms
01-08 15:33:22.454  1195  1195 I SystemServer: StartTrustManager
01-08 15:33:22.454  1195  1195 I SystemServiceManager: Starting com.android.server.trust.TrustManagerService
01-08 15:33:22.455  1195  1195 D SystemServerTiming: StartTrustManager took to complete: 1ms
01-08 15:33:22.455  1195  1195 I SystemServer: StartBackupManager
01-08 15:33:22.455  1195  1195 I SystemServiceManager: Starting com.android.server.backup.BackupManagerService$Lifecycle
01-08 15:33:22.456  1195  1195 D SystemServerTiming: StartBackupManager took to complete: 2ms
01-08 15:33:22.456  1195  1195 I SystemServer: StartAppWidgetService
01-08 15:33:22.456  1195  1195 I SystemServiceManager: Starting com.android.server.appwidget.AppWidgetService
01-08 15:33:22.458  1195  1195 D SystemServerTiming: StartAppWidgetService took to complete: 2ms
01-08 15:33:22.458  1195  1195 I SystemServer: StartRoleManagerService
01-08 15:33:22.460  1195  1195 D SystemServerTiming: StartRoleManagerService took to complete: 1ms
01-08 15:33:22.460  1195  1195 I SystemServer: StartVoiceRecognitionManager
01-08 15:33:22.460  1195  1195 I SystemServiceManager: Starting com.android.server.voiceinteraction.VoiceInteractionManagerService
01-08 15:33:22.461  1195  1195 I RoleUserState: roles.xml not found
01-08 15:33:22.461  1195  1195 D SystemServerTiming: StartVoiceRecognitionManager took to complete: 2ms
01-08 15:33:22.461  1195  1195 I SystemServer: StartGestureLauncher
01-08 15:33:22.461  1195  1195 I SystemServiceManager: Starting com.android.server.GestureLauncherService
01-08 15:33:22.461  1195  1195 D SystemServerTiming: StartGestureLauncher took to complete: 0ms
01-08 15:33:22.461  1195  1195 I SystemServer: StartSensorNotification
01-08 15:33:22.461  1195  1195 I SystemServiceManager: Starting com.android.server.SensorNotificationService
01-08 15:33:22.461  1195  1195 D SystemServerTiming: StartSensorNotification took to complete: 0ms
01-08 15:33:22.461  1195  1195 I SystemServer: StartContextHubSystemService
01-08 15:33:22.461  1195  1195 I SystemServiceManager: Starting com.android.server.ContextHubSystemService
01-08 15:33:22.462  1195  1195 D SystemServerTiming: StartContextHubSystemService took to complete: 0ms
01-08 15:33:22.462  1195  1195 I SystemServer: StartDiskStatsService
01-08 15:33:22.462  1195  1249 D SystemServerInitThreadPool: Started executing Init ContextHubSystemService
01-08 15:33:22.463  1195  1249 D SystemServerInitThreadPool: Finished executing Init ContextHubSystemService
01-08 15:33:22.463  1195  1195 D SystemServerTiming: StartDiskStatsService took to complete: 2ms
01-08 15:33:22.463  1195  1195 I SystemServer: RuntimeService
01-08 15:33:22.464  1195  1195 D SystemServerTiming: RuntimeService took to complete: 0ms
01-08 15:33:22.464  1195  1195 I SystemServer: StartNetworkTimeUpdateService
01-08 15:33:22.464  1195  1195 D SystemServer: Using networkTimeUpdater class=class com.android.server.NewNetworkTimeUpdateService
01-08 15:33:22.465  1195  1195 D SystemServerTiming: StartNetworkTimeUpdateService took to complete: 1ms
01-08 15:33:22.465  1195  1195 I SystemServer: CertBlacklister
01-08 15:33:22.465  1195  1195 D SystemServerTiming: CertBlacklister took to complete: 1ms
01-08 15:33:22.465  1195  1195 I SystemServer: StartEmergencyAffordanceService
01-08 15:33:22.466  1195  1195 I SystemServiceManager: Starting com.android.server.emergency.EmergencyAffordanceService
01-08 15:33:22.466  1195  1195 D SystemServerTiming: StartEmergencyAffordanceService took to complete: 0ms
01-08 15:33:22.466  1195  1195 I SystemServer: StartDreamManager
01-08 15:33:22.466  1195  1195 I SystemServiceManager: Starting com.android.server.dreams.DreamManagerService
01-08 15:33:22.467  1195  1195 D SystemServerTiming: StartDreamManager took to complete: 1ms
01-08 15:33:22.467  1195  1195 I SystemServer: AddGraphicsStatsService
01-08 15:33:22.537  1195  1195 D SystemServerTiming: AddGraphicsStatsService took to complete: 71ms
01-08 15:33:22.537  1195  1195 I SystemServer: StartPrintManager
01-08 15:33:22.537  1195  1195 I SystemServiceManager: Starting com.android.server.print.PrintManagerService
01-08 15:33:22.539  1195  1195 D SystemServerTiming: StartPrintManager took to complete: 1ms
01-08 15:33:22.539  1195  1195 I SystemServer: StartCompanionDeviceManager
01-08 15:33:22.539  1195  1195 I SystemServiceManager: Starting com.android.server.companion.CompanionDeviceManagerService
01-08 15:33:22.541  1195  1195 D SystemServerTiming: StartCompanionDeviceManager took to complete: 2ms
01-08 15:33:22.541  1195  1195 I SystemServer: StartRestrictionManager
01-08 15:33:22.541  1195  1195 I SystemServiceManager: Starting com.android.server.restrictions.RestrictionsManagerService
01-08 15:33:22.542  1195  1195 D SystemServerTiming: StartRestrictionManager took to complete: 1ms
01-08 15:33:22.542  1195  1195 I SystemServer: StartMediaSessionService
01-08 15:33:22.542  1195  1195 I SystemServiceManager: Starting com.android.server.media.MediaSessionService
01-08 15:33:22.553  1195  1195 D SystemServerTiming: StartMediaSessionService took to complete: 11ms
01-08 15:33:22.553  1195  1195 I SystemServer: StartMediaResourceMonitor
01-08 15:33:22.553  1195  1195 I SystemServiceManager: Starting com.android.server.media.MediaResourceMonitorService
01-08 15:33:22.553  1195  1195 D SystemServerTiming: StartMediaResourceMonitor took to complete: 1ms
01-08 15:33:22.553  1195  1195 I SystemServer: StartMediaRouterService
01-08 15:33:22.554  1195  1195 D SystemServerTiming: StartMediaRouterService took to complete: 1ms
01-08 15:33:22.554  1195  1195 I SystemServer: StartFingerprintSensor
01-08 15:33:22.555  1195  1195 I SystemServiceManager: Starting com.android.server.biometrics.fingerprint.FingerprintService
01-08 15:33:22.558  1195  1195 D PHH-Enroll: FacolaView hello
01-08 15:33:22.558  1195  1195 D PHH-Enroll: Created facola...
01-08 15:33:22.559  1195  1195 D SystemServerTiming: StartFingerprintSensor took to complete: 4ms
01-08 15:33:22.559  1195  1337 D SystemServerInitThreadPool: Started executing FingerprintService.onStart
01-08 15:33:22.559  1195  1195 I SystemServer: StartBiometricService
01-08 15:33:22.559  1195  1195 I SystemServiceManager: Starting com.android.server.biometrics.BiometricService
01-08 15:33:22.559  1195  1337 V FingerprintService: mDaemon was null, reconnect to fingerprint
01-08 15:33:22.561  1195  1337 V FingerprintService: Fingerprint HAL id: 487468312576
01-08 15:33:22.561  1195  1195 D SystemServerTiming: StartBiometricService took to complete: 2ms
01-08 15:33:22.561  1195  1195 I SystemServer: StartBackgroundDexOptService
01-08 15:33:22.562  1195  1195 D SystemServerTiming: StartBackgroundDexOptService took to complete: 0ms
01-08 15:33:22.562  1195  1195 I SystemServer: StartDynamicCodeLoggingService
01-08 15:33:22.563  1195  1195 D SystemServerTiming: StartDynamicCodeLoggingService took to complete: 1ms
01-08 15:33:22.563  1195  1195 I SystemServer: StartPruneInstantAppsJobService
01-08 15:33:22.563  1195  1195 D SystemServerTiming: StartPruneInstantAppsJobService took to complete: 0ms
01-08 15:33:22.563  1195  1195 I SystemServer: StartShortcutServiceLifecycle
01-08 15:33:22.563  1195  1195 I SystemServiceManager: Starting com.android.server.pm.ShortcutService$Lifecycle
01-08 15:33:22.565  1195  1195 D SystemServerTiming: StartShortcutServiceLifecycle took to complete: 3ms
01-08 15:33:22.565  1195  1195 I SystemServer: StartLauncherAppsService
01-08 15:33:22.565  1195  1195 I SystemServiceManager: Starting com.android.server.pm.LauncherAppsService
01-08 15:33:22.566  1195  1195 D SystemServerTiming: StartLauncherAppsService took to complete: 1ms
01-08 15:33:22.566  1195  1195 I SystemServer: StartCrossProfileAppsService
01-08 15:33:22.566  1195  1195 I SystemServiceManager: Starting com.android.server.pm.CrossProfileAppsService
01-08 15:33:22.567  1195  1195 D SystemServerTiming: StartCrossProfileAppsService took to complete: 0ms
01-08 15:33:22.567  1195  1195 I SystemServer: StartMediaProjectionManager
01-08 15:33:22.567  1195  1195 I SystemServiceManager: Starting com.android.server.media.projection.MediaProjectionManagerService
01-08 15:33:22.576  1195  1195 D SystemServerTiming: StartMediaProjectionManager took to complete: 10ms
01-08 15:33:22.576  1195  1195 I SystemServer: StartSliceManagerService
01-08 15:33:22.577  1195  1195 I SystemServiceManager: Starting com.android.server.slice.SliceManagerService$Lifecycle
01-08 15:33:22.578  1195  1195 D SystemServerTiming: StartSliceManagerService took to complete: 2ms
01-08 15:33:22.578  1195  1195 I SystemServer: StartCameraServiceProxy
01-08 15:33:22.578  1195  1195 I SystemServiceManager: Starting com.android.server.camera.CameraServiceProxy
01-08 15:33:22.580  1195  1195 D SystemServerTiming: StartCameraServiceProxy took to complete: 1ms
01-08 15:33:22.580  1195  1195 I SystemServer: StartStatsCompanionService
01-08 15:33:22.580  1195  1195 I SystemServiceManager: Starting com.android.server.stats.StatsCompanionService$Lifecycle
01-08 15:33:22.617  1195  1195 I StatsCompanionService: register thermal listener successfully
01-08 15:33:22.619  1195  1195 E KernelCpuThreadReader: Failed to initialize KernelCpuThreadReader
01-08 15:33:22.619  1195  1195 E KernelCpuThreadReader: java.nio.file.NoSuchFileException: /proc/self/time_in_state
01-08 15:33:22.619  1195  1195 E KernelCpuThreadReader: 	at sun.nio.fs.UnixFileSystemProvider.newByteChannel(UnixFileSystemProvider.java:214)
01-08 15:33:22.619  1195  1195 E KernelCpuThreadReader: 	at java.nio.file.Files.newByteChannel(Files.java:361)
01-08 15:33:22.619  1195  1195 E KernelCpuThreadReader: 	at java.nio.file.Files.newByteChannel(Files.java:407)
01-08 15:33:22.619  1195  1195 E KernelCpuThreadReader: 	at java.nio.file.Files.readAllBytes(Files.java:3152)
01-08 15:33:22.619  1195  1195 E KernelCpuThreadReader: 	at com.android.internal.os.ProcTimeInStateReader.initializeTimeInStateFormat(ProcTimeInStateReader.java:163)
01-08 15:33:22.619  1195  1195 E KernelCpuThreadReader: 	at com.android.internal.os.ProcTimeInStateReader.<init>(ProcTimeInStateReader.java:110)
01-08 15:33:22.619  1195  1195 E KernelCpuThreadReader: 	at com.android.internal.os.KernelCpuThreadReader.<init>(KernelCpuThreadReader.java:137)
01-08 15:33:22.619  1195  1195 E KernelCpuThreadReader: 	at com.android.internal.os.KernelCpuThreadReader.create(KernelCpuThreadReader.java:150)
01-08 15:33:22.619  1195  1195 E KernelCpuThreadReader: 	at com.android.internal.os.KernelCpuThreadReaderSettingsObserver.<init>(KernelCpuThreadReaderSettingsObserver.java:94)
01-08 15:33:22.619  1195  1195 E KernelCpuThreadReader: 	at com.android.internal.os.KernelCpuThreadReaderSettingsObserver.getSettingsModifiedReader(KernelCpuThreadReaderSettingsObserver.java:79)
01-08 15:33:22.619  1195  1195 E KernelCpuThreadReader: 	at com.android.server.stats.StatsCompanionService.<init>(StatsCompanionService.java:377)
01-08 15:33:22.619  1195  1195 E KernelCpuThreadReader: 	at com.android.server.stats.StatsCompanionService$Lifecycle.onStart(StatsCompanionService.java:2539)
01-08 15:33:22.619  1195  1195 E KernelCpuThreadReader: 	at com.android.server.SystemServiceManager.startService(SystemServiceManager.java:129)
01-08 15:33:22.619  1195  1195 E KernelCpuThreadReader: 	at com.android.server.SystemServiceManager.startService(SystemServiceManager.java:116)
01-08 15:33:22.619  1195  1195 E KernelCpuThreadReader: 	at com.android.server.SystemServer.startOtherServices(SystemServer.java:1888)
01-08 15:33:22.619  1195  1195 E KernelCpuThreadReader: 	at com.android.server.SystemServer.run(SystemServer.java:513)
01-08 15:33:22.619  1195  1195 E KernelCpuThreadReader: 	at com.android.server.SystemServer.main(SystemServer.java:350)
01-08 15:33:22.619  1195  1195 E KernelCpuThreadReader: 	at java.lang.reflect.Method.invoke(Native Method)
01-08 15:33:22.619  1195  1195 E KernelCpuThreadReader: 	at com.android.internal.os.RuntimeInit$MethodAndArgsCaller.run(RuntimeInit.java:492)
01-08 15:33:22.619  1195  1195 E KernelCpuThreadReader: 	at com.android.internal.os.ZygoteInit.main(ZygoteInit.java:908)
01-08 15:33:22.620  1195  1195 D SystemServerTiming: StartStatsCompanionService took to complete: 40ms
01-08 15:33:22.620  1195  1195 I SystemServer: StartIncidentCompanionService
01-08 15:33:22.620  1195  1195 I SystemServiceManager: Starting com.android.server.incident.IncidentCompanionService
01-08 15:33:22.621  1195  1195 D SystemServerTiming: StartIncidentCompanionService took to complete: 0ms
01-08 15:33:22.621  1195  1195 I SystemServer: StartMmsService
01-08 15:33:22.621  1195  1195 I SystemServiceManager: Starting com.android.server.MmsServiceBroker
01-08 15:33:22.621  1195  1195 D SystemServerTiming: StartMmsService took to complete: 1ms
01-08 15:33:22.621  1195  1195 I SystemServer: StartAutoFillService
01-08 15:33:22.622  1195  1195 I SystemServiceManager: Starting com.android.server.autofill.AutofillManagerService
01-08 15:33:22.623  1195  1195 D AutofillManagerService: setLogLevelFromSettings(): level=2, debug=true, verbose=false
01-08 15:33:22.623  1195  1195 D AutofillManagerService: setMaxPartitionsFromSettings(): 10
01-08 15:33:22.623  1195  1195 D AutofillManagerService: setMaxVisibleDatasetsFromSettings(): 0
01-08 15:33:22.624  1195  1195 D AutofillManagerServiceImpl: Reset component for user 0:
01-08 15:33:22.624  1195  1243 D AutofillUI: destroySaveUiUiThread(): already destroyed
01-08 15:33:22.625  1195  1195 D SystemServerTiming: StartAutoFillService took to complete: 3ms
01-08 15:33:22.625  1195  1195 I SystemServer: StartClipboardService
01-08 15:33:22.625  1195  1195 I SystemServiceManager: Starting com.android.server.clipboard.ClipboardService
01-08 15:33:22.626  1195  1195 D SystemServerTiming: StartClipboardService took to complete: 1ms
01-08 15:33:22.626  1195  1195 I SystemServer: AppServiceManager
01-08 15:33:22.626  1195  1195 I SystemServiceManager: Starting com.android.server.appbinding.AppBindingService$Lifecycle
01-08 15:33:22.627  1195  1195 D SystemServerTiming: AppServiceManager took to complete: 1ms
01-08 15:33:22.627  1195  1195 I SystemServer: MakeVibratorServiceReady
01-08 15:33:22.628  1195  1195 D SystemServerTiming: MakeVibratorServiceReady took to complete: 1ms
01-08 15:33:22.628  1195  1195 I SystemServer: MakeLockSettingsServiceReady
01-08 15:33:22.630  1195  1337 V FingerprintService: Enumerating user(0)
01-08 15:33:22.631  1195  1337 D SystemServerInitThreadPool: Finished executing FingerprintService.onStart
01-08 15:33:23.740  1195  1195 I LockSettingsService: Migrated lock settings to new location
01-08 15:33:23.789  1195  1195 I LockSettingsService: Migrated per-user lock settings to new location
01-08 15:33:23.922  1195  1195 I LockSettingsService: Migrated biometric weak to use the fallback instead
01-08 15:33:23.925  1195  1195 I LockSettingsService: Migrated lockscreen disabled flag
01-08 15:33:23.929  1195  1195 I SyntheticPasswordManager: Device does not support weaver
01-08 15:33:23.931  1195  1195 I LockSettingsService: Device doesn't implement AuthSecret HAL
01-08 15:33:23.933  1195  1195 E LockSettingsStorage: Cannot read file java.io.FileNotFoundException: /data/system/gatekeeper.password.key: open failed: ENOENT (No such file or directory)
01-08 15:33:23.933  1195  1195 E LockSettingsStorage: Cannot read file java.io.FileNotFoundException: /data/system/password.key: open failed: ENOENT (No such file or directory)
01-08 15:33:23.934  1195  1195 E LockSettingsStorage: Cannot read file java.io.FileNotFoundException: /data/system/gatekeeper.pattern.key: open failed: ENOENT (No such file or directory)
01-08 15:33:23.934  1195  1195 E LockSettingsStorage: Cannot read file java.io.FileNotFoundException: /data/system/gatekeeper.gesture.key: open failed: ENOENT (No such file or directory)
01-08 15:33:23.936  1195  1195 E LockSettingsStorage: Cannot read file java.io.FileNotFoundException: /data/system/gesture.key: open failed: ENOENT (No such file or directory)
01-08 15:33:23.936  1195  1195 D SystemServerTiming: MakeLockSettingsServiceReady took to complete: 1307ms
01-08 15:33:23.936  1195  1195 I SystemServer: StartBootPhaseLockSettingsReady
01-08 15:33:23.936  1195  1195 I SystemServiceManager: Starting phase 480
01-08 15:33:23.939  1195  1345 D SystemServerInitThreadPool: Started executing DevicePolicyManager
01-08 15:33:23.940  1195  1345 D SystemServerInitThreadPool: Finished executing DevicePolicyManager
01-08 15:33:23.987  1195  1195 D SystemServerTiming: StartBootPhaseLockSettingsReady took to complete: 52ms
01-08 15:33:23.987  1195  1195 I SystemServer: StartBootPhaseSystemServicesReady
01-08 15:33:23.987  1195  1195 I SystemServiceManager: Starting phase 500
01-08 15:33:23.988  1195  1195 D AppStandbyController: Setting app idle enabled state
01-08 15:33:23.989  1195  1195 D AppStandbyController: Initializing defaults for system apps on user 0, appIdleEnabled=true
01-08 15:33:23.992  1195  1195 E AppIdleHistory: Unable to read app idle file for user 0
01-08 15:33:24.386  1195  1195 W SystemServiceManager: Service com.android.server.usage.UsageStatsService took 399 ms in onBootPhase
01-08 15:33:24.392  1195  1195 I VrManagerService: No default vr listener service found.
01-08 15:33:24.395  1195  1195 D TestHarnessModeService: Setting up test harness mode
01-08 15:33:24.396  1195  1195 D TestHarnessModeService: Getting PersistentDataBlockManagerInternal from LocalServices
01-08 15:33:24.422  1195  1195 I WifiService: WifiService starting up with Wi-Fi enabled
01-08 15:33:24.440  1195  1774 D ConnectivityService: Got NetworkFactory Messenger for Ethernet
01-08 15:33:24.447  1195  1195 W SoundTriggerHelper: listModules status=0, # of modules=0
01-08 15:33:24.448  1195  1195 D SystemServerTiming: StartBootPhaseSystemServicesReady took to complete: 461ms
01-08 15:33:24.448  1195  1195 I SystemServer: MakeWindowManagerServiceReady
01-08 15:33:24.458  1195  1195 D SystemServerTiming: MakeWindowManagerServiceReady took to complete: 9ms
01-08 15:33:24.458  1195  1195 I SystemServer: MakePowerManagerServiceReady
01-08 15:33:24.462  1195  1195 E DisplayPowerController: failed to set up display white-balance: java.lang.IllegalStateException: cannot find sensor com.google.sensor.color
01-08 15:33:24.475  1195  1263 W KeyguardServiceDelegate: onScreenTurningOn(): no keyguard service!
01-08 15:33:24.478  1195  1260 W KernelCpuProcStringReader: File not found. It's normal if not implemented: /proc/uid_concurrent_active_time
01-08 15:33:24.478  1195  1260 W KernelCpuProcStringReader: File not found. It's normal if not implemented: /proc/uid_concurrent_policy_time
01-08 15:33:24.482  1195  1263 V DisplayPowerController: Brightness [88] reason changing to: 'override', previous reason: '0'.
01-08 15:33:24.496  1195  1195 D SystemServerTiming: MakePowerManagerServiceReady took to complete: 37ms
01-08 15:33:24.496  1195  1195 I SystemServer: StartPermissionPolicyService
01-08 15:33:24.496  1195  1195 I SystemServiceManager: Starting com.android.server.policy.PermissionPolicyService
01-08 15:33:24.497  1195  1195 D SystemServerTiming: StartPermissionPolicyService took to complete: 2ms
01-08 15:33:24.497  1195  1195 I SystemServer: MakePackageManagerServiceReady
01-08 15:33:24.506   692   697 D vold    : Remounting 1001 as mode default
01-08 15:33:24.514   692   697 D vold    : Found matching PID 883
01-08 15:33:24.514   692   697 W vold    : Skipping due to root namespace
01-08 15:33:24.514   692   697 D vold    : Found matching PID 884
01-08 15:33:24.515   692   697 W vold    : Skipping due to root namespace
01-08 15:33:24.515   692   697 D vold    : Found matching PID 885
01-08 15:33:24.515   692   697 W vold    : Skipping due to root namespace
01-08 15:33:24.515   692   697 D vold    : Found matching PID 886
01-08 15:33:24.515   692   697 W vold    : Skipping due to root namespace
01-08 15:33:24.516   692   697 D vold    : Found matching PID 912
01-08 15:33:24.516   692   697 W vold    : Skipping due to root namespace
01-08 15:33:24.516   692   697 D vold    : Found matching PID 1007
01-08 15:33:24.516   692   697 W vold    : Skipping due to root namespace
01-08 15:33:24.518   692   692 D vold    : Remounting 1001 as mode default
01-08 15:33:24.525   692   692 D vold    : Found matching PID 883
01-08 15:33:24.525   692   692 W vold    : Skipping due to root namespace
01-08 15:33:24.525   692   692 D vold    : Found matching PID 884
01-08 15:33:24.525   692   692 W vold    : Skipping due to root namespace
01-08 15:33:24.525   692   692 D vold    : Found matching PID 885
01-08 15:33:24.525   692   692 W vold    : Skipping due to root namespace
01-08 15:33:24.525   692   692 D vold    : Found matching PID 886
01-08 15:33:24.525   692   692 W vold    : Skipping due to root namespace
01-08 15:33:24.526   692   692 D vold    : Found matching PID 912
01-08 15:33:24.526   692   692 W vold    : Skipping due to root namespace
01-08 15:33:24.526   692   692 D vold    : Found matching PID 1007
01-08 15:33:24.526   692   692 W vold    : Skipping due to root namespace
01-08 15:33:24.528   692   692 D vold    : Remounting 1001 as mode default
01-08 15:33:24.535   692   692 D vold    : Found matching PID 883
01-08 15:33:24.535   692   692 W vold    : Skipping due to root namespace
01-08 15:33:24.535   692   692 D vold    : Found matching PID 884
01-08 15:33:24.535   692   692 W vold    : Skipping due to root namespace
01-08 15:33:24.535   692   692 D vold    : Found matching PID 885
01-08 15:33:24.535   692   692 W vold    : Skipping due to root namespace
01-08 15:33:24.535   692   692 D vold    : Found matching PID 886
01-08 15:33:24.535   692   692 W vold    : Skipping due to root namespace
01-08 15:33:24.536   692   692 D vold    : Found matching PID 912
01-08 15:33:24.536   692   692 W vold    : Skipping due to root namespace
01-08 15:33:24.536   692   692 D vold    : Found matching PID 1007
01-08 15:33:24.536   692   692 W vold    : Skipping due to root namespace
01-08 15:33:24.537   692   697 D vold    : Remounting 1001 as mode default
01-08 15:33:24.544   692   697 D vold    : Found matching PID 883
01-08 15:33:24.544   692   697 W vold    : Skipping due to root namespace
01-08 15:33:24.544   692   697 D vold    : Found matching PID 884
01-08 15:33:24.544   692   697 W vold    : Skipping due to root namespace
01-08 15:33:24.544   692   697 D vold    : Found matching PID 885
01-08 15:33:24.545   692   697 W vold    : Skipping due to root namespace
01-08 15:33:24.545   692   697 D vold    : Found matching PID 886
01-08 15:33:24.545   692   697 W vold    : Skipping due to root namespace
01-08 15:33:24.545   692   697 D vold    : Found matching PID 912
01-08 15:33:24.545   692   697 W vold    : Skipping due to root namespace
01-08 15:33:24.545   692   697 D vold    : Found matching PID 1007
01-08 15:33:24.545   692   697 W vold    : Skipping due to root namespace
01-08 15:33:24.559   692   697 D vold    : Remounting 1027 as mode default
01-08 15:33:24.565   692   697 D vold    : Found matching PID 806
01-08 15:33:24.565   692   697 W vold    : Skipping due to root namespace
01-08 15:33:24.567   692   692 D vold    : Remounting 1027 as mode default
01-08 15:33:24.573   692   692 D vold    : Found matching PID 806
01-08 15:33:24.573   692   692 W vold    : Skipping due to root namespace
01-08 15:33:24.576   692   692 D vold    : Remounting 1027 as mode default
01-08 15:33:24.582   692   692 D vold    : Found matching PID 806
01-08 15:33:24.582   692   692 W vold    : Skipping due to root namespace
01-08 15:33:24.585   692   692 D vold    : Remounting 1027 as mode default
01-08 15:33:24.591   692   692 D vold    : Found matching PID 806
01-08 15:33:24.591   692   692 W vold    : Skipping due to root namespace
01-08 15:33:24.595   692   692 D vold    : Remounting 1000 as mode full
01-08 15:33:24.601   692   692 D vold    : Found matching PID 464
01-08 15:33:24.601   692   692 W vold    : Skipping due to root namespace
01-08 15:33:24.601   692   692 D vold    : Found matching PID 465
01-08 15:33:24.601   692   692 W vold    : Skipping due to root namespace
01-08 15:33:24.601   692   692 D vold    : Found matching PID 466
01-08 15:33:24.601   692   692 W vold    : Skipping due to root namespace
01-08 15:33:24.601   692   692 D vold    : Found matching PID 685
01-08 15:33:24.601   692   692 W vold    : Skipping due to root namespace
01-08 15:33:24.601   692   692 D vold    : Found matching PID 687
01-08 15:33:24.602   692   692 W vold    : Skipping due to root namespace
01-08 15:33:24.602   692   692 D vold    : Found matching PID 689
01-08 15:33:24.602   692   692 W vold    : Skipping due to root namespace
01-08 15:33:24.602   692   692 D vold    : Found matching PID 690
01-08 15:33:24.602   692   692 W vold    : Skipping due to root namespace
01-08 15:33:24.602   692   692 D vold    : Found matching PID 691
01-08 15:33:24.602   692   692 W vold    : Skipping due to root namespace
01-08 15:33:24.602   692   692 D vold    : Found matching PID 793
01-08 15:33:24.602   692   692 W vold    : Skipping due to root namespace
01-08 15:33:24.602   692   692 D vold    : Found matching PID 794
01-08 15:33:24.602   692   692 W vold    : Skipping due to root namespace
01-08 15:33:24.602   692   692 D vold    : Found matching PID 802
01-08 15:33:24.602   692   692 W vold    : Skipping due to root namespace
01-08 15:33:24.602   692   692 D vold    : Found matching PID 803
01-08 15:33:24.603   692   692 W vold    : Skipping due to root namespace
01-08 15:33:24.603   692   692 D vold    : Found matching PID 804
01-08 15:33:24.603   692   692 W vold    : Skipping due to root namespace
01-08 15:33:24.603   692   692 D vold    : Found matching PID 805
01-08 15:33:24.603   692   692 W vold    : Skipping due to root namespace
01-08 15:33:24.603   692   692 D vold    : Found matching PID 807
01-08 15:33:24.603   692   692 W vold    : Skipping due to root namespace
01-08 15:33:24.603   692   692 D vold    : Found matching PID 808
01-08 15:33:24.603   692   692 W vold    : Skipping due to root namespace
01-08 15:33:24.603   692   692 D vold    : Found matching PID 810
01-08 15:33:24.603   692   692 W vold    : Skipping due to root namespace
01-08 15:33:24.603   692   692 D vold    : Found matching PID 811
01-08 15:33:24.603   692   692 W vold    : Skipping due to root namespace
01-08 15:33:24.603   692   692 D vold    : Found matching PID 812
01-08 15:33:24.603   692   692 W vold    : Skipping due to root namespace
01-08 15:33:24.603   692   692 D vold    : Found matching PID 814
01-08 15:33:24.604   692   692 W vold    : Skipping due to root namespace
01-08 15:33:24.604   692   692 D vold    : Found matching PID 816
01-08 15:33:24.604   692   692 W vold    : Skipping due to root namespace
01-08 15:33:24.604   692   692 D vold    : Found matching PID 818
01-08 15:33:24.604   692   692 W vold    : Skipping due to root namespace
01-08 15:33:24.604   692   692 D vold    : Found matching PID 819
01-08 15:33:24.604   692   692 W vold    : Skipping due to root namespace
01-08 15:33:24.604   692   692 D vold    : Found matching PID 822
01-08 15:33:24.604   692   692 W vold    : Skipping due to root namespace
01-08 15:33:24.604   692   692 D vold    : Found matching PID 823
01-08 15:33:24.604   692   692 W vold    : Skipping due to root namespace
01-08 15:33:24.604   692   692 D vold    : Found matching PID 824
01-08 15:33:24.604   692   692 W vold    : Skipping due to root namespace
01-08 15:33:24.604   692   692 D vold    : Found matching PID 826
01-08 15:33:24.604   692   692 W vold    : Skipping due to root namespace
01-08 15:33:24.604   692   692 D vold    : Found matching PID 853
01-08 15:33:24.605   692   692 W vold    : Skipping due to root namespace
01-08 15:33:24.605   692   692 D vold    : Found matching PID 878
01-08 15:33:24.605   692   692 W vold    : Skipping due to root namespace
01-08 15:33:24.605   692   692 D vold    : Found matching PID 880
01-08 15:33:24.605   692   692 W vold    : Skipping due to root namespace
01-08 15:33:24.605   692   692 D vold    : Found matching PID 881
01-08 15:33:24.605   692   692 W vold    : Skipping due to root namespace
01-08 15:33:24.605   692   692 D vold    : Found matching PID 882
01-08 15:33:24.605   692   692 W vold    : Skipping due to root namespace
01-08 15:33:24.605   692   692 D vold    : Found matching PID 887
01-08 15:33:24.605   692   692 W vold    : Skipping due to root namespace
01-08 15:33:24.605   692   692 D vold    : Found matching PID 895
01-08 15:33:24.605   692   692 W vold    : Skipping due to root namespace
01-08 15:33:24.606   692   692 D vold    : Found matching PID 911
01-08 15:33:24.606   692   692 W vold    : Skipping due to root namespace
01-08 15:33:24.606   692   692 D vold    : Found matching PID 917
01-08 15:33:24.606   692   692 W vold    : Skipping due to root namespace
01-08 15:33:24.606   692   692 D vold    : Found matching PID 925
01-08 15:33:24.606   692   692 W vold    : Skipping due to root namespace
01-08 15:33:24.606   692   692 D vold    : Found matching PID 930
01-08 15:33:24.606   692   692 W vold    : Skipping due to root namespace
01-08 15:33:24.606   692   692 D vold    : Found matching PID 982
01-08 15:33:24.606   692   692 W vold    : Skipping due to root namespace
01-08 15:33:24.607   692   692 D vold    : Found matching PID 1195
01-08 15:33:24.609   692  1806 D vold    : Remounting 1000 as mode full
01-08 15:33:24.615   692  1806 D vold    : Found matching PID 464
01-08 15:33:24.615   692  1806 W vold    : Skipping due to root namespace
01-08 15:33:24.615   692  1806 D vold    : Found matching PID 465
01-08 15:33:24.615   692  1806 W vold    : Skipping due to root namespace
01-08 15:33:24.615   692  1806 D vold    : Found matching PID 466
01-08 15:33:24.615   692  1806 W vold    : Skipping due to root namespace
01-08 15:33:24.615   692  1806 D vold    : Found matching PID 685
01-08 15:33:24.615   692  1806 W vold    : Skipping due to root namespace
01-08 15:33:24.615   692  1806 D vold    : Found matching PID 687
01-08 15:33:24.615   692  1806 W vold    : Skipping due to root namespace
01-08 15:33:24.615   692  1806 D vold    : Found matching PID 689
01-08 15:33:24.615   692  1806 W vold    : Skipping due to root namespace
01-08 15:33:24.615   692  1806 D vold    : Found matching PID 690
01-08 15:33:24.615   692  1806 W vold    : Skipping due to root namespace
01-08 15:33:24.615   692  1806 D vold    : Found matching PID 691
01-08 15:33:24.615   692  1806 W vold    : Skipping due to root namespace
01-08 15:33:24.615   692  1806 D vold    : Found matching PID 793
01-08 15:33:24.615   692  1806 W vold    : Skipping due to root namespace
01-08 15:33:24.615   692  1806 D vold    : Found matching PID 794
01-08 15:33:24.616   692  1806 W vold    : Skipping due to root namespace
01-08 15:33:24.616   692  1806 D vold    : Found matching PID 802
01-08 15:33:24.616   692  1806 W vold    : Skipping due to root namespace
01-08 15:33:24.616   692  1806 D vold    : Found matching PID 803
01-08 15:33:24.616   692  1806 W vold    : Skipping due to root namespace
01-08 15:33:24.616   692  1806 D vold    : Found matching PID 804
01-08 15:33:24.616   692  1806 W vold    : Skipping due to root namespace
01-08 15:33:24.616   692  1806 D vold    : Found matching PID 805
01-08 15:33:24.616   692  1806 W vold    : Skipping due to root namespace
01-08 15:33:24.616   692  1806 D vold    : Found matching PID 807
01-08 15:33:24.616   692  1806 W vold    : Skipping due to root namespace
01-08 15:33:24.616   692  1806 D vold    : Found matching PID 808
01-08 15:33:24.616   692  1806 W vold    : Skipping due to root namespace
01-08 15:33:24.616   692  1806 D vold    : Found matching PID 810
01-08 15:33:24.616   692  1806 W vold    : Skipping due to root namespace
01-08 15:33:24.616   692  1806 D vold    : Found matching PID 811
01-08 15:33:24.616   692  1806 W vold    : Skipping due to root namespace
01-08 15:33:24.616   692  1806 D vold    : Found matching PID 812
01-08 15:33:24.616   692  1806 W vold    : Skipping due to root namespace
01-08 15:33:24.616   692  1806 D vold    : Found matching PID 814
01-08 15:33:24.616   692  1806 W vold    : Skipping due to root namespace
01-08 15:33:24.616   692  1806 D vold    : Found matching PID 816
01-08 15:33:24.616   692  1806 W vold    : Skipping due to root namespace
01-08 15:33:24.616   692  1806 D vold    : Found matching PID 818
01-08 15:33:24.616   692  1806 W vold    : Skipping due to root namespace
01-08 15:33:24.616   692  1806 D vold    : Found matching PID 819
01-08 15:33:24.616   692  1806 W vold    : Skipping due to root namespace
01-08 15:33:24.617   692  1806 D vold    : Found matching PID 822
01-08 15:33:24.617   692  1806 W vold    : Skipping due to root namespace
01-08 15:33:24.617   692  1806 D vold    : Found matching PID 823
01-08 15:33:24.617   692  1806 W vold    : Skipping due to root namespace
01-08 15:33:24.617   692  1806 D vold    : Found matching PID 824
01-08 15:33:24.617   692  1806 W vold    : Skipping due to root namespace
01-08 15:33:24.617   692  1806 D vold    : Found matching PID 826
01-08 15:33:24.617   692  1806 W vold    : Skipping due to root namespace
01-08 15:33:24.617   692  1806 D vold    : Found matching PID 853
01-08 15:33:24.617   692  1806 W vold    : Skipping due to root namespace
01-08 15:33:24.617   692  1806 D vold    : Found matching PID 878
01-08 15:33:24.617   692  1806 W vold    : Skipping due to root namespace
01-08 15:33:24.617   692  1806 D vold    : Found matching PID 880
01-08 15:33:24.617   692  1806 W vold    : Skipping due to root namespace
01-08 15:33:24.617   692  1806 D vold    : Found matching PID 881
01-08 15:33:24.617   692  1806 W vold    : Skipping due to root namespace
01-08 15:33:24.617   692  1806 D vold    : Found matching PID 882
01-08 15:33:24.617   692  1806 W vold    : Skipping due to root namespace
01-08 15:33:24.617   692  1806 D vold    : Found matching PID 887
01-08 15:33:24.617   692  1806 W vold    : Skipping due to root namespace
01-08 15:33:24.617   692  1806 D vold    : Found matching PID 895
01-08 15:33:24.617   692  1806 W vold    : Skipping due to root namespace
01-08 15:33:24.618   692  1806 D vold    : Found matching PID 911
01-08 15:33:24.618   692  1806 W vold    : Skipping due to root namespace
01-08 15:33:24.618   692  1806 D vold    : Found matching PID 917
01-08 15:33:24.618   692  1806 W vold    : Skipping due to root namespace
01-08 15:33:24.618   692  1806 D vold    : Found matching PID 925
01-08 15:33:24.618   692  1806 W vold    : Skipping due to root namespace
01-08 15:33:24.618   692  1806 D vold    : Found matching PID 930
01-08 15:33:24.618   692  1806 W vold    : Skipping due to root namespace
01-08 15:33:24.618   692  1806 D vold    : Found matching PID 982
01-08 15:33:24.618   692  1806 W vold    : Skipping due to root namespace
01-08 15:33:24.619   692  1806 D vold    : Found matching PID 1195
01-08 15:33:24.629   692  1806 D vold    : Remounting 1000 as mode full
01-08 15:33:24.635   692  1806 D vold    : Found matching PID 464
01-08 15:33:24.635   692  1806 W vold    : Skipping due to root namespace
01-08 15:33:24.635   692  1806 D vold    : Found matching PID 465
01-08 15:33:24.635   692  1806 W vold    : Skipping due to root namespace
01-08 15:33:24.635   692  1806 D vold    : Found matching PID 466
01-08 15:33:24.635   692  1806 W vold    : Skipping due to root namespace
01-08 15:33:24.635   692  1806 D vold    : Found matching PID 685
01-08 15:33:24.635   692  1806 W vold    : Skipping due to root namespace
01-08 15:33:24.635   692  1806 D vold    : Found matching PID 687
01-08 15:33:24.635   692  1806 W vold    : Skipping due to root namespace
01-08 15:33:24.635   692  1806 D vold    : Found matching PID 689
01-08 15:33:24.635   692  1806 W vold    : Skipping due to root namespace
01-08 15:33:24.635   692  1806 D vold    : Found matching PID 690
01-08 15:33:24.635   692  1806 W vold    : Skipping due to root namespace
01-08 15:33:24.635   692  1806 D vold    : Found matching PID 691
01-08 15:33:24.635   692  1806 W vold    : Skipping due to root namespace
01-08 15:33:24.635   692  1806 D vold    : Found matching PID 793
01-08 15:33:24.635   692  1806 W vold    : Skipping due to root namespace
01-08 15:33:24.635   692  1806 D vold    : Found matching PID 794
01-08 15:33:24.636   692  1806 W vold    : Skipping due to root namespace
01-08 15:33:24.636   692  1806 D vold    : Found matching PID 802
01-08 15:33:24.636   692  1806 W vold    : Skipping due to root namespace
01-08 15:33:24.636   692  1806 D vold    : Found matching PID 803
01-08 15:33:24.636   692  1806 W vold    : Skipping due to root namespace
01-08 15:33:24.636   692  1806 D vold    : Found matching PID 804
01-08 15:33:24.636   692  1806 W vold    : Skipping due to root namespace
01-08 15:33:24.636   692  1806 D vold    : Found matching PID 805
01-08 15:33:24.636   692  1806 W vold    : Skipping due to root namespace
01-08 15:33:24.636   692  1806 D vold    : Found matching PID 807
01-08 15:33:24.636   692  1806 W vold    : Skipping due to root namespace
01-08 15:33:24.636   692  1806 D vold    : Found matching PID 808
01-08 15:33:24.636   692  1806 W vold    : Skipping due to root namespace
01-08 15:33:24.636   692  1806 D vold    : Found matching PID 810
01-08 15:33:24.636   692  1806 W vold    : Skipping due to root namespace
01-08 15:33:24.636   692  1806 D vold    : Found matching PID 811
01-08 15:33:24.636   692  1806 W vold    : Skipping due to root namespace
01-08 15:33:24.636   692  1806 D vold    : Found matching PID 812
01-08 15:33:24.636   692  1806 W vold    : Skipping due to root namespace
01-08 15:33:24.636   692  1806 D vold    : Found matching PID 814
01-08 15:33:24.636   692  1806 W vold    : Skipping due to root namespace
01-08 15:33:24.636   692  1806 D vold    : Found matching PID 816
01-08 15:33:24.636   692  1806 W vold    : Skipping due to root namespace
01-08 15:33:24.636   692  1806 D vold    : Found matching PID 818
01-08 15:33:24.636   692  1806 W vold    : Skipping due to root namespace
01-08 15:33:24.636   692  1806 D vold    : Found matching PID 819
01-08 15:33:24.636   692  1806 W vold    : Skipping due to root namespace
01-08 15:33:24.637   692  1806 D vold    : Found matching PID 822
01-08 15:33:24.637   692  1806 W vold    : Skipping due to root namespace
01-08 15:33:24.637   692  1806 D vold    : Found matching PID 823
01-08 15:33:24.637   692  1806 W vold    : Skipping due to root namespace
01-08 15:33:24.637   692  1806 D vold    : Found matching PID 824
01-08 15:33:24.637   692  1806 W vold    : Skipping due to root namespace
01-08 15:33:24.637   692  1806 D vold    : Found matching PID 826
01-08 15:33:24.637   692  1806 W vold    : Skipping due to root namespace
01-08 15:33:24.637   692  1806 D vold    : Found matching PID 853
01-08 15:33:24.637   692  1806 W vold    : Skipping due to root namespace
01-08 15:33:24.637   692  1806 D vold    : Found matching PID 878
01-08 15:33:24.637   692  1806 W vold    : Skipping due to root namespace
01-08 15:33:24.637   692  1806 D vold    : Found matching PID 880
01-08 15:33:24.637   692  1806 W vold    : Skipping due to root namespace
01-08 15:33:24.637   692  1806 D vold    : Found matching PID 881
01-08 15:33:24.637   692  1806 W vold    : Skipping due to root namespace
01-08 15:33:24.637   692  1806 D vold    : Found matching PID 882
01-08 15:33:24.637   692  1806 W vold    : Skipping due to root namespace
01-08 15:33:24.637   692  1806 D vold    : Found matching PID 887
01-08 15:33:24.637   692  1806 W vold    : Skipping due to root namespace
01-08 15:33:24.637   692  1806 D vold    : Found matching PID 895
01-08 15:33:24.637   692  1806 W vold    : Skipping due to root namespace
01-08 15:33:24.638   692  1806 D vold    : Found matching PID 911
01-08 15:33:24.638   692  1806 W vold    : Skipping due to root namespace
01-08 15:33:24.638   692  1806 D vold    : Found matching PID 917
01-08 15:33:24.638   692  1806 W vold    : Skipping due to root namespace
01-08 15:33:24.638   692  1806 D vold    : Found matching PID 925
01-08 15:33:24.638   692  1806 W vold    : Skipping due to root namespace
01-08 15:33:24.638   692  1806 D vold    : Found matching PID 930
01-08 15:33:24.638   692  1806 W vold    : Skipping due to root namespace
01-08 15:33:24.638   692  1806 D vold    : Found matching PID 982
01-08 15:33:24.638   692  1806 W vold    : Skipping due to root namespace
01-08 15:33:24.638   692  1806 D vold    : Found matching PID 1195
01-08 15:33:24.642   692  1806 D vold    : Remounting 1000 as mode full
01-08 15:33:24.647   692  1806 D vold    : Found matching PID 464
01-08 15:33:24.647   692  1806 W vold    : Skipping due to root namespace
01-08 15:33:24.647   692  1806 D vold    : Found matching PID 465
01-08 15:33:24.647   692  1806 W vold    : Skipping due to root namespace
