01-08 15:33:30.307  1195  1195 V SettingsProvider: Notifying for 0: content://settings/secure/sysui_tuner_version
01-08 15:33:30.309  1195  1195 D BluetoothManagerService: Bluetooth Adapter name changed to hello
01-08 15:33:30.309  1195  1244 D BluetoothManagerService: MESSAGE_GET_NAME_AND_ADDRESS
01-08 15:33:30.310  1195  1195 D BluetoothManagerService: Stored Bluetooth name: hello
01-08 15:33:30.310  1195  1224 I ActivityTaskManager: START u0 {act=android.intent.action.MAIN cat=[android.intent.category.HOME] flg=0x10000100 cmp=com.android.settings/.FallbackHome} from uid 0
01-08 15:33:30.310  1195  1195 D PackageWatchdog: Getting all observed packages pending health checks
01-08 15:33:30.310  1195  1195 I PackageWatchdog: Syncing health check requests for packages: {}
01-08 15:33:30.311  1195  1195 I ExplicitHealthCheckController: Service not ready to get health check supported packages. Binding...
01-08 15:33:30.311  1195  1244 D BluetoothManagerService: Stored Bluetooth name: hello
01-08 15:33:30.311  1195  1195 I ExplicitHealthCheckController: Explicit health check service is bound
01-08 15:33:30.312  1195  1195 V SettingsProvider: Notifying for 0: content://settings/global/boot_count
01-08 15:33:30.312  1195  1195 V SettingsProvider: Notifying for 0: content://settings/secure/notification_bubbles
01-08 15:33:30.312  1195  1244 D BluetoothManagerService: MESSAGE_BLUETOOTH_STATE_CHANGE: OFF > BLE_TURNING_ON
01-08 15:33:30.312  1195  1244 D BluetoothManagerService: Sending BLE State Change: OFF > BLE_TURNING_ON
01-08 15:33:30.318  1913  1913 D SystemUIBootTiming: StartServicescom.android.systemui.pip.PipUI took to complete: 21ms
01-08 15:33:30.320  1913  1913 D SystemUIBootTiming: StartServicescom.android.systemui.shortcut.ShortcutKeyDispatcher took to complete: 1ms
01-08 15:33:30.320  1913  1913 D SystemUIBootTiming: StartServicescom.android.systemui.VendorServices took to complete: 0ms
01-08 15:33:30.321  1195  1795 W CameraService_proxy: Could not notify cameraserver, camera service not available.
01-08 15:33:30.322  1195  1795 I CameraService_proxy: Could not notify camera service of user switch, retrying...
01-08 15:33:30.323  1913  1913 D SystemUIBootTiming: StartServicescom.android.systemui.util.leak.GarbageMonitor$Service took to complete: 2ms
01-08 15:33:30.323  1195  1195 V SettingsProvider: Notifying for 0: content://settings/global/emergency_affordance_needed
01-08 15:33:30.324  1913  1913 D SystemUIBootTiming: StartServicescom.android.systemui.LatencyTester took to complete: 1ms
01-08 15:33:30.324  1195  1195 V SettingsProvider: Notifying for 0: content://settings/secure/location_providers_allowed
01-08 15:33:30.329  1913  1913 D SystemUIBootTiming: StartServicescom.android.systemui.globalactions.GlobalActionsComponent took to complete: 5ms
01-08 15:33:30.329  1195  1195 V SettingsProvider: Notifying for 0: content://settings/secure/location_providers_allowed
01-08 15:33:30.337  1195  1257 I ActivityManager: Start proc 2236:com.android.settings/1000 for activity {com.android.settings/com.android.settings.FallbackHome}
01-08 15:33:30.341  1913  1913 D SystemUIBootTiming: StartServicescom.android.systemui.ScreenDecorations took to complete: 12ms
01-08 15:33:30.342  1913  1913 D SystemUIBootTiming: StartServicescom.android.systemui.biometrics.BiometricDialogImpl took to complete: 1ms
01-08 15:33:30.343  1195  1795 W CameraService_proxy: Could not notify cameraserver, camera service not available.
01-08 15:33:30.343  1195  1795 I CameraService_proxy: Could not notify camera service of user switch, retrying...
01-08 15:33:30.343  1913  1913 D SystemUIBootTiming: StartServicescom.android.systemui.SliceBroadcastRelayHandler took to complete: 1ms
01-08 15:33:30.344  1913  1913 D SystemUIBootTiming: StartServicescom.android.systemui.SizeCompatModeActivityController took to complete: 0ms
01-08 15:33:30.348  1913  1913 D SystemUIBootTiming: StartServicescom.android.systemui.statusbar.notification.InstantAppNotifier took to complete: 3ms
01-08 15:33:30.354  1913  1913 D SystemUIBootTiming: StartServicescom.android.systemui.theme.ThemeOverlayController took to complete: 6ms
01-08 15:33:30.359  1195  1195 V NotificationListeners: enabling notification listener for 0: ComponentInfo{com.android.launcher3/com.android.launcher3.notification.NotificationListener}
01-08 15:33:30.359  1195  1195 V NotificationListeners: binding: Intent { act=android.service.notification.NotificationListenerService cmp=com.android.launcher3/.notification.NotificationListener (has extras) }
01-08 15:33:30.360  1195  1195 W ActivityManager: Unable to start service Intent { act=android.service.notification.NotificationListenerService cmp=com.android.launcher3/.notification.NotificationListener } U=0: not found
01-08 15:33:30.360  1195  1195 W NotificationListeners: Unable to bind notification listener service: Intent { act=android.service.notification.NotificationListenerService cmp=com.android.launcher3/.notification.NotificationListener (has extras) } in user 0
01-08 15:33:30.360  1195  1195 V NotificationAssistants: enabling notification assistant for 0: ComponentInfo{android.ext.services/android.ext.services.notification.Assistant}
01-08 15:33:30.360  1195  1195 V NotificationAssistants: Not registering ComponentInfo{android.ext.services/android.ext.services.notification.Assistant} is already bound
01-08 15:33:30.363  1195  1795 W CameraService_proxy: Could not notify cameraserver, camera service not available.
01-08 15:33:30.363  1195  1795 I CameraService_proxy: Could not notify camera service of user switch, retrying...
01-08 15:33:30.376  1913  1913 D SystemUIBootTiming: StartServices took to complete: 856ms
01-08 15:33:30.383  1195  1795 W CameraService_proxy: Could not notify cameraserver, camera service not available.
01-08 15:33:30.383  1195  1795 I CameraService_proxy: Could not notify camera service of user switch, retrying...
01-08 15:33:30.393  1195  1195 V FingerprintService: handleEnumeratedTemplate: 0
01-08 15:33:30.393  1195  1195 V FingerprintService: Matched: false
01-08 15:33:30.393  1195  1195 V FingerprintService: Done with client: android
01-08 15:33:30.393  1195  1195 V FingerprintService: clearEnumerateState()
01-08 15:33:30.394  1195  1195 V SettingsProvider: Notifying for 0: content://settings/global/zen_mode_config_etag
01-08 15:33:30.394  1195  1195 D ConditionProviders.SCP: onSubscribe condition://android/schedule?days=1.2.3.4.5.6.7&start=22.0&end=7.0&exitAtAlarm=true
01-08 15:33:30.394  1195  1195 D ConditionProviders.SCP: setRegistered true
01-08 15:33:30.395  1195  1780 E ActivityThread: Failed to find provider info for com.android.calendar
01-08 15:33:30.395  1195  1780 E ActivityThread: Failed to find provider info for com.android.calendar
01-08 15:33:30.404  1195  1795 W CameraService_proxy: Could not notify cameraserver, camera service not available.
01-08 15:33:30.404  1195  1795 I CameraService_proxy: Could not notify camera service of user switch, retrying...
01-08 15:33:30.424  1195  1795 W CameraService_proxy: Could not notify cameraserver, camera service not available.
01-08 15:33:30.424  1195  1795 I CameraService_proxy: Could not notify camera service of user switch, retrying...
01-08 15:33:30.445  1195  1795 W CameraService_proxy: Could not notify cameraserver, camera service not available.
01-08 15:33:30.445  1195  1795 I CameraService_proxy: Could not notify camera service of user switch, retrying...
01-08 15:33:30.448  1195  1195 D ConditionProviders.SCP: evaluateSubscriptionLocked cal=ScheduleCalendar[mDays={1, 2, 3, 4, 5, 6, 7}, mSchedule=ScheduleInfo{days=[1, 2, 3, 4, 5, 6, 7], startHour=22, startMinute=0, endHour=7, endMinute=0, exitAtAlarm=true, nextAlarm=Thu Jan 01 00:00:00 GMT 1970 (0)}], now=Wed Jan 08 15:33:30 GMT 2020 (1578497610394), nextUserAlarmTime=Thu Jan 01 00:00:00 GMT 1970 (0)
01-08 15:33:30.449  1195  1195 D ConditionProviders.SCP: notifyCondition condition://android/schedule?days=1.2.3.4.5.6.7&start=22.0&end=7.0&exitAtAlarm=true STATE_FALSE reason=!meetsSchedule
01-08 15:33:30.450  1195  1195 D ConditionProviders.SCP: Scheduling evaluate for Wed Jan 08 22:00:00 GMT 2020 (1578520800000), in +6h26m29s606ms, now=Wed Jan 08 15:33:30 GMT 2020 (1578497610394)
01-08 15:33:30.451  1195  1195 I Telecom : WiredHeadsetManager: ACTION_HEADSET_PLUG event, plugged in: false, : WHC.oADA@AAE
01-08 15:33:30.455  1195  1195 I Telecom : PhoneAccountRegistrar: getSimCallManager: SimCallManager for subId -1 queried, returning: null: TSI.gSCM@AAI
01-08 15:33:30.456  1195  1195 V SettingsProvider: Notifying for 0: content://settings/secure/bluetooth_name
01-08 15:33:30.457  1195  1195 V SettingsProvider: Notifying for 0: content://settings/secure/navigation_mode
01-08 15:33:30.458  1195  1195 D AutofillManagerService: Restriction did not change for user 0
01-08 15:33:30.458  1195  1195 V SettingsProvider: Notifying for 0: content://settings/secure/accessibility_enabled
01-08 15:33:30.462  1195  1195 V SettingsProvider: Notifying for 0: content://settings/secure/snoozed_schedule_condition_provider
01-08 15:33:30.464  1195  1195 V SettingsProvider: Notifying for 0: content://settings/global/network_recommendations_enabled
01-08 15:33:30.464  1195  1195 W Looper  : Drained
01-08 15:33:30.465  1195  1795 W CameraService_proxy: Could not notify cameraserver, camera service not available.
01-08 15:33:30.465  1195  1795 I CameraService_proxy: Could not notify camera service of user switch, retrying...
01-08 15:33:30.468  1195  1195 V SettingsProvider: Notifying for 0: content://settings/global/zen_mode_config_etag
01-08 15:33:30.469  1195  1195 V SettingsProvider: Notifying for 0: content://settings/global/zen_mode_config_etag
01-08 15:33:30.492  1195  1795 W CameraService_proxy: Could not notify cameraserver, camera service not available.
01-08 15:33:30.492  1195  1795 I CameraService_proxy: Could not notify camera service of user switch, retrying...
01-08 15:33:30.494  1913  2141 E ActivityThread: Failed to find provider info for com.android.contacts
01-08 15:33:30.512  1195  1795 W CameraService_proxy: Could not notify cameraserver, camera service not available.
01-08 15:33:30.512  1195  1795 I CameraService_proxy: Could not notify camera service of user switch, retrying...
01-08 15:33:30.532  1913  2141 E ActivityThread: Failed to find provider info for com.android.contacts
01-08 15:33:30.533  1195  1795 W CameraService_proxy: Could not notify cameraserver, camera service not available.
01-08 15:33:30.533  1195  1795 I CameraService_proxy: Could not notify camera service of user switch, retrying...
01-08 15:33:30.546  1195  1244 I DropBoxManagerService: add tag=system_server_strictmode isTagEnabled=true flags=0x2
01-08 15:33:30.547  1195  1257 I ActivityManager: Start proc 2315:com.android.inputmethod.latin/u0a114 for service {com.android.inputmethod.latin/com.android.inputmethod.latin.LatinIME}
01-08 15:33:30.548  1195  1244 I DropBoxManagerService: add tag=system_server_strictmode isTagEnabled=true flags=0x2
01-08 15:33:30.550  1195  1244 I DropBoxManagerService: add tag=system_server_strictmode isTagEnabled=true flags=0x2
01-08 15:33:30.553  1195  1795 W CameraService_proxy: Could not notify cameraserver, camera service not available.
01-08 15:33:30.553  1195  1795 I CameraService_proxy: Could not notify camera service of user switch, retrying...
01-08 15:33:30.574  1195  1795 W CameraService_proxy: Could not notify cameraserver, camera service not available.
01-08 15:33:30.574  1195  1795 I CameraService_proxy: Could not notify camera service of user switch, retrying...
01-08 15:33:30.594  1195  1795 W CameraService_proxy: Could not notify cameraserver, camera service not available.
01-08 15:33:30.594  1195  1795 I CameraService_proxy: Could not notify camera service of user switch, retrying...
01-08 15:33:30.615  1195  1795 W CameraService_proxy: Could not notify cameraserver, camera service not available.
01-08 15:33:30.615  1195  1795 I CameraService_proxy: Could not notify camera service of user switch, retrying...
01-08 15:33:30.627  1195  1195 D BluetoothManagerService: Bluetooth Adapter address changed to F4:F5:24:AF:9D:CE
01-08 15:33:30.628  1195  1195 D BluetoothManagerService: Stored Bluetoothaddress: F4:F5:24:AF:9D:CE
01-08 15:33:30.628  1195  1195 V SettingsProvider: Notifying for 0: content://settings/secure/bluetooth_address
01-08 15:33:30.630  1195  1195 D BluetoothManagerService: Bluetooth Adapter name changed to hello
01-08 15:33:30.631  1195  1195 D BluetoothManagerService: Stored Bluetooth name: hello
01-08 15:33:30.634  1195  1195 D BluetoothManagerService: Bluetooth Adapter address changed to F4:F5:24:AF:9D:CE
01-08 15:33:30.634  1195  1195 D BluetoothManagerService: Stored Bluetoothaddress: F4:F5:24:AF:9D:CE
01-08 15:33:30.635  1195  1795 W CameraService_proxy: Could not notify cameraserver, camera service not available.
01-08 15:33:30.635  1195  1795 I CameraService_proxy: Could not notify camera service of user switch, retrying...
01-08 15:33:30.642  1195  1244 D BluetoothManagerService: MESSAGE_BLUETOOTH_STATE_CHANGE: BLE_TURNING_ON > BLE_ON
01-08 15:33:30.642  1195  1244 D BluetoothManagerService: Bluetooth is in LE only mode
01-08 15:33:30.642  1195  1244 D BluetoothManagerService: Binding Bluetooth GATT service
01-08 15:33:30.643  1195  1244 D BluetoothManagerService: Sending BLE State Change: BLE_TURNING_ON > BLE_ON
01-08 15:33:30.643  1195  1195 D BluetoothManagerService: BluetoothServiceConnection: com.android.bluetooth.gatt.GattService
01-08 15:33:30.643  1195  1244 D BluetoothManagerService: MESSAGE_BLUETOOTH_SERVICE_CONNECTED: 2
01-08 15:33:30.644  1195  1244 D BluetoothManagerService: continueFromBleOnState()
01-08 15:33:30.644  1195  1244 D BluetoothManagerService: Persisting Bluetooth Setting: 1
01-08 15:33:30.644  1195  1244 D BluetoothManagerService: MESSAGE_BLUETOOTH_STATE_CHANGE: BLE_ON > TURNING_ON
01-08 15:33:30.644  1195  1244 D BluetoothManagerService: Sending BLE State Change: BLE_ON > TURNING_ON
01-08 15:33:30.656  1195  1795 W CameraService_proxy: Could not notify cameraserver, camera service not available.
01-08 15:33:30.656  1195  1795 I CameraService_proxy: Could not notify camera service of user switch, retrying...
01-08 15:33:30.676  1195  1795 W CameraService_proxy: Could not notify cameraserver, camera service not available.
01-08 15:33:30.676  1195  1795 I CameraService_proxy: Could not notify camera service of user switch, retrying...
01-08 15:33:30.697  1195  1795 W CameraService_proxy: Could not notify cameraserver, camera service not available.
01-08 15:33:30.701  2315  2345 E ActivityThread: Failed to find provider info for user_dictionary
01-08 15:33:30.798  1874  2358 E ActivityThread: Failed to find provider info for com.android.contacts
01-08 15:33:30.805  1195  1244 D BluetoothManagerService: MESSAGE_BLUETOOTH_STATE_CHANGE: TURNING_ON > ON
01-08 15:33:30.805  1195  1244 D BluetoothManagerService: Broadcasting onBluetoothStateChange(true) to 4 receivers.
01-08 15:33:30.805  1195  1244 D BluetoothManagerService: Creating new ProfileServiceConnections object for profile: 1
01-08 15:33:30.807  1195  1244 D BluetoothManagerService: Sending BLE State Change: TURNING_ON > ON
01-08 15:33:30.808  1195  1195 I Telecom : BluetoothPhoneService: queryPhoneState: BPSI.qPS@AAM
01-08 15:33:30.907  1195  1195 I Telecom : BluetoothPhoneService: updateHeadsetWithCallState numActive 0, numHeld 0, callState 6, ringing number ***, ringing type 128, ringing name null
01-08 15:33:30.908  1195  1195 I Telecom : : - Got BluetoothHeadset: com.android.server.telecom.BluetoothHeadsetProxy@a624195: BMSL.oSC@AAQ
01-08 15:33:31.135  2408  2408 F linker  : CANNOT LINK EXECUTABLE "/vendor/bin/mm-qcamera-daemon": library "libandroidfw.so" not found
01-08 15:33:31.279  1195  1195 V SettingsProvider: Notifying for 0: content://settings/system/hide_rotation_lock_toggle_for_accessibility
01-08 15:33:31.322  1195  1245 I WindowManager: ******* TELLING SURFACE FLINGER WE ARE BOOTED!
01-08 15:33:31.328  1195  1245 I ActivityManager: About to commit checkpoint
01-08 15:33:31.328  1195  1245 I SystemServiceManager: Starting phase 1000
01-08 15:33:31.329  1195  1195 V SettingsProvider: Notifying for 0: content://settings/global/low_power
01-08 15:33:31.334  1195  1263 V DisplayPowerController: Brightness [102] reason changing to: 'manual', previous reason: 'override'.
01-08 15:33:31.335  1195  1263 V DisplayPowerController: Brightness [19] reason changing to: 'automatic', previous reason: 'manual'.
01-08 15:33:31.336  1195  1195 V SettingsProvider: Notifying for 0: content://settings/system/screen_brightness
01-08 15:33:31.336  1195  1245 D TestHarnessModeService: Completing Test Harness Mode setup.
01-08 15:33:31.336  1195  1355 D StorageManagerService: Thinking about init, mBootCompleted=true, mDaemonConnected=true
01-08 15:33:31.336  1195  1355 D StorageManagerService: Setting up emulation state, initlocked=false
01-08 15:33:31.337   692  2157 D vold    : fscrypt_unlock_user_key 0 serial=0 token_present=0
01-08 15:33:31.337   692  2157 E vold    : Failed to chmod /data/system_ce/0: No such file or directory
01-08 15:33:31.337   692  2157 E vold    : Failed to chmod /data/misc_ce/0: No such file or directory
01-08 15:33:31.337  1195  1355 D StorageManagerService: Thinking about reset, mBootCompleted=true, mDaemonConnected=true
01-08 15:33:31.338  1195  1256 I ActivityManager: Force stopping com.android.providers.media appid=10051 user=-1: vold reset
01-08 15:33:31.338  1195  1920 V StorageManagerService: Found primary storage at VolumeInfo{emulated}:
01-08 15:33:31.338  1195  1920 V StorageManagerService:     type=EMULATED diskId=null partGuid= mountFlags=0 mountUserId=-10000 
01-08 15:33:31.338  1195  1920 V StorageManagerService:     state=UNMOUNTED 
01-08 15:33:31.338  1195  1920 V StorageManagerService:     fsType=null fsUuid=null fsLabel=null 
01-08 15:33:31.338  1195  1920 V StorageManagerService:     path=null internalPath=null 
01-08 15:33:31.342   692  2157 D vold    : Waiting for FUSE to spin up...
01-08 15:33:31.361  1195  1774 D ConnectivityService: Got NetworkFactory Messenger for WifiNetworkFactory
01-08 15:33:31.361  1195  1774 D ConnectivityService: Got NetworkFactory Messenger for UntrustedWifiNetworkFactory
01-08 15:33:31.362  1195  1195 V SettingsProvider: Notifying for 0: content://settings/secure/trust_agents_initialized
01-08 15:33:31.366  2417  2417 W sdcard  : Device explicitly disabled sdcardfs
01-08 15:33:31.391  1195  1245 D ActivityManager: Finishing user boot 0
01-08 15:33:31.391  1195  1245 I ActivityManager: User 0 state changed from BOOTING to RUNNING_LOCKED
01-08 15:33:31.392  1195  1245 D StorageManagerService: unlockUserKey: 0
01-08 15:33:31.393  1195  1245 D ActivityManager: Started unlocking user 0
01-08 15:33:31.393  1195  1245 D ActivityManager: Unlocking user 0 progress 0
01-08 15:33:31.393  1195  1245 D ActivityManager: Unlocking user 0 progress 5
01-08 15:33:31.393   692  2157 D vold    : fscrypt_prepare_user_storage for volume null, user 0, serial 0, flags 2
01-08 15:33:31.393   692  2157 D vold    : Preparing: /data/vendor_ce
01-08 15:33:31.394   692  2157 D vold    : Preparing: /data/system_ce/0
01-08 15:33:31.394  1195  1257 I ActivityManager: Start proc 2420:android.ext.services/u0a60 for on-hold
01-08 15:33:31.394   692  2157 D vold    : Preparing: /data/misc_ce/0
01-08 15:33:31.394   692  2157 D vold    : Preparing: /data/vendor_ce/0
01-08 15:33:31.394   692  2157 D vold    : Preparing: /data/media/0
01-08 15:33:31.394   692  2157 D vold    : Preparing: /data/data
01-08 15:33:31.394   692  2157 D vold    : Starting restorecon of /data/system_ce/0
01-08 15:33:31.398  1195  1244 I DropBoxManagerService: add tag=system_server_strictmode isTagEnabled=true flags=0x2
01-08 15:33:31.406  1195  1244 I chatty  : uid=1000(system) android.io identical 5 lines
01-08 15:33:31.408  1195  1244 I DropBoxManagerService: add tag=system_server_strictmode isTagEnabled=true flags=0x2
01-08 15:33:31.410   692  2157 D vold    : Finished restorecon of /data/system_ce/0
01-08 15:33:31.410   692  2157 D vold    : Starting restorecon of /data/vendor_ce/0
01-08 15:33:31.412  1195  1244 I DropBoxManagerService: add tag=system_server_strictmode isTagEnabled=true flags=0x2
01-08 15:33:31.414  1195  1244 I DropBoxManagerService: add tag=system_server_strictmode isTagEnabled=true flags=0x2
01-08 15:33:31.415  1195  1257 I ActivityManager: Start proc 2444:com.android.deskclock/u0a112 for broadcast {com.android.deskclock/com.android.deskclock.AlarmInitReceiver}
01-08 15:33:31.416  1195  1244 I DropBoxManagerService: add tag=system_server_strictmode isTagEnabled=true flags=0x2
01-08 15:33:31.420   692  2157 D vold    : Finished restorecon of /data/vendor_ce/0
01-08 15:33:31.420   692  2157 D vold    : Starting restorecon of /data/misc_ce/0
01-08 15:33:31.428   692  2157 D vold    : Finished restorecon of /data/misc_ce/0
01-08 15:33:31.428   692  2157 D vold    : /system/bin/vold_prepare_subdirs
01-08 15:33:31.428   692  2157 D vold    :     prepare
01-08 15:33:31.428   692  2157 D vold    :     
01-08 15:33:31.428   692  2157 D vold    :     0
01-08 15:33:31.428   692  2157 D vold    :     2
01-08 15:33:31.475  1195  1242 V UserDataPreparer: Found /data/user/0 with serial number 0
01-08 15:33:31.476  1195  1242 V UserDataPreparer: Found /data/system_ce/0 with serial number -1
01-08 15:33:31.476  1195  1242 D UserDataPreparer: Serial number missing on /data/system_ce/0; assuming current is valid
01-08 15:33:31.476  1195  1242 D UserDataPreparer: Setting property: sys.user.0.ce_available=true
01-08 15:33:31.478  1195  1242 V PackageManager: reconcileAppsData for null u0 0x2 migrateAppData=true
01-08 15:33:31.484  1195  1195 V NotificationAssistants: 0 notification assistant service connected: ComponentInfo{android.ext.services/android.ext.services.notification.Assistant}
01-08 15:33:31.488  1195  1195 I ExplicitHealthCheckController: Explicit health check service is connected ComponentInfo{android.ext.services/android.ext.services.watchdog.ExplicitHealthCheckServiceImpl}
01-08 15:33:31.489  1195  1195 I ExplicitHealthCheckController: Service initialized, syncing requests
01-08 15:33:31.489  1195  1195 D PackageWatchdog: Getting all observed packages pending health checks
01-08 15:33:31.489  1195  1195 I PackageWatchdog: Syncing health check requests for packages: {}
01-08 15:33:31.489  1195  1195 D ExplicitHealthCheckController: Getting health check supported packages
01-08 15:33:31.497  1195  1837 I ExplicitHealthCheckController: Explicit health check supported packages [PackageConfig{com.android.networkstack, 3600000}]
01-08 15:33:31.497  1195  1837 D PackageWatchdog: Received supported packages [PackageConfig{com.android.networkstack, 3600000}]
01-08 15:33:31.498  1195  1837 D ExplicitHealthCheckController: Getting health check requested packages
01-08 15:33:31.502  1195  2128 I ExplicitHealthCheckController: Explicit health check requested packages []
01-08 15:33:31.503  1195  2128 I ExplicitHealthCheckController: No more health check requests, unbinding...
01-08 15:33:31.504  1195  2128 I ExplicitHealthCheckController: Explicit health check service is unbound
01-08 15:33:32.607  1195  1242 V PackageManager: reconcileAppsData finished 146 packages
01-08 15:33:32.607  1195  1242 I ActivityManager: User 0 state changed from RUNNING_LOCKED to RUNNING_UNLOCKING
01-08 15:33:32.607  1195  1242 D ActivityManager: Unlocking user 0 progress 20
01-08 15:33:32.607  1195  1242 W Looper  : Slow dispatch took 1213ms android.fg h=android.os.Handler c=com.android.server.am.-$$Lambda$UserController$stQk1028ON105v_u-VMykVjcxLk@a23324a m=0
01-08 15:33:32.607  1195  1242 W Looper  : Slow delivery took 1214ms android.fg h=android.os.Handler c=com.android.server.am.-$$Lambda$UserController$G0WJmqt4X_QG30fRlvXobn18mrE@f603ad8 m=0
01-08 15:33:32.607  1195  1256 I SystemServiceManager: Calling onUnlockUser u0
01-08 15:33:32.608  1195  1242 W Looper  : Drained
01-08 15:33:32.609  1195  1256 I LaunchParamsPersister: Didn't find launch param folder for user 0
01-08 15:33:32.610  1195  1256 D BluetoothManagerService: User 0 unlocked
01-08 15:33:32.610  1195  1244 D BluetoothManagerService: MESSAGE_USER_UNLOCKED
01-08 15:33:32.610  1195  1256 D StorageManagerService: onUnlockUser 0
01-08 15:33:32.611   692  2157 D vold    : Linking /storage/emulated/0 to /mnt/user/0/primary
01-08 15:33:32.616  1195  1255 D PinnerService: pinRangeStream: null
01-08 15:33:32.618  1195  1255 I chatty  : uid=1000(system) android.bg identical 1 line
01-08 15:33:32.619  1195  1255 D PinnerService: pinRangeStream: null
01-08 15:33:32.624  1195  1256 W VoiceInteractionManagerService: no available voice interaction services found for user 0
01-08 15:33:32.624  1195  1256 W VoiceInteractionManagerService: no available voice recognition services found for user 0
01-08 15:33:32.628  1195  1791 I BackupManagerService: Starting service for user: 0
01-08 15:33:32.628  1195  1243 D AutofillUI: destroySaveUiUiThread(): already destroyed
01-08 15:33:32.628  1195  1256 D AutofillManagerServiceImpl: Reset component for user 0:
01-08 15:33:32.630  1195  1256 D FieldClassificationStrategy: reset(): service is not bound. Do nothing.
01-08 15:33:32.633  1195  1256 I ActivityManager: User 0 state changed from RUNNING_UNLOCKING to RUNNING_UNLOCKED
01-08 15:33:32.633  1195  1242 I ActivityTaskManager: Loading recents for user 0 into memory.
01-08 15:33:32.633  1195  1256 D SystemServerTiming: SystemUserUnlock took to complete: 1241ms
01-08 15:33:32.634  1195  1242 E TaskPersister: restoreTasksForUserLocked: Unable to list files from /data/system_ce/0/recent_tasks
01-08 15:33:32.635  1195  1791 V BackupManagerService: Starting with transport com.google.android.gms/.backup.BackupTransportService
01-08 15:33:32.636  1195  1791 D BackupManagerService: Started thread backup-0 for user 0
01-08 15:33:32.648  1195  1256 I PreBootBroadcaster: Pre-boot of {com.android.documentsui/com.android.documentsui.PreBootReceiver} for user 0
01-08 15:33:32.649  1195  1244 I DropBoxManagerService: add tag=system_server_strictmode isTagEnabled=true flags=0x2
01-08 15:33:32.651  1195  1244 I DropBoxManagerService: add tag=system_server_strictmode isTagEnabled=true flags=0x2
01-08 15:33:32.656  1195  1257 I ActivityManager: Start proc 2503:com.android.nfc/1027 for added application com.android.nfc
01-08 15:33:32.657  1195  1195 V SettingsProvider: Notifying for 0: content://settings/secure/selected_spell_checker
01-08 15:33:32.657  1195  1195 V SettingsProvider: Notifying for 0: content://settings/secure/selected_spell_checker_subtype
01-08 15:33:32.658  1195  1195 V SettingsProvider: Notifying for 0: content://settings/secure/input_methods_subtype_history
01-08 15:33:32.658  1195  1195 V SettingsProvider: Notifying for 0: content://settings/secure/selected_input_method_subtype
01-08 15:33:32.658  1195  1195 V SettingsProvider: Notifying for 0: content://settings/secure/default_input_method
01-08 15:33:32.659  1195  1195 V SettingsProvider: Notifying for 0: content://settings/secure/enabled_input_methods
01-08 15:33:32.659  1195  1195 V SettingsProvider: Notifying for 0: content://settings/secure/input_methods_subtype_history
01-08 15:33:32.659  1195  1195 V SettingsProvider: Notifying for 0: content://settings/secure/selected_input_method_subtype
01-08 15:33:32.659  1195  1195 V SettingsProvider: Notifying for 0: content://settings/secure/default_input_method
01-08 15:33:32.661  1195  1195 V NotificationAssistants: disabling notification assistant for user 0: ComponentInfo{android.ext.services/android.ext.services.notification.Assistant}
01-08 15:33:32.661  1195  1195 D NotificationListeners: Removing active service ComponentInfo{android.ext.services/android.ext.services.notification.Assistant}
01-08 15:33:32.664  1195  1791 E BackupPasswordManager: Unable to read backup pw version
01-08 15:33:32.665  1195  1791 E BackupPasswordManager: Unable to read saved backup pw hash
01-08 15:33:32.678  1195  1225 I DropBoxManagerService: add tag=keymaster isTagEnabled=true flags=0x0
01-08 15:33:32.683  1195  1245 I ActivityTaskManager: Config changes=20 {1.0 ?mcc?mnc [en_US] ldltr sw360dp w360dp h568dp 480dpi nrml port finger -keyb/v/h -nav/h winConfig={ mBounds=Rect(0, 0 - 1080, 1920) mAppBounds=Rect(0, 0 - 1080, 1776) mWindowingMode=fullscreen mDisplayWindowingMode=fullscreen mActivityType=undefined mAlwaysOnTop=undefined mRotation=ROTATION_0} s.6}
01-08 15:33:32.722  1195  1245 I ActivityTaskManager: Override config changes=20 {1.0 ?mcc?mnc [en_US] ldltr sw360dp w360dp h568dp 480dpi nrml port finger -keyb/v/h -nav/h winConfig={ mBounds=Rect(0, 0 - 1080, 1920) mAppBounds=Rect(0, 0 - 1080, 1776) mWindowingMode=fullscreen mDisplayWindowingMode=fullscreen mActivityType=undefined mAlwaysOnTop=undefined mRotation=ROTATION_0} s.6} for displayId=0
01-08 15:33:32.761  1195  1355 D StorageManagerService: Volume emulated broadcasting mounted to UserHandle{0}
01-08 15:33:32.774  1195  1243 W Looper  : Slow dispatch took 115ms android.ui h=com.android.server.policy.PhoneWindowManager$PolicyHandler c=android.database.ContentObserver$NotificationRunnable@ea334e3 m=0
01-08 15:33:32.778  1195  1195 V NotificationAssistants: enabling notification assistant for 0: ComponentInfo{android.ext.services/android.ext.services.notification.Assistant}
01-08 15:33:32.778  1195  1195 V NotificationAssistants: binding: Intent { act=android.service.notification.NotificationAssistantService cmp=android.ext.services/.notification.Assistant (has extras) }
01-08 15:33:32.785  1195  1195 V NotificationListeners: enabling notification listener for 0: ComponentInfo{com.android.launcher3/com.android.launcher3.notification.NotificationListener}
01-08 15:33:32.786  1195  1195 V NotificationListeners: binding: Intent { act=android.service.notification.NotificationListenerService cmp=com.android.launcher3/.notification.NotificationListener (has extras) }
01-08 15:33:32.788  1195  2132 W ActivityManager: Slow operation: 144ms so far, now at startProcess: done updating battery stats
01-08 15:33:32.788  1195  2132 W ActivityManager: Slow operation: 145ms so far, now at startProcess: building log message
01-08 15:33:32.788  1195  2132 I ActivityManager: Start proc 2517:com.android.se/1068 for added application com.android.se
01-08 15:33:32.788  1195  2132 W ActivityManager: Slow operation: 145ms so far, now at startProcess: starting to update pids map
01-08 15:33:32.788  1195  2132 W ActivityManager: Slow operation: 145ms so far, now at startProcess: done updating pids map
01-08 15:33:32.794  1195  1257 W ActivityManager: Slow operation: 150ms so far, now at startProcess: asking zygote to start proc
01-08 15:33:32.796  1195  1195 W Looper  : Slow dispatch took 135ms main h=android.app.ActivityThread$H c=android.app.-$$Lambda$LoadedApk$ReceiverDispatcher$Args$_BumDX2UKsnxLVrE6UJsJZkotuA@f64be22 m=0
01-08 15:33:32.821  1195  1257 W ActivityManager: Slow operation: 177ms so far, now at startProcess: returned from zygote!
01-08 15:33:32.822  1195  1791 V BackupManagerService: No ancestral data
01-08 15:33:32.822  1195  1257 W ActivityManager: Slow operation: 178ms so far, now at startProcess: done updating battery stats
01-08 15:33:32.822  1195  1257 W ActivityManager: Slow operation: 178ms so far, now at startProcess: building log message
01-08 15:33:32.822  1195  1257 I ActivityManager: Start proc 2561:com.android.ims.rcsservice/1001 for added application com.android.ims.rcsservice
01-08 15:33:32.822  1195  1257 W ActivityManager: Slow operation: 178ms so far, now at startProcess: starting to update pids map
01-08 15:33:32.822  1195  1257 W ActivityManager: Slow operation: 178ms so far, now at startProcess: done updating pids map
01-08 15:33:32.837  1195  1837 W ActivityTaskManager: Finishing task with all activities already finished
01-08 15:33:32.837  1195  1837 W ActivityTaskManager: Duplicate finish request for ActivityRecord{c774504 u0 com.android.settings/.FallbackHome t2 f}
01-08 15:33:32.844  1195  1837 I ActivityTaskManager: START u0 {act=android.intent.action.MAIN cat=[android.intent.category.HOME] flg=0x10000100 cmp=com.android.provision/.DefaultActivity} from uid 0
01-08 15:33:32.851  1195  1257 W ActivityManager: Slow operation: 58ms so far, now at startProcess: returned from zygote!
01-08 15:33:32.852  1195  2500 V BackupManagerConstants: getKeyValueBackupIntervalMilliseconds(...) returns 14400000
01-08 15:33:32.852  1195  2500 V BackupManagerConstants: getKeyValueBackupFuzzMilliseconds(...) returns 600000
01-08 15:33:32.852  1195  2500 V BackupManagerConstants: getKeyValueBackupRequiredNetworkType(...) returns 1
01-08 15:33:32.852  1195  2500 V BackupManagerConstants: getKeyValueBackupRequireCharging(...) returns true
01-08 15:33:32.852  1195  2500 V KeyValueBackupJob: Scheduling k/v pass in 248 minutes
01-08 15:33:32.869  1195  1257 W ActivityManager: Slow operation: 76ms so far, now at startProcess: done updating battery stats
01-08 15:33:32.869  1195  1257 W ActivityManager: Slow operation: 77ms so far, now at startProcess: building log message
01-08 15:33:32.869  1195  1257 I ActivityManager: Start proc 2570:com.android.printspooler/u0a76 for service {com.android.printspooler/com.android.printspooler.model.PrintSpoolerService}
01-08 15:33:32.869  1195  1257 W ActivityManager: Slow operation: 77ms so far, now at startProcess: starting to update pids map
01-08 15:33:32.870  1195  1257 W ActivityManager: Slow operation: 77ms so far, now at startProcess: done updating pids map
01-08 15:33:32.870  1195  1257 W ActivityManager: Slow operation: 74ms so far, now at startProcess: asking zygote to start proc
01-08 15:33:32.875  1195  1195 W Looper  : Slow delivery took 225ms main h=com.android.server.notification.NotificationManagerService$WorkerHandler c=com.android.server.notification.NotificationManagerService$CancelNotificationRunnable@d3c292 m=0
01-08 15:33:32.879  1195  1811 I SyncManager: Loaded persisted syncs: 0 periodic syncs, 0 oneshot syncs, 11 total system server jobs, JobStats: FirstLoad: 0/0/0 LastSave: -1/-1/-1
01-08 15:33:32.882  1195  1791 I BackupManagerService: isBackupEnabled() => false due to absent settings file
01-08 15:33:32.883  1195  1791 I BackupManagerService: Backup enabled => false
01-08 15:33:32.888  1195  1257 W ActivityManager: Slow operation: 93ms so far, now at startProcess: returned from zygote!
01-08 15:33:32.892  1195  1257 W ActivityManager: Slow operation: 96ms so far, now at startProcess: done updating battery stats
01-08 15:33:32.892  1195  1257 W ActivityManager: Slow operation: 96ms so far, now at startProcess: building log message
01-08 15:33:32.892  1195  1257 I ActivityManager: Start proc 2604:com.android.launcher3/u0a95 for service {com.android.launcher3/com.android.launcher3.notification.NotificationListener}
01-08 15:33:32.892  1195  1257 W ActivityManager: Slow operation: 97ms so far, now at startProcess: starting to update pids map
01-08 15:33:32.892  1195  1257 W ActivityManager: Slow operation: 97ms so far, now at startProcess: done updating pids map
01-08 15:33:32.892  1195  1257 W ActivityManager: Slow operation: 58ms so far, now at startProcess: asking zygote to start proc
01-08 15:33:32.895  1195  2500 V BackupManagerConstants: getKeyValueBackupIntervalMilliseconds(...) returns 14400000
01-08 15:33:32.896  1195  2500 V BackupManagerConstants: getKeyValueBackupFuzzMilliseconds(...) returns 600000
01-08 15:33:32.896  1195  2500 V BackupManagerConstants: getKeyValueBackupRequiredNetworkType(...) returns 1
01-08 15:33:32.896  1195  2500 V BackupManagerConstants: getKeyValueBackupRequireCharging(...) returns true
01-08 15:33:32.896  1195  2500 V KeyValueBackupJob: Scheduling k/v pass in 246 minutes
01-08 15:33:32.903  1195  1195 V NotificationAssistants: 0 notification assistant service connected: ComponentInfo{android.ext.services/android.ext.services.notification.Assistant}
01-08 15:33:32.908  1195  1257 W ActivityManager: Slow operation: 74ms so far, now at startProcess: returned from zygote!
01-08 15:33:32.909  1195  1257 W ActivityManager: Slow operation: 74ms so far, now at startProcess: done updating battery stats
01-08 15:33:32.909  1195  1257 W ActivityManager: Slow operation: 74ms so far, now at startProcess: building log message
01-08 15:33:32.909  1195  1257 I ActivityManager: Start proc 2619:com.android.music/u0a105 for service {com.android.music/com.android.music.MediaPlaybackService}
01-08 15:33:32.909  1195  1257 W ActivityManager: Slow operation: 74ms so far, now at startProcess: starting to update pids map
01-08 15:33:32.909  1195  1257 W ActivityManager: Slow operation: 74ms so far, now at startProcess: done updating pids map
01-08 15:33:32.910  1195  1195 V SettingsProvider: Notifying for 0: content://settings/system/user_rotation
01-08 15:33:32.912  1195  1195 W Looper  : Drained
01-08 15:33:32.926  1195  1257 W ActivityManager: Slow operation: 56ms so far, now at startProcess: returned from zygote!
01-08 15:33:32.927  1195  1257 W ActivityManager: Slow operation: 56ms so far, now at startProcess: done updating battery stats
01-08 15:33:32.927  1195  1257 W ActivityManager: Slow operation: 57ms so far, now at startProcess: building log message
01-08 15:33:32.927  1195  1257 I ActivityManager: Start proc 2632:com.android.provision/u0a92 for activity {com.android.provision/com.android.provision.DefaultActivity}
01-08 15:33:32.927  1195  1257 W ActivityManager: Slow operation: 57ms so far, now at startProcess: starting to update pids map
01-08 15:33:32.927  1195  1257 W ActivityManager: Slow operation: 57ms so far, now at startProcess: done updating pids map
01-08 15:33:32.985  1195  1246 I WindowManager: Screen frozen for +259ms due to Window{cdaba86 u0 NavigationBar0}
01-08 15:33:32.993  1195  1257 I ActivityManager: Start proc 2672:com.android.keychain/1000 for service {com.android.keychain/com.android.keychain.KeyChainService}
01-08 15:33:33.015  1195  1195 V NotificationListeners: 0 notification listener service connected: ComponentInfo{com.android.launcher3/com.android.launcher3.notification.NotificationListener}
01-08 15:33:33.021  1195  1837 D PackageManager: Instant App installer not found with android.intent.action.INSTALL_INSTANT_APP_PACKAGE
01-08 15:33:33.021  1195  1837 D PackageManager: Clear ephemeral installer activity
01-08 15:33:33.038  1195  2128 D PackageManager: Instant App installer not found with android.intent.action.INSTALL_INSTANT_APP_PACKAGE
01-08 15:33:33.038  1195  2128 D PackageManager: Clear ephemeral installer activity
01-08 15:33:33.043  1195  1195 I LockSettingsService: Reporting device setup complete to IGateKeeperService
01-08 15:33:33.070  1195  2132 I ActivityTaskManager: START u0 {act=android.intent.action.MAIN cat=[android.intent.category.HOME] flg=0x10000100 cmp=com.android.launcher3/.Launcher} from uid 0
01-08 15:33:33.096  1195  1195 V SettingsProvider: Notifying for 0: content://settings/global/device_provisioned
01-08 15:33:33.098  1195  1245 D ColorDisplayService: setUp: currentUser=0
01-08 15:33:33.098  1195  1195 V SettingsProvider: Notifying for 0: content://settings/secure/user_setup_complete
01-08 15:33:33.101  1195  1245 D ColorDisplayService: onNightDisplayAutoModeChanged: autoMode=0
01-08 15:33:33.101  1195  1245 I ColorDisplayService: Turning off night display
01-08 15:33:33.102  1195  1195 I DevicePolicyManager: Set ro.device_owner property to false
01-08 15:33:33.149  1195  1255 D PinnerService: pinRangeStream: null
01-08 15:33:33.157  1195  1255 I chatty  : uid=1000(system) android.bg identical 1 line
01-08 15:33:33.158  1195  1255 D PinnerService: pinRangeStream: null
01-08 15:33:33.160  1195  1243 D AutofillUI: destroySaveUiUiThread(): already destroyed
01-08 15:33:33.160  1195  1255 D AutofillManagerServiceImpl: Reset component for user 0:
01-08 15:33:33.160  1195  1243 D AutofillUI: destroySaveUiUiThread(): already destroyed
01-08 15:33:33.160  1195  1255 D AutofillManagerServiceImpl: Reset component for user 0:
01-08 15:33:33.160  1195  1255 D FieldClassificationStrategy: reset(): service is not bound. Do nothing.
01-08 15:33:33.217  1195  2553 W AppWidgetServiceImpl: Failed to read state: java.io.FileNotFoundException: /data/system/users/0/appwidgets.xml: open failed: ENOENT (No such file or directory)
01-08 15:33:33.217  1195  2553 V AppWidgetServiceImpl: Upgrading widget database from 0 to 1
01-08 15:33:34.084  1195  1244 I DropBoxManagerService: add tag=system_app_strictmode isTagEnabled=true flags=0x2
01-08 15:33:34.093  1195  1244 I chatty  : uid=1000(system) android.io identical 3 lines
01-08 15:33:34.095  1195  1244 I DropBoxManagerService: add tag=system_app_strictmode isTagEnabled=true flags=0x2
01-08 15:33:34.583  1195  1195 V SettingsProvider: Notifying for 0: content://settings/global/sysui_demo_allowed
01-08 15:33:34.586  1195  2128 I DropBoxManagerService: add tag=system_server_wtf isTagEnabled=true flags=0x2
01-08 15:33:34.592  1195  2128 I DropBoxManagerService: add tag=system_server_wtf isTagEnabled=true flags=0x2
01-08 15:33:34.601  1195  1195 V SettingsProvider: Notifying for 0: content://settings/secure/sysui_volume_up_silent
01-08 15:33:34.607  1195  1195 V SettingsProvider: Notifying for 0: content://settings/secure/accessibility_display_inversion_enabled
01-08 15:33:34.610  1195  1195 V SettingsProvider: Notifying for 0: content://settings/secure/notification_dismiss_rtl
01-08 15:33:34.616  1195  1195 V SettingsProvider: Notifying for 0: content://settings/secure/keyguard_slice_uri
01-08 15:33:34.620  1195  1195 V SettingsProvider: Notifying for 0: content://settings/secure/sysui_qs_fancy_anim
01-08 15:33:34.622  1195  1195 V SettingsProvider: Notifying for 0: content://settings/secure/sysui_do_not_disturb
01-08 15:33:34.623  1195  1195 V SettingsProvider: Notifying for 0: content://settings/secure/show_media_when_bypassing
01-08 15:33:34.624  1195  1195 V SettingsProvider: Notifying for 0: content://settings/secure/clock_seconds
01-08 15:33:34.625  1195  1195 V SettingsProvider: Notifying for 0: content://settings/secure/sysui_qqs_count
01-08 15:33:34.628  1195  1195 V SettingsProvider: Notifying for 0: content://settings/secure/doze_tap_gesture
01-08 15:33:34.632  1195  1195 V SettingsProvider: Notifying for 0: content://settings/secure/sysui_qs_move_whole_rows
01-08 15:33:34.633  1195  1195 V SettingsProvider: Notifying for 0: content://settings/secure/sysui_volume_down_silent
01-08 15:33:34.634  1195  1195 V SettingsProvider: Notifying for 0: content://settings/secure/sysui_keyguard_right
01-08 15:33:34.635  1195  1195 V SettingsProvider: Notifying for 0: content://settings/secure/sysui_keyguard_left
01-08 15:33:34.636  1195  1195 V SettingsProvider: Notifying for 0: content://settings/secure/sysui_rounded_content_padding
01-08 15:33:34.636  1195  1195 V SettingsProvider: Notifying for 0: content://settings/secure/icon_blacklist
01-08 15:33:34.637  1195  1195 V SettingsProvider: Notifying for 0: content://settings/secure/qs_show_brightness
01-08 15:33:34.637  1195  1195 V SettingsProvider: Notifying for 0: content://settings/secure/high_priority
01-08 15:33:34.638  1195  1195 V SettingsProvider: Notifying for 0: content://settings/secure/doze_pulse_on_double_tap
01-08 15:33:34.822  1195  1257 I ActivityManager: Start proc 2750:android.process.acore/u0a44 for content provider {com.android.providers.contacts/com.android.providers.contacts.ContactsProvider2}
01-08 15:33:34.936  1195  2128 D CountryDetector: The first listener is added
01-08 15:33:34.941  2750  2750 D ActivityThread: Loading provider contacts;com.android.contacts: com.android.providers.contacts.ContactsProvider2
01-08 15:33:35.732  1195  2497 E TaskPersister: File error accessing recents directory (directory doesn't exist?).
01-08 15:33:35.739  1195  2497 E TaskPersister: File error accessing recents directory (directory doesn't exist?).
01-08 15:33:35.868  1195  1257 I ActivityManager: Start proc 2796:com.android.localtransport/1000 for service {com.android.localtransport/com.android.localtransport.LocalTransportService}
01-08 15:33:35.938  1195  1195 I TransportClient: LocalTransportService#0: Notifying [TransportManager.registerTransport()] transport = IBackupTransport
01-08 15:33:35.942  1195  2500 D BackupTransportManager: Transport com.android.localtransport/.LocalTransportService registered
01-08 15:33:35.942  1195  2500 D BackupManagerService: Transport com.android.localtransport/.LocalTransport registered 3122ms after first request (delay = 3000ms)
01-08 15:33:36.132  1195  1245 D ColorDisplayService: NightDisplayTintController Animation cancelled: false to matrix: 
01-08 15:33:36.132  1195  1245 D ColorDisplayService:        1.000000 0.000000 0.000000 0.000000 0.000000 1.000000 0.000000 0.000000 0.000000 0.000000 1.000000 0.000000 0.000000 0.000000 0.000000 1.000000
01-08 15:33:36.158  2820  2820 F linker  : CANNOT LINK EXECUTABLE "/vendor/bin/mm-qcamera-daemon": library "libandroidfw.so" not found
01-08 15:33:39.236  1195  1195 I RoleManagerService: Granting default permissions...
01-08 15:33:39.292  1195  1195 I Telecom : DefaultDialerCache: Refreshing default dialer for user 0: now com.android.dialer: DDC.oR@AAg
01-08 15:33:39.298  1195  1255 W VoiceInteractionManagerService: no available voice interaction services found for user 0
01-08 15:33:39.298  1195  1195 I RoleManagerService: Granting default permissions...
01-08 15:33:39.303  1195  1255 W VoiceInteractionManagerService: no available voice interaction services found for user 0
01-08 15:33:39.310  1195  1195 I Telecom : DefaultDialerCache: Refreshing default dialer for user 0: now com.android.dialer: DDC.oR@AAk
01-08 15:33:39.314  1195  1195 I RoleManagerService: Granting default permissions...
01-08 15:33:39.323  1195  1255 W VoiceInteractionManagerService: no available voice interaction services found for user 0
01-08 15:33:39.327  1195  1195 I Telecom : DefaultDialerCache: Refreshing default dialer for user 0: now com.android.dialer: DDC.oR@AAo
01-08 15:33:39.337  1195  1195 I RoleManagerService: Granting default permissions...
01-08 15:33:39.342  1195  1255 W VoiceInteractionManagerService: no available voice interaction services found for user 0
01-08 15:33:39.348  1195  1195 I Telecom : DefaultDialerCache: Refreshing default dialer for user 0: now com.android.dialer: DDC.oR@AAs
01-08 15:33:39.353  1195  1195 I RoleManagerService: Granting default permissions...
01-08 15:33:39.354  1195  1255 W VoiceInteractionManagerService: no available voice interaction services found for user 0
01-08 15:33:39.357  1195  1195 I Telecom : DefaultDialerCache: Refreshing default dialer for user 0: now com.android.dialer: DDC.oR@AAw
01-08 15:33:39.398  1195  1195 I Telecom : PhoneAccountRegistrar: getSimCallManager: SimCallManager for subId -1 queried, returning: null: TSI.gSCMFU@AA0
01-08 15:33:39.404  1195  1195 I Telecom : PhoneAccountRegistrar: getSimCallManager: SimCallManager for subId -1 queried, returning: null: TSI.gSCMFU@AA4
01-08 15:33:39.647  1195  1255 I RoleUserState: Wrote roles.xml successfully
01-08 15:33:41.105  1195  1837 I ActivityTaskManager: START u0 {act=android.intent.action.MAIN cat=[android.intent.category.LAUNCHER] flg=0x10200000 cmp=com.android.settings/.Settings bnds=[789,914][1039,1242]} from uid 10095
01-08 15:33:41.156  2846  2846 F linker  : CANNOT LINK EXECUTABLE "/vendor/bin/mm-qcamera-daemon": library "libandroidfw.so" not found
01-08 15:33:41.524  1195  1260 E BatteryExternalStatsWorker: no controller energy info supplied for bluetooth
01-08 15:33:41.524  1195  1260 E BatteryExternalStatsWorker: no controller energy info supplied for telephony
01-08 15:33:41.531  1195  1260 W KernelCpuProcStringReader: File not found. It's normal if not implemented: /proc/uid_concurrent_active_time
01-08 15:33:41.531  1195  1260 W KernelCpuProcStringReader: File not found. It's normal if not implemented: /proc/uid_concurrent_policy_time
01-08 15:33:41.539  1195  1257 I ActivityManager: Start proc 2863:com.android.settings.intelligence/u0a93 for service {com.android.settings.intelligence/com.android.settings.intelligence.suggestions.SuggestionService}
01-08 15:33:41.544  1195  1260 E BatteryExternalStatsWorker: no controller energy info supplied for bluetooth
01-08 15:33:41.544  1195  1260 E BatteryExternalStatsWorker: no controller energy info supplied for telephony
01-08 15:33:41.671  1195  1260 E BatteryExternalStatsWorker: no controller energy info supplied for bluetooth
01-08 15:33:41.671  1195  1260 E BatteryExternalStatsWorker: no controller energy info supplied for telephony
01-08 15:33:42.136  1195  1195 V SettingsProvider: Notifying for 0: content://settings/secure/zen_settings_updated
01-08 15:33:44.710  1195  2497 E TaskPersister: File error accessing recents directory (directory doesn't exist?).
01-08 15:33:46.165  2906  2906 F linker  : CANNOT LINK EXECUTABLE "/vendor/bin/mm-qcamera-daemon": library "libandroidfw.so" not found
01-08 15:33:47.103  1195  2553 I ActivityTaskManager: START u0 {act=android.intent.action.MAIN cmp=com.android.settings/.SubSettings (has extras)} from uid 1000
01-08 15:33:47.256  1195  2553 D ConnectivityService: requestNetwork for uid/pid:1000/2236 NetworkRequest [ TRACK_DEFAULT id=14, [ Capabilities: INTERNET&NOT_RESTRICTED&TRUSTED Uid: 1000] ]
01-08 15:33:47.280  1195  2089 D PackageManager: Instant App installer not found with android.intent.action.INSTALL_INSTANT_APP_PACKAGE
01-08 15:33:47.281  1195  2089 D PackageManager: Clear ephemeral installer activity
01-08 15:33:47.282  1195  2089 D PackageManager: Instant App installer not found with android.intent.action.INSTALL_INSTANT_APP_PACKAGE
01-08 15:33:47.282  1195  2089 D PackageManager: Clear ephemeral installer activity
